Component: ARM Compiler 5.05 update 1 (build 106) Tool: armlink [4d0efa]

==============================================================================

Section Cross References

    startup_stm32l051xx.o(RESET) refers to startup_stm32l051xx.o(STACK) for __initial_sp
    startup_stm32l051xx.o(RESET) refers to startup_stm32l051xx.o(.text) for Reset_Handler
    startup_stm32l051xx.o(RESET) refers to stm32l0xx_it.o(i.NMI_Handler) for NMI_Handler
    startup_stm32l051xx.o(RESET) refers to stm32l0xx_it.o(i.HardFault_Handler) for HardFault_Handler
    startup_stm32l051xx.o(RESET) refers to stm32l0xx_it.o(i.SVC_Handler) for SVC_Handler
    startup_stm32l051xx.o(RESET) refers to stm32l0xx_it.o(i.PendSV_Handler) for PendSV_Handler
    startup_stm32l051xx.o(RESET) refers to globalvar.o(i.SysTick_Handler) for SysTick_Handler
    startup_stm32l051xx.o(RESET) refers to rtc_alarm.o(i.RTC_IRQHandler) for RTC_IRQHandler
    startup_stm32l051xx.o(RESET) refers to stm32l0xx_it.o(i.EXTI0_1_IRQHandler) for EXTI0_1_IRQHandler
    startup_stm32l051xx.o(RESET) refers to stm32l0xx_it.o(i.EXTI2_3_IRQHandler) for EXTI2_3_IRQHandler
    startup_stm32l051xx.o(RESET) refers to stm32l0xx_it.o(i.EXTI4_15_IRQHandler) for EXTI4_15_IRQHandler
    startup_stm32l051xx.o(RESET) refers to usart.o(i.USART1_IRQHandler) for USART1_IRQHandler
    startup_stm32l051xx.o(RESET) refers to usart.o(i.USART2_IRQHandler) for USART2_IRQHandler
    startup_stm32l051xx.o(.text) refers to system_stm32l0xx.o(i.SystemInit) for SystemInit
    startup_stm32l051xx.o(.text) refers to entry.o(.ARM.Collect$$$$00000000) for __main
    main.o(i.HAL_GPIO_EXTI_Callback) refers to sx1276.o(i.SX1278_Interupt) for SX1278_Interupt
    main.o(i.HAL_GPIO_EXTI_Callback) refers to stm32l0xx_hal_cortex.o(i.HAL_NVIC_EnableIRQ) for HAL_NVIC_EnableIRQ
    main.o(i.HAL_GPIO_EXTI_Callback) refers to main.o(i.update_sysIdle_tick) for update_sysIdle_tick
    main.o(i.HAL_GPIO_EXTI_Callback) refers to finger.o(.data) for finger_fsm
    main.o(i.HAL_UART_RxCpltCallback) refers to globalvar.o(i.local_ticktime) for local_ticktime
    main.o(i.HAL_UART_RxCpltCallback) refers to main.o(i.update_sysIdle_tick) for update_sysIdle_tick
    main.o(i.HAL_UART_RxCpltCallback) refers to usart.o(.data) for usart2_rx_flag
    main.o(i.SystemClock_Config) refers to stm32l0xx_hal_rcc.o(i.HAL_RCC_OscConfig) for HAL_RCC_OscConfig
    main.o(i.SystemClock_Config) refers to stm32l0xx_hal_rcc.o(i.HAL_RCC_ClockConfig) for HAL_RCC_ClockConfig
    main.o(i.SystemClock_Config) refers to stm32l0xx_hal_rcc_ex.o(i.HAL_RCCEx_PeriphCLKConfig) for HAL_RCCEx_PeriphCLKConfig
    main.o(i.SystemClock_Config) refers to stm32l0xx_hal_rcc.o(i.HAL_RCC_GetHCLKFreq) for HAL_RCC_GetHCLKFreq
    main.o(i.SystemClock_Config) refers to uidiv.o(.text) for __aeabi_uidivmod
    main.o(i.SystemClock_Config) refers to stm32l0xx_hal_cortex.o(i.HAL_SYSTICK_Config) for HAL_SYSTICK_Config
    main.o(i.SystemClock_Config) refers to stm32l0xx_hal_cortex.o(i.HAL_SYSTICK_CLKSourceConfig) for HAL_SYSTICK_CLKSourceConfig
    main.o(i.SystemClock_Config) refers to stm32l0xx_hal_cortex.o(i.HAL_NVIC_SetPriority) for HAL_NVIC_SetPriority
    main.o(i.copy_data_to_lora_txBuf) refers to memseta.o(.text) for __aeabi_memclr4
    main.o(i.copy_data_to_lora_txBuf) refers to lora_com.o(i.write_datas_to_txBuf) for write_datas_to_txBuf
    main.o(i.copy_data_to_lora_txBuf) refers to main.o(.constdata) for .constdata
    main.o(i.copy_data_to_lora_txBuf) refers to lock.o(.data) for lockUnit
    main.o(i.copy_data_to_lora_txBuf) refers to lora_com.o(.bss) for lora_txBuf
    main.o(i.enter_sleep) refers to memseta.o(.text) for __aeabi_memclr4
    main.o(i.enter_sleep) refers to stm32l0xx_hal_rcc.o(i.HAL_RCC_DeInit) for HAL_RCC_DeInit
    main.o(i.enter_sleep) refers to stm32l0xx_hal_spi.o(i.HAL_SPI_DeInit) for HAL_SPI_DeInit
    main.o(i.enter_sleep) refers to led.o(i.LED_OFF) for LED_OFF
    main.o(i.enter_sleep) refers to lowpower.o(i.powerOff_LoRa) for powerOff_LoRa
    main.o(i.enter_sleep) refers to lowpower.o(i.powerOff_finger) for powerOff_finger
    main.o(i.enter_sleep) refers to lowpower.o(i.gpio_reInit_before_stop) for gpio_reInit_before_stop
    main.o(i.enter_sleep) refers to lock.o(i.usart2_rx_enbale_int) for usart2_rx_enbale_int
    main.o(i.enter_sleep) refers to finger.o(i.init_finger_touch_int) for init_finger_touch_int
    main.o(i.enter_sleep) refers to lowpower.o(i.enter_StopMode) for enter_StopMode
    main.o(i.enter_sleep) refers to main.o(i.initDrivers) for initDrivers
    main.o(i.enter_sleep) refers to main.o(i.init_para_variables) for init_para_variables
    main.o(i.enter_sleep) refers to main.o(i.update_sysIdle_tick) for update_sysIdle_tick
    main.o(i.enter_sleep) refers to process.o(i.isEmptyRecord) for isEmptyRecord
    main.o(i.enter_sleep) refers to memmovea.o(.text) for __aeabi_memcpy
    main.o(i.enter_sleep) refers to main.o(i.sendToServer) for sendToServer
[...]
    ../clib/microlib/init/entry.s            0x00000000   Number         0  entry9b.o ABSOLUTE
    ../clib/microlib/init/entry.s            0x00000000   Number         0  entry10a.o ABSOLUTE
    ../clib/microlib/init/entry.s            0x00000000   Number         0  entry2.o ABSOLUTE
    ../clib/microlib/init/entry.s            0x00000000   Number         0  entry10b.o ABSOLUTE
    ../clib/microlib/init/entry.s            0x00000000   Number         0  entry11a.o ABSOLUTE
    ../clib/microlib/init/entry.s            0x00000000   Number         0  entry8b.o ABSOLUTE
    ../clib/microlib/init/entry.s            0x00000000   Number         0  entry11b.o ABSOLUTE
    ../clib/microlib/init/entry.s            0x00000000   Number         0  entry.o ABSOLUTE
    ../clib/microlib/init/entry.s            0x00000000   Number         0  entry7a.o ABSOLUTE
    ../clib/microlib/longlong.c              0x00000000   Number         0  llshl.o ABSOLUTE
    ../clib/microlib/longlong.c              0x00000000   Number         0  llushr.o ABSOLUTE
    ../clib/microlib/string/memcpy.c         0x00000000   Number         0  memcpya.o ABSOLUTE
    ../clib/microlib/string/memcpy.c         0x00000000   Number         0  memmoveb.o ABSOLUTE
    ../clib/microlib/string/memcpy.c         0x00000000   Number         0  memcpyb.o ABSOLUTE
    ../clib/microlib/string/memcpy.c         0x00000000   Number         0  memmovea.o ABSOLUTE
    ../clib/microlib/string/memset.c         0x00000000   Number         0  memseta.o ABSOLUTE
    app\\src\\GlobalVar.c                    0x00000000   Number         0  globalvar.o ABSOLUTE
    app\src\GlobalVar.c                      0x00000000   Number         0  globalvar.o ABSOLUTE
    app\src\schd.c                           0x00000000   Number         0  schd.o ABSOLUTE
    dc.s                                     0x00000000   Number         0  dc.o ABSOLUTE
    drivers\\src\\SPI.c                      0x00000000   Number         0  spi.o ABSOLUTE
    drivers\\src\\SX1276.C                   0x00000000   Number         0  sx1276.o ABSOLUTE
    drivers\\src\\delay.c                    0x00000000   Number         0  delay.o ABSOLUTE
    drivers\\src\\finger.c                   0x00000000   Number         0  finger.o ABSOLUTE
    drivers\\src\\led.c                      0x00000000   Number         0  led.o ABSOLUTE
    drivers\\src\\lowpower.c                 0x00000000   Number         0  lowpower.o ABSOLUTE
    drivers\\src\\rtc_alarm.c                0x00000000   Number         0  rtc_alarm.o ABSOLUTE
    drivers\\src\\usart.c                    0x00000000   Number         0  usart.o ABSOLUTE
    drivers\src\SPI.c                        0x00000000   Number         0  spi.o ABSOLUTE
    drivers\src\SX1276.C                     0x00000000   Number         0  sx1276.o ABSOLUTE
    drivers\src\delay.c                      0x00000000   Number         0  delay.o ABSOLUTE
    drivers\src\finger.c                     0x00000000   Number         0  finger.o ABSOLUTE
    drivers\src\led.c                        0x00000000   Number         0  led.o ABSOLUTE
    drivers\src\lowpower.c                   0x00000000   Number         0  lowpower.o ABSOLUTE
    drivers\src\rtc_alarm.c                  0x00000000   Number         0  rtc_alarm.o ABSOLUTE
    drivers\src\usart.c                      0x00000000   Number         0  usart.o ABSOLUTE
    handlers.s                               0x00000000   Number         0  handlers.o ABSOLUTE
    init.s                                   0x00000000   Number         0  init.o ABSOLUTE
    library\CMSIS\startup_stm32l051xx.s      0x00000000   Number         0  startup_stm32l051xx.o ABSOLUTE
    library\CMSIS\system_stm32l0xx.c         0x00000000   Number         0  system_stm32l0xx.o ABSOLUTE
    library\Src\stm32l0xx_hal.c              0x00000000   Number         0  stm32l0xx_hal.o ABSOLUTE
    library\Src\stm32l0xx_hal_cortex.c       0x00000000   Number         0  stm32l0xx_hal_cortex.o ABSOLUTE
    library\Src\stm32l0xx_hal_dma.c          0x00000000   Number         0  stm32l0xx_hal_dma.o ABSOLUTE
    library\Src\stm32l0xx_hal_gpio.c         0x00000000   Number         0  stm32l0xx_hal_gpio.o ABSOLUTE
    library\Src\stm32l0xx_hal_iwdg.c         0x00000000   Number         0  stm32l0xx_hal_iwdg.o ABSOLUTE
    library\Src\stm32l0xx_hal_pwr.c          0x00000000   Number         0  stm32l0xx_hal_pwr.o ABSOLUTE
    library\Src\stm32l0xx_hal_rcc.c          0x00000000   Number         0  stm32l0xx_hal_rcc.o ABSOLUTE
    library\Src\stm32l0xx_hal_rcc_ex.c       0x00000000   Number         0  stm32l0xx_hal_rcc_ex.o ABSOLUTE
    library\Src\stm32l0xx_hal_rtc.c          0x00000000   Number         0  stm32l0xx_hal_rtc.o ABSOLUTE
    library\Src\stm32l0xx_hal_rtc_ex.c       0x00000000   Number         0  stm32l0xx_hal_rtc_ex.o ABSOLUTE
    library\Src\stm32l0xx_hal_spi.c          0x00000000   Number         0  stm32l0xx_hal_spi.o ABSOLUTE
    library\Src\stm32l0xx_hal_uart.c         0x00000000   Number         0  stm32l0xx_hal_uart.o ABSOLUTE
    library\Src\stm32l0xx_hal_uart_ex.c      0x00000000   Number         0  stm32l0xx_hal_uart_ex.o ABSOLUTE
    library\\CMSIS\\system_stm32l0xx.c       0x00000000   Number         0  system_stm32l0xx.o ABSOLUTE
    library\\Src\\stm32l0xx_hal.c            0x00000000   Number         0  stm32l0xx_hal.o ABSOLUTE
    library\\Src\\stm32l0xx_hal_cortex.c     0x00000000   Number         0  stm32l0xx_hal_cortex.o ABSOLUTE
    library\\Src\\stm32l0xx_hal_dma.c        0x00000000   Number         0  stm32l0xx_hal_dma.o ABSOLUTE
    library\\Src\\stm32l0xx_hal_gpio.c       0x00000000   Number         0  stm32l0xx_hal_gpio.o ABSOLUTE
    library\\Src\\stm32l0xx_hal_iwdg.c       0x00000000   Number         0  stm32l0xx_hal_iwdg.o ABSOLUTE
    library\\Src\\stm32l0xx_hal_pwr.c        0x00000000   Number         0  stm32l0xx_hal_pwr.o ABSOLUTE
    library\\Src\\stm32l0xx_hal_rcc.c        0x00000000   Number         0  stm32l0xx_hal_rcc.o ABSOLUTE
    library\\Src\\stm32l0xx_hal_rcc_ex.c     0x00000000   Number         0  stm32l0xx_hal_rcc_ex.o ABSOLUTE
    library\\Src\\stm32l0xx_hal_rtc.c        0x00000000   Number         0  stm32l0xx_hal_rtc.o ABSOLUTE
    library\\Src\\stm32l0xx_hal_rtc_ex.c     0x00000000   Number         0  stm32l0xx_hal_rtc_ex.o ABSOLUTE
    library\\Src\\stm32l0xx_hal_spi.c        0x00000000   Number         0  stm32l0xx_hal_spi.o ABSOLUTE
    library\\Src\\stm32l0xx_hal_uart.c       0x00000000   Number         0  stm32l0xx_hal_uart.o ABSOLUTE
    library\\Src\\stm32l0xx_hal_uart_ex.c    0x00000000   Number         0  stm32l0xx_hal_uart_ex.o ABSOLUTE
    user\\lock.c                             0x00000000   Number         0  lock.o ABSOLUTE
    user\\lora_com.c                         0x00000000   Number         0  lora_com.o ABSOLUTE
    user\\main.c                             0x00000000   Number         0  main.o ABSOLUTE
    user\\process.c                          0x00000000   Number         0  process.o ABSOLUTE
    user\\stm32l0xx_it.c                     0x00000000   Number         0  stm32l0xx_it.o ABSOLUTE
    user\\temp.c                             0x00000000   Number         0  temp.o ABSOLUTE
    user\lock.c                              0x00000000   Number         0  lock.o ABSOLUTE
    user\lora_com.c                          0x00000000   Number         0  lora_com.o ABSOLUTE
    user\main.c                              0x00000000   Number         0  main.o ABSOLUTE
    user\process.c                           0x00000000   Number         0  process.o ABSOLUTE
    user\stm32l0xx_it.c                      0x00000000   Number         0  stm32l0xx_it.o ABSOLUTE
    user\temp.c                              0x00000000   Number         0  temp.o ABSOLUTE
    RESET                                    0x08000000   Section      192  startup_stm32l051xx.o(RESET)
    .ARM.Collect$$$$00000000                 0x080000c0   Section        0  entry.o(.ARM.Collect$$$$00000000)
    .ARM.Collect$$$$00000001                 0x080000c0   Section        4  entry2.o(.ARM.Collect$$$$00000001)
    .ARM.Collect$$$$00000004                 0x080000c4   Section        4  entry5.o(.ARM.Collect$$$$00000004)
    .ARM.Collect$$$$00000008                 0x080000c8   Section        0  entry7b.o(.ARM.Collect$$$$00000008)
    .ARM.Collect$$$$0000000A                 0x080000c8   Section        0  entry8b.o(.ARM.Collect$$$$0000000A)
    .ARM.Collect$$$$0000000B                 0x080000c8   Section        8  entry9a.o(.ARM.Collect$$$$0000000B)
    .ARM.Collect$$$$0000000D                 0x080000d0   Section        0  entry10a.o(.ARM.Collect$$$$0000000D)
    .ARM.Collect$$$$0000000F                 0x080000d0   Section        0  entry11a.o(.ARM.Collect$$$$0000000F)
    .ARM.Collect$$$$00002712                 0x080000d0   Section        4  entry2.o(.ARM.Collect$$$$00002712)
    __lit__00000000                          0x080000d0   Data           4  entry2.o(.ARM.Collect$$$$00002712)
    .text                                    0x080000d4   Section       28  startup_stm32l051xx.o(.text)
    .text                                    0x080000f0   Section        0  uidiv.o(.text)
    .text                                    0x0800011c   Section        0  idiv.o(.text)
    .text                                    0x08000144   Section        0  uldiv.o(.text)
    .text                                    0x080001a4   Section        0  memmovea.o(.text)
    .text                                    0x080001e4   Section        0  memseta.o(.text)
    .text                                    0x08000208   Section        0  llshl.o(.text)
    .text                                    0x08000228   Section        0  llushr.o(.text)
    .text                                    0x0800024c   Section       36  init.o(.text)
    i.Delay1s                                0x08000270   Section        0  sx1276.o(i.Delay1s)
    Delay1s                                  0x08000271   Thumb Code    26  sx1276.o(i.Delay1s)
    i.Delay_1ms                              0x0800028c   Section        0  delay.o(i.Delay_1ms)
    i.Delay_nms                              0x080002a0   Section        0  delay.o(i.Delay_nms)
    i.EXTI0_1_IRQHandler                     0x080002b6   Section        0  stm32l0xx_it.o(i.EXTI0_1_IRQHandler)
    i.EXTI2_3_IRQHandler                     0x080002c0   Section        0  stm32l0xx_it.o(i.EXTI2_3_IRQHandler)
    i.EXTI4_15_IRQHandler                    0x080002ca   Section        0  stm32l0xx_it.o(i.EXTI4_15_IRQHandler)
    i.FUN_RF_SENDPACKET                      0x080002d8   Section        0  sx1276.o(i.FUN_RF_SENDPACKET)
    i.GetLockCode                            0x08000360   Section        0  main.o(i.GetLockCode)
    GetLockCode                              0x08000361   Thumb Code    32  main.o(i.GetLockCode)
    i.HAL_DMA_Abort_IT                       0x08000384   Section        0  stm32l0xx_hal_dma.o(i.HAL_DMA_Abort_IT)
    i.HAL_GPIO_EXTI_Callback                 0x08000438   Section        0  main.o(i.HAL_GPIO_EXTI_Callback)
    i.HAL_GPIO_EXTI_IRQHandler               0x08000474   Section        0  stm32l0xx_hal_gpio.o(i.HAL_GPIO_EXTI_IRQHandler)
    i.HAL_GPIO_Init                          0x08000494   Section        0  stm32l0xx_hal_gpio.o(i.HAL_GPIO_Init)
    i.HAL_GPIO_WritePin                      0x08000680   Section        0  stm32l0xx_hal_gpio.o(i.HAL_GPIO_WritePin)
    i.HAL_GetTick                            0x0800068c   Section        0  stm32l0xx_hal.o(i.HAL_GetTick)
    i.HAL_IncTick                            0x08000698   Section        0  stm32l0xx_hal.o(i.HAL_IncTick)
    i.HAL_Init                               0x080006a8   Section        0  stm32l0xx_hal.o(i.HAL_Init)
    i.HAL_InitTick                           0x080006d4   Section        0  stm32l0xx_hal.o(i.HAL_InitTick)
    i.HAL_MspInit                            0x080006fc   Section        0  stm32l0xx_hal.o(i.HAL_MspInit)
    i.HAL_NVIC_DisableIRQ                    0x08000700   Section        0  stm32l0xx_hal_cortex.o(i.HAL_NVIC_DisableIRQ)
    i.HAL_NVIC_EnableIRQ                     0x08000718   Section        0  stm32l0xx_hal_cortex.o(i.HAL_NVIC_EnableIRQ)
    i.HAL_NVIC_SetPriority                   0x08000730   Section        0  stm32l0xx_hal_cortex.o(i.HAL_NVIC_SetPriority)
    i.HAL_RCCEx_PeriphCLKConfig              0x08000744   Section        0  stm32l0xx_hal_rcc_ex.o(i.HAL_RCCEx_PeriphCLKConfig)
    i.HAL_RCC_ClockConfig                    0x08000974   Section        0  stm32l0xx_hal_rcc.o(i.HAL_RCC_ClockConfig)
    i.HAL_RCC_GetHCLKFreq                    0x08000b6c   Section        0  stm32l0xx_hal_rcc.o(i.HAL_RCC_GetHCLKFreq)
    i.HAL_RCC_GetPCLK1Freq                   0x08000b78   Section        0  stm32l0xx_hal_rcc.o(i.HAL_RCC_GetPCLK1Freq)
    i.HAL_RCC_GetPCLK2Freq                   0x08000b9c   Section        0  stm32l0xx_hal_rcc.o(i.HAL_RCC_GetPCLK2Freq)
    i.HAL_RCC_GetSysClockFreq                0x08000bc0   Section        0  stm32l0xx_hal_rcc.o(i.HAL_RCC_GetSysClockFreq)
    i.HAL_RCC_OscConfig                      0x08000ca4   Section        0  stm32l0xx_hal_rcc.o(i.HAL_RCC_OscConfig)
    i.HAL_RTCEx_AlarmBEventCallback          0x080012c4   Section        0  stm32l0xx_hal_rtc_ex.o(i.HAL_RTCEx_AlarmBEventCallback)
    i.HAL_RTCEx_BKUPRead                     0x080012c6   Section        0  stm32l0xx_hal_rtc_ex.o(i.HAL_RTCEx_BKUPRead)
    i.HAL_RTCEx_BKUPWrite                    0x080012d8   Section        0  stm32l0xx_hal_rtc_ex.o(i.HAL_RTCEx_BKUPWrite)
    i.HAL_RTC_AlarmAEventCallback            0x080012ec   Section        0  rtc_alarm.o(i.HAL_RTC_AlarmAEventCallback)
    i.HAL_RTC_AlarmIRQHandler                0x08001364   Section        0  stm32l0xx_hal_rtc.o(i.HAL_RTC_AlarmIRQHandler)
    i.HAL_RTC_Init                           0x080013ec   Section        0  stm32l0xx_hal_rtc.o(i.HAL_RTC_Init)
    i.HAL_RTC_MspInit                        0x080014b4   Section        0  rtc_alarm.o(i.HAL_RTC_MspInit)
    i.HAL_RTC_SetAlarm_IT                    0x080014e8   Section        0  stm32l0xx_hal_rtc.o(i.HAL_RTC_SetAlarm_IT)
    i.HAL_RTC_SetDate                        0x08001744   Section        0  stm32l0xx_hal_rtc.o(i.HAL_RTC_SetDate)
    i.HAL_RTC_SetTime                        0x08001874   Section        0  stm32l0xx_hal_rtc.o(i.HAL_RTC_SetTime)
    i.HAL_RTC_WaitForSynchro                 0x080019c8   Section        0  stm32l0xx_hal_rtc.o(i.HAL_RTC_WaitForSynchro)
    i.HAL_SPI_DeInit                         0x08001a04   Section        0  stm32l0xx_hal_spi.o(i.HAL_SPI_DeInit)
    i.HAL_SPI_GetState                       0x08001a3e   Section        0  stm32l0xx_hal_spi.o(i.HAL_SPI_GetState)
    i.HAL_SPI_Init                           0x08001a46   Section        0  stm32l0xx_hal_spi.o(i.HAL_SPI_Init)
    i.HAL_SPI_MspDeInit                      0x08001ad4   Section        0  stm32l0xx_hal_spi.o(i.HAL_SPI_MspDeInit)
    i.HAL_SPI_MspInit                        0x08001ad6   Section        0  stm32l0xx_hal_spi.o(i.HAL_SPI_MspInit)
    i.HAL_SPI_TransmitReceive                0x08001ad8   Section        0  stm32l0xx_hal_spi.o(i.HAL_SPI_TransmitReceive)
    i.HAL_SYSTICK_CLKSourceConfig            0x08001e58   Section        0  stm32l0xx_hal_cortex.o(i.HAL_SYSTICK_CLKSourceConfig)
    i.HAL_SYSTICK_Config                     0x08001e7c   Section        0  stm32l0xx_hal_cortex.o(i.HAL_SYSTICK_Config)
    i.HAL_UARTEx_WakeupCallback              0x08001eb4   Section        0  stm32l0xx_hal_uart_ex.o(i.HAL_UARTEx_WakeupCallback)
    i.HAL_UART_ErrorCallback                 0x08001eb8   Section        0  usart.o(i.HAL_UART_ErrorCallback)
    i.HAL_UART_IRQHandler                    0x08001f00   Section        0  stm32l0xx_hal_uart.o(i.HAL_UART_IRQHandler)
    i.HAL_UART_Init                          0x08002090   Section        0  stm32l0xx_hal_uart.o(i.HAL_UART_Init)
    i.HAL_UART_MspInit                       0x08002112   Section        0  stm32l0xx_hal_uart.o(i.HAL_UART_MspInit)
    i.HAL_UART_Receive_IT                    0x08002114   Section        0  stm32l0xx_hal_uart.o(i.HAL_UART_Receive_IT)
    i.HAL_UART_RxCpltCallback                0x08002200   Section        0  main.o(i.HAL_UART_RxCpltCallback)
    i.HAL_UART_Transmit                      0x08002248   Section        0  stm32l0xx_hal_uart.o(i.HAL_UART_Transmit)
    i.HardFault_Handler                      0x08002338   Section        0  stm32l0xx_it.o(i.HardFault_Handler)
    i.LED_Configuration                      0x0800233c   Section        0  led.o(i.LED_Configuration)
    LED_Configuration                        0x0800233d   Thumb Code   164  led.o(i.LED_Configuration)
    i.LED_OFF                                0x080023e8   Section        0  led.o(i.LED_OFF)
    i.LED_ON                                 0x08002420   Section        0  led.o(i.LED_ON)
    i.Lora_GPIO_Config                       0x08002458   Section        0  sx1276.o(i.Lora_GPIO_Config)
    Lora_GPIO_Config                         0x08002459   Thumb Code   140  sx1276.o(i.Lora_GPIO_Config)
    i.Lora_Init                              0x080024f0   Section        0  sx1276.o(i.Lora_Init)
    i.Lora_Send                              0x08002524   Section        0  lora_com.o(i.Lora_Send)
    i.NMI_Handler                            0x0800255c   Section        0  stm32l0xx_it.o(i.NMI_Handler)
    i.NVIC_SetPriority                       0x08002560   Section        0  stm32l0xx_hal_cortex.o(i.NVIC_SetPriority)
    NVIC_SetPriority                         0x08002561   Thumb Code   110  stm32l0xx_hal_cortex.o(i.NVIC_SetPriority)
    i.PendSV_Handler                         0x080025d8   Section        0  stm32l0xx_it.o(i.PendSV_Handler)
    i.RCC_SetFlashLatencyFromMSIRange        0x080025dc   Section        0  stm32l0xx_hal_rcc.o(i.RCC_SetFlashLatencyFromMSIRange)
    RCC_SetFlashLatencyFromMSIRange          0x080025dd   Thumb Code   138  stm32l0xx_hal_rcc.o(i.RCC_SetFlashLatencyFromMSIRange)
    i.RF_RECEIVE                             0x08002674   Section        0  sx1276.o(i.RF_RECEIVE)
    i.RF_SLEEP                               0x080026b0   Section        0  sx1276.o(i.RF_SLEEP)
    i.RTC_Bcd2ToByte                         0x080026d8   Section        0  stm32l0xx_hal_rtc.o(i.RTC_Bcd2ToByte)
    i.RTC_ByteToBcd2                         0x080026f2   Section        0  stm32l0xx_hal_rtc.o(i.RTC_ByteToBcd2)
    i.RTC_EnterInitMode                      0x0800270c   Section        0  stm32l0xx_hal_rtc.o(i.RTC_EnterInitMode)
    i.RTC_IRQHandler                         0x08002750   Section        0  rtc_alarm.o(i.RTC_IRQHandler)
    i.SPI_WaitOnFlagUntilTimeout             0x08002760   Section        0  stm32l0xx_hal_spi.o(i.SPI_WaitOnFlagUntilTimeout)
    SPI_WaitOnFlagUntilTimeout               0x08002761   Thumb Code   280  stm32l0xx_hal_spi.o(i.SPI_WaitOnFlagUntilTimeout)
    i.SPIx_Error                             0x08002878   Section        0  spi.o(i.SPIx_Error)
    i.SPIx_Init                              0x0800288c   Section        0  spi.o(i.SPIx_Init)
    i.SPIx_MspInit                           0x080028e0   Section        0  spi.o(i.SPIx_MspInit)
    SPIx_MspInit                             0x080028e1   Thumb Code   152  spi.o(i.SPIx_MspInit)
    i.SPIx_WriteReadData                     0x0800297c   Section        0  spi.o(i.SPIx_WriteReadData)
    i.SVC_Handler                            0x080029ac   Section        0  stm32l0xx_it.o(i.SVC_Handler)
    i.SX1276LORA_INT                         0x080029b0   Section        0  sx1276.o(i.SX1276LORA_INT)
    SX1276LORA_INT                           0x080029b1   Thumb Code    88  sx1276.o(i.SX1276LORA_INT)
    i.SX1276LoRaFsk                          0x08002a0c   Section        0  sx1276.o(i.SX1276LoRaFsk)
    i.SX1276LoRaSetErrorCoding               0x08002a2c   Section        0  sx1276.o(i.SX1276LoRaSetErrorCoding)
    i.SX1276LoRaSetImplicitHeaderOn          0x08002a4e   Section        0  sx1276.o(i.SX1276LoRaSetImplicitHeaderOn)
    i.SX1276LoRaSetMobileNode                0x08002a6e   Section        0  sx1276.o(i.SX1276LoRaSetMobileNode)
    i.SX1276LoRaSetNbTrigPeaks               0x08002a90   Section        0  sx1276.o(i.SX1276LoRaSetNbTrigPeaks)
    i.SX1276LoRaSetOpMode                    0x08002ab0   Section        0  sx1276.o(i.SX1276LoRaSetOpMode)
    i.SX1276LoRaSetPacketCrcOn               0x08002ad0   Section        0  sx1276.o(i.SX1276LoRaSetPacketCrcOn)
    i.SX1276LoRaSetPayloadLength             0x08002af2   Section        0  sx1276.o(i.SX1276LoRaSetPayloadLength)
    i.SX1276LoRaSetRFFrequency               0x08002b00   Section        0  sx1276.o(i.SX1276LoRaSetRFFrequency)
    i.SX1276LoRaSetRFPower                   0x08002b2c   Section        0  sx1276.o(i.SX1276LoRaSetRFPower)
    i.SX1276LoRaSetSignalBandwidth           0x08002b48   Section        0  sx1276.o(i.SX1276LoRaSetSignalBandwidth)
    i.SX1276LoRaSetSpreadingFactor           0x08002b68   Section        0  sx1276.o(i.SX1276LoRaSetSpreadingFactor)
    i.SX1276LoRaSetSymbTimeout               0x08002b8e   Section        0  sx1276.o(i.SX1276LoRaSetSymbTimeout)
    i.SX1276ReadBuffer                       0x08002bd4   Section        0  sx1276.o(i.SX1276ReadBuffer)
    i.SX1276Reset                            0x08002c04   Section        0  sx1276.o(i.SX1276Reset)
    i.SX1276WriteBuffer                      0x08002c30   Section        0  sx1276.o(i.SX1276WriteBuffer)
    i.SX1276_GetVersion                      0x08002c60   Section        0  sx1276.o(i.SX1276_GetVersion)
    i.SX1276_InitFailed                      0x08002c6e   Section        0  sx1276.o(i.SX1276_InitFailed)
    i.SX1276_InitSuccess                     0x08002c70   Section        0  sx1276.o(i.SX1276_InitSuccess)
    i.SX1276_LoRa_SetDataRate                0x08002c74   Section        0  sx1276.o(i.SX1276_LoRa_SetDataRate)
    i.SX1278_Interupt                        0x08002d30   Section        0  sx1276.o(i.SX1278_Interupt)
    i.Schd_After                             0x08002df0   Section        0  schd.o(i.Schd_After)
    i.Schd_After_Int                         0x08002e50   Section        0  schd.o(i.Schd_After_Int)
    i.Schd_Run                               0x08002e78   Section        0  schd.o(i.Schd_Run)
    i.SysTick_Handler                        0x08002f4c   Section        0  globalvar.o(i.SysTick_Handler)
    i.SystemClock_Config                     0x08002f6c   Section        0  main.o(i.SystemClock_Config)
    SystemClock_Config                       0x08002f6d   Thumb Code   178  main.o(i.SystemClock_Config)
    i.SystemInit                             0x08003028   Section        0  system_stm32l0xx.o(i.SystemInit)
    i.UART_AdvFeatureConfig                  0x08003090   Section        0  stm32l0xx_hal_uart.o(i.UART_AdvFeatureConfig)
    i.UART_CheckIdleState                    0x08003180   Section        0  stm32l0xx_hal_uart.o(i.UART_CheckIdleState)
    i.UART_DMAAbortOnError                   0x080031f4   Section        0  stm32l0xx_hal_uart.o(i.UART_DMAAbortOnError)
    UART_DMAAbortOnError                     0x080031f5   Thumb Code    24  stm32l0xx_hal_uart.o(i.UART_DMAAbortOnError)
    i.UART_EndRxTransfer                     0x0800320c   Section        0  stm32l0xx_hal_uart.o(i.UART_EndRxTransfer)
    UART_EndRxTransfer                       0x0800320d   Thumb Code    34  stm32l0xx_hal_uart.o(i.UART_EndRxTransfer)
    i.UART_Receive_IT                        0x0800322e   Section        0  stm32l0xx_hal_uart.o(i.UART_Receive_IT)
    UART_Receive_IT                          0x0800322f   Thumb Code   150  stm32l0xx_hal_uart.o(i.UART_Receive_IT)
    i.UART_SendMsg                           0x080032c4   Section        0  usart.o(i.UART_SendMsg)
    i.UART_SetConfig                         0x08003308   Section        0  stm32l0xx_hal_uart.o(i.UART_SetConfig)
    i.UART_WaitOnFlagUntilTimeout            0x080035dc   Section        0  stm32l0xx_hal_uart.o(i.UART_WaitOnFlagUntilTimeout)
    i.USART1_IRQHandler                      0x0800364c   Section        0  usart.o(i.USART1_IRQHandler)
    i.USART2_IRQHandler                      0x0800365c   Section        0  usart.o(i.USART2_IRQHandler)
    i.USARTConfig                            0x0800366c   Section        0  usart.o(i.USARTConfig)
    i.__ARM_common_ll_muluu                  0x080037ec   Section        0  stm32l0xx_hal_uart.o(i.__ARM_common_ll_muluu)
    i.__ARM_common_switch8                   0x0800381c   Section        0  process.o(i.__ARM_common_switch8)
    i.__scatterload_copy                     0x08003838   Section       14  handlers.o(i.__scatterload_copy)
    i.__scatterload_null                     0x08003846   Section        2  handlers.o(i.__scatterload_null)
    i.__scatterload_zeroinit                 0x08003848   Section       14  handlers.o(i.__scatterload_zeroinit)
    i.ack_flag                               0x08003858   Section        0  lora_com.o(i.ack_flag)
    i.addRecord                              0x08003864   Section        0  process.o(i.addRecord)
    i.calDateTime                            0x080038e0   Section        0  rtc_alarm.o(i.calDateTime)
    i.clear_ack_flag                         0x08003954   Section        0  lora_com.o(i.clear_ack_flag)
    i.clear_tx_done_flag                     0x08003960   Section        0  lora_com.o(i.clear_tx_done_flag)
    i.cmdSwitchEn                            0x0800396c   Section        0  sx1276.o(i.cmdSwitchEn)
    i.cmdSwitchPA                            0x0800399c   Section        0  sx1276.o(i.cmdSwitchPA)
    i.copy_data_to_lora_txBuf                0x080039e0   Section        0  main.o(i.copy_data_to_lora_txBuf)
    i.delAllRecord                           0x08003ab0   Section        0  process.o(i.delAllRecord)
    i.delLastRecord                          0x08003ae0   Section        0  process.o(i.delLastRecord)
    i.enable_doorBell                        0x08003b18   Section        0  temp.o(i.enable_doorBell)
    i.fingerSearchFrame                      0x08003b3a   Section        0  finger.o(i.fingerSearchFrame)
    i.finger_OpSta                           0x08003b70   Section        0  process.o(i.finger_OpSta)
    i.finger_callBack                        0x08003c28   Section        0  process.o(i.finger_callBack)
    i.finger_cmd_wait_timeOut                0x08003d14   Section        0  finger.o(i.finger_cmd_wait_timeOut)
    i.finger_cmd_wait_time_update            0x08003d40   Section        0  finger.o(i.finger_cmd_wait_time_update)
    i.finger_powerOn_ack                     0x08003d50   Section        0  process.o(i.finger_powerOn_ack)
    finger_powerOn_ack                       0x08003d51   Thumb Code    38  process.o(i.finger_powerOn_ack)
    i.finger_processACK                      0x08003d78   Section        0  finger.o(i.finger_processACK)
    i.finger_processCMD                      0x08003e9c   Section        0  finger.o(i.finger_processCMD)
    i.finger_processDATA                     0x08003ea0   Section        0  finger.o(i.finger_processDATA)
    i.finger_processEND                      0x08003f04   Section        0  finger.o(i.finger_processEND)
    i.flash_running_led                      0x08003f58   Section        0  main.o(i.flash_running_led)
    flash_running_led                        0x08003f59   Thumb Code    64  main.o(i.flash_running_led)
    i.initDrivers                            0x08003fa4   Section        0  main.o(i.initDrivers)
    initDrivers                              0x08003fa5   Thumb Code    50  main.o(i.initDrivers)
    i.init_PowerControl_Configuration        0x08003fe0   Section        0  lowpower.o(i.init_PowerControl_Configuration)
    i.init_RTC                               0x08004034   Section        0  rtc_alarm.o(i.init_RTC)
    i.init_finger_touch_int                  0x08004104   Section        0  finger.o(i.init_finger_touch_int)
    i.init_led                               0x0800415c   Section        0  led.o(i.init_led)
    i.init_lock_com                          0x0800417c   Section        0  lock.o(i.init_lock_com)
    i.init_lora_txDataBuf                    0x080041a4   Section        0  lora_com.o(i.init_lora_txDataBuf)
    i.init_para_variables                    0x080041e8   Section        0  main.o(i.init_para_variables)
    init_para_variables                      0x080041e9   Thumb Code    70  main.o(i.init_para_variables)
    i.isEmptyRecord                          0x08004250   Section        0  process.o(i.isEmptyRecord)
    i.is_txBuf_empty                         0x08004278   Section        0  lora_com.o(i.is_txBuf_empty)
    i.local_ticktime                         0x080042a0   Section        0  globalvar.o(i.local_ticktime)
    i.lock_CMD_resend_setting                0x080042ac   Section        0  lock.o(i.lock_CMD_resend_setting)
    lock_CMD_resend_setting                  0x080042ad   Thumb Code    42  lock.o(i.lock_CMD_resend_setting)
    i.lock_cmd_timeout_callback              0x080042dc   Section        0  process.o(i.lock_cmd_timeout_callback)
    i.lock_rx_check                          0x0800434c   Section        0  process.o(i.lock_rx_check)
    i.lora_RWByte                            0x080043de   Section        0  sx1276.o(i.lora_RWByte)
    i.lora_com_fsm                           0x080043f4   Section        0  lora_com.o(i.lora_com_fsm)
    i.main                                   0x08004520   Section        0  main.o(i.main)
    i.next_op                                0x080046c0   Section        0  process.o(i.next_op)
    i.powerOff_finger                        0x0800476c   Section        0  lowpower.o(i.powerOff_finger)
    i.powerOn_LoRa                           0x08004788   Section        0  lowpower.o(i.powerOn_LoRa)
    i.powerOn_finger                         0x080047a4   Section        0  lowpower.o(i.powerOn_finger)
    i.process_fingerRxBuffer                 0x080047c0   Section        0  process.o(i.process_fingerRxBuffer)
    i.process_lockUnitRxBuffer               0x0800495c   Section        0  process.o(i.process_lockUnitRxBuffer)
    i.process_serverRxBuffer                 0x08004ce0   Section        0  process.o(i.process_serverRxBuffer)
    i.register_rf_func                       0x08004e14   Section        0  sx1276.o(i.register_rf_func)
    i.remove_datas_from_txBuf                0x08004e4c   Section        0  lora_com.o(i.remove_datas_from_txBuf)
    i.sendCmd_deletChar                      0x08004e64   Section        0  finger.o(i.sendCmd_deletChar)
    i.sendCmd_downChar                       0x08004ea0   Section        0  finger.o(i.sendCmd_downChar)
    i.sendCmd_empty                          0x08004ecc   Section        0  finger.o(i.sendCmd_empty)
    i.sendCmd_genChar                        0x08004ef4   Section        0  finger.o(i.sendCmd_genChar)
    i.sendCmd_getImg                         0x08004f20   Section        0  finger.o(i.sendCmd_getImg)
    i.sendCmd_search                         0x08004f44   Section        0  finger.o(i.sendCmd_search)
    i.sendCmd_store                          0x08004f84   Section        0  finger.o(i.sendCmd_store)
    i.sendData_downchar                      0x08004fb8   Section        0  finger.o(i.sendData_downchar)
    i.sendToServer                           0x0800500c   Section        0  main.o(i.sendToServer)
    i.send_cmd_to_lock                       0x08005080   Section        0  lock.o(i.send_cmd_to_lock)
    i.send_to_finger                         0x08005114   Section        0  finger.o(i.send_to_finger)
    i.serverUpdateNode                       0x080051b4   Section        0  process.o(i.serverUpdateNode)
    i.set_ack_flag                           0x08005460   Section        0  lora_com.o(i.set_ack_flag)
    i.set_tx_done_flag                       0x0800546c   Section        0  lora_com.o(i.set_tx_done_flag)
    i.sysIdle_timeout                        0x08005478   Section        0  main.o(i.sysIdle_timeout)
    sysIdle_timeout                          0x08005479   Thumb Code    30  main.o(i.sysIdle_timeout)
    i.sys_fsm                                0x080054a0   Section        0  main.o(i.sys_fsm)
    i.timeout                                0x080054c4   Section        0  globalvar.o(i.timeout)
    i.tx_done_flag                           0x080054dc   Section        0  lora_com.o(i.tx_done_flag)
    i.update_sysIdle_tick                    0x080054e8   Section        0  main.o(i.update_sysIdle_tick)
    i.usart2_tx_AFGPIO_init                  0x080054fc   Section        0  usart.o(i.usart2_tx_AFGPIO_init)
    i.usart2_tx_gpio_init                    0x08005522   Section        0  lock.o(i.usart2_tx_gpio_init)
    i.write_datas_to_txBuf                   0x08005542   Section        0  lora_com.o(i.write_datas_to_txBuf)
    .constdata                               0x0800559c   Section        8  main.o(.constdata)
    .constdata                               0x080055a4   Section       33  system_stm32l0xx.o(.constdata)
    .constdata                               0x080055c8   Section       10  process.o(.constdata)
    .constdata                               0x080055d4   Section       54  finger.o(.constdata)
    .constdata                               0x0800560c   Section       24  led.o(.constdata)
    .constdata                               0x08005624   Section      140  sx1276.o(.constdata)
    Freq_Table                               0x0800562c   Data          96  sx1276.o(.constdata)
    LoRa_DataRate_Table                      0x0800568c   Data          18  sx1276.o(.constdata)
    .constdata                               0x080056b0   Section        4  rtc_alarm.o(.constdata)
    .data                                    0x20000000   Section        8  main.o(.data)
    ledStatus                                0x20000002   Data           1  main.o(.data)
    runningTick                              0x20000004   Data           4  main.o(.data)
    .data                                    0x20000008   Section        4  system_stm32l0xx.o(.data)
    .data                                    0x2000000c   Section        6  process.o(.data)
    .data                                    0x20000012   Section        1  lora_com.o(.data)
    .data                                    0x20000014   Section        4  stm32l0xx_hal.o(.data)
    .data                                    0x20000018   Section        4  schd.o(.data)
    .data                                    0x2000001c   Section        4  globalvar.o(.data)
    .data                                    0x20000020   Section       14  finger.o(.data)
    .data                                    0x20000030   Section        8  lock.o(.data)
    .data                                    0x20000038   Section        4  spi.o(.data)
    .data                                    0x2000003c   Section       16  usart.o(.data)
    .data                                    0x2000004c   Section       24  lowpower.o(.data)
    .bss                                     0x20000064   Section       42  main.o(.bss)
    .bss                                     0x2000008e   Section      140  process.o(.bss)
    .bss                                     0x2000011c   Section      775  lora_com.o(.bss)
    .bss                                     0x20000424   Section     1280  schd.o(.bss)
    .bss                                     0x20000924   Section      938  finger.o(.bss)
    .bss                                     0x20000cd0   Section       40  lock.o(.bss)
    .bss                                     0x20000cf8   Section       24  led.o(.bss)
    .bss                                     0x20000d10   Section       88  spi.o(.bss)
    .bss                                     0x20000d68   Section       16  sx1276.o(.bss)
    .bss                                     0x20000d78   Section     1394  usart.o(.bss)
    .bss                                     0x200012ec   Section       36  rtc_alarm.o(.bss)
    STACK                                    0x20001310   Section     2560  startup_stm32l051xx.o(STACK)

    Global Symbols

    Symbol Name                              Value     Ov Type        Size  Object(Section)

    BuildAttributes$$THM_ISAv3M$S$PE$A:L22$X:L11$S22$IEEE1$IW$USESV6$~STKCKD$USESV7$~SHL$OSPACE$EBA8$MICROLIB$REQ8$PRES8$EABIv2 0x00000000   Number         0  anon$$obj.o ABSOLUTE
    __ARM_use_no_argv                        0x00000000   Number         0  main.o ABSOLUTE
    __cpp_initialize__aeabi_                  - Undefined Weak Reference
    __cxa_finalize                            - Undefined Weak Reference
    __decompress                              - Undefined Weak Reference
    _clock_init                               - Undefined Weak Reference
    _microlib_exit                            - Undefined Weak Reference
    __Vectors_Size                           0x000000c0   Number         0  startup_stm32l051xx.o ABSOLUTE
    __Vectors                                0x08000000   Data           4  startup_stm32l051xx.o(RESET)
    __Vectors_End                            0x080000c0   Data           0  startup_stm32l051xx.o(RESET)
    __main                                   0x080000c1   Thumb Code     0  entry.o(.ARM.Collect$$$$00000000)
    _main_stk                                0x080000c1   Thumb Code     0  entry2.o(.ARM.Collect$$$$00000001)
    _main_scatterload                        0x080000c5   Thumb Code     0  entry5.o(.ARM.Collect$$$$00000004)
    __main_after_scatterload                 0x080000c9   Thumb Code     0  entry5.o(.ARM.Collect$$$$00000004)
    _main_clock                              0x080000c9   Thumb Code     0  entry7b.o(.ARM.Collect$$$$00000008)
    _main_cpp_init                           0x080000c9   Thumb Code     0  entry8b.o(.ARM.Collect$$$$0000000A)
    _main_init                               0x080000c9   Thumb Code     0  entry9a.o(.ARM.Collect$$$$0000000B)
    __rt_final_cpp                           0x080000d1   Thumb Code     0  entry10a.o(.ARM.Collect$$$$0000000D)
    __rt_final_exit                          0x080000d1   Thumb Code     0  entry11a.o(.ARM.Collect$$$$0000000F)
    Reset_Handler                            0x080000d5   Thumb Code     8  startup_stm32l051xx.o(.text)
    ADC1_COMP_IRQHandler                     0x080000e7   Thumb Code     0  startup_stm32l051xx.o(.text)
    DMA1_Channel1_IRQHandler                 0x080000e7   Thumb Code     0  startup_stm32l051xx.o(.text)
    DMA1_Channel2_3_IRQHandler               0x080000e7   Thumb Code     0  startup_stm32l051xx.o(.text)
    DMA1_Channel4_5_6_7_IRQHandler           0x080000e7   Thumb Code     0  startup_stm32l051xx.o(.text)
    FLASH_IRQHandler                         0x080000e7   Thumb Code     0  startup_stm32l051xx.o(.text)
    I2C1_IRQHandler                          0x080000e7   Thumb Code     0  startup_stm32l051xx.o(.text)
    I2C2_IRQHandler                          0x080000e7   Thumb Code     0  startup_stm32l051xx.o(.text)
    LPTIM1_IRQHandler                        0x080000e7   Thumb Code     0  startup_stm32l051xx.o(.text)
    LPUART1_IRQHandler                       0x080000e7   Thumb Code     0  startup_stm32l051xx.o(.text)
    PVD_IRQHandler                           0x080000e7   Thumb Code     0  startup_stm32l051xx.o(.text)
    RCC_IRQHandler                           0x080000e7   Thumb Code     0  startup_stm32l051xx.o(.text)
    SPI1_IRQHandler                          0x080000e7   Thumb Code     0  startup_stm32l051xx.o(.text)
    SPI2_IRQHandler                          0x080000e7   Thumb Code     0  startup_stm32l051xx.o(.text)
    TIM21_IRQHandler                         0x080000e7   Thumb Code     0  startup_stm32l051xx.o(.text)
    TIM22_IRQHandler                         0x080000e7   Thumb Code     0  startup_stm32l051xx.o(.text)
    TIM2_IRQHandler                          0x080000e7   Thumb Code     0  startup_stm32l051xx.o(.text)
    TIM6_IRQHandler                          0x080000e7   Thumb Code     0  startup_stm32l051xx.o(.text)
    WWDG_IRQHandler                          0x080000e7   Thumb Code     0  startup_stm32l051xx.o(.text)
    __aeabi_uidiv                            0x080000f1   Thumb Code     0  uidiv.o(.text)
    __aeabi_uidivmod                         0x080000f1   Thumb Code    44  uidiv.o(.text)
    __aeabi_idiv                             0x0800011d   Thumb Code     0  idiv.o(.text)
    __aeabi_idivmod                          0x0800011d   Thumb Code    40  idiv.o(.text)
    __aeabi_uldivmod                         0x08000145   Thumb Code    96  uldiv.o(.text)
    ___aeabi_memcpy8$move                    0x080001a5   Thumb Code     0  memmovea.o(.text)
    __aeabi_memcpy                           0x080001a5   Thumb Code    64  memmovea.o(.text)
    __aeabi_memcpy4                          0x080001a5   Thumb Code     0  memmovea.o(.text)
    __aeabi_memmove                          0x080001a5   Thumb Code     0  memmovea.o(.text)
    __aeabi_memmove4                         0x080001a5   Thumb Code     0  memmovea.o(.text)
    __aeabi_memmove8                         0x080001a5   Thumb Code     0  memmovea.o(.text)
    __aeabi_memset                           0x080001e5   Thumb Code    14  memseta.o(.text)
    __aeabi_memset4                          0x080001e5   Thumb Code     0  memseta.o(.text)
    __aeabi_memset8                          0x080001e5   Thumb Code     0  memseta.o(.text)
    __aeabi_memclr                           0x080001f3   Thumb Code     4  memseta.o(.text)
    __aeabi_memclr4                          0x080001f3   Thumb Code     0  memseta.o(.text)
    __aeabi_memclr8                          0x080001f3   Thumb Code     0  memseta.o(.text)
    _memset$wrapper                          0x080001f7   Thumb Code    18  memseta.o(.text)
    __aeabi_llsl                             0x08000209   Thumb Code    32  llshl.o(.text)
    _ll_shift_l                              0x08000209   Thumb Code     0  llshl.o(.text)
    __aeabi_llsr                             0x08000229   Thumb Code    34  llushr.o(.text)
    _ll_ushift_r                             0x08000229   Thumb Code     0  llushr.o(.text)
    __scatterload                            0x0800024d   Thumb Code    28  init.o(.text)
    __scatterload_rt2                        0x0800024d   Thumb Code     0  init.o(.text)
    Delay_1ms                                0x0800028d   Thumb Code    14  delay.o(i.Delay_1ms)
    Delay_nms                                0x080002a1   Thumb Code    22  delay.o(i.Delay_nms)
    EXTI0_1_IRQHandler                       0x080002b7   Thumb Code    10  stm32l0xx_it.o(i.EXTI0_1_IRQHandler)
    EXTI2_3_IRQHandler                       0x080002c1   Thumb Code    10  stm32l0xx_it.o(i.EXTI2_3_IRQHandler)
    EXTI4_15_IRQHandler                      0x080002cb   Thumb Code    12  stm32l0xx_it.o(i.EXTI4_15_IRQHandler)
    FUN_RF_SENDPACKET                        0x080002d9   Thumb Code   130  sx1276.o(i.FUN_RF_SENDPACKET)
    HAL_DMA_Abort_IT                         0x08000385   Thumb Code   174  stm32l0xx_hal_dma.o(i.HAL_DMA_Abort_IT)
    HAL_GPIO_EXTI_Callback                   0x08000439   Thumb Code    50  main.o(i.HAL_GPIO_EXTI_Callback)
    HAL_GPIO_EXTI_IRQHandler                 0x08000475   Thumb Code    26  stm32l0xx_hal_gpio.o(i.HAL_GPIO_EXTI_IRQHandler)
    HAL_GPIO_Init                            0x08000495   Thumb Code   462  stm32l0xx_hal_gpio.o(i.HAL_GPIO_Init)
    HAL_GPIO_WritePin                        0x08000681   Thumb Code    12  stm32l0xx_hal_gpio.o(i.HAL_GPIO_WritePin)
    HAL_GetTick                              0x0800068d   Thumb Code     6  stm32l0xx_hal.o(i.HAL_GetTick)
    HAL_IncTick                              0x08000699   Thumb Code    12  stm32l0xx_hal.o(i.HAL_IncTick)
    HAL_Init                                 0x080006a9   Thumb Code    40  stm32l0xx_hal.o(i.HAL_Init)
    HAL_InitTick                             0x080006d5   Thumb Code    36  stm32l0xx_hal.o(i.HAL_InitTick)
    HAL_MspInit                              0x080006fd   Thumb Code     2  stm32l0xx_hal.o(i.HAL_MspInit)
    HAL_NVIC_DisableIRQ                      0x08000701   Thumb Code    18  stm32l0xx_hal_cortex.o(i.HAL_NVIC_DisableIRQ)
    HAL_NVIC_EnableIRQ                       0x08000719   Thumb Code    18  stm32l0xx_hal_cortex.o(i.HAL_NVIC_EnableIRQ)
    HAL_NVIC_SetPriority                     0x08000731   Thumb Code    18  stm32l0xx_hal_cortex.o(i.HAL_NVIC_SetPriority)
    HAL_RCCEx_PeriphCLKConfig                0x08000745   Thumb Code   546  stm32l0xx_hal_rcc_ex.o(i.HAL_RCCEx_PeriphCLKConfig)
    HAL_RCC_ClockConfig                      0x08000975   Thumb Code   482  stm32l0xx_hal_rcc.o(i.HAL_RCC_ClockConfig)
    HAL_RCC_GetHCLKFreq                      0x08000b6d   Thumb Code     6  stm32l0xx_hal_rcc.o(i.HAL_RCC_GetHCLKFreq)
    HAL_RCC_GetPCLK1Freq                     0x08000b79   Thumb Code    26  stm32l0xx_hal_rcc.o(i.HAL_RCC_GetPCLK1Freq)
    HAL_RCC_GetPCLK2Freq                     0x08000b9d   Thumb Code    26  stm32l0xx_hal_rcc.o(i.HAL_RCC_GetPCLK2Freq)
    HAL_RCC_GetSysClockFreq                  0x08000bc1   Thumb Code   206  stm32l0xx_hal_rcc.o(i.HAL_RCC_GetSysClockFreq)
    HAL_RCC_OscConfig                        0x08000ca5   Thumb Code  1556  stm32l0xx_hal_rcc.o(i.HAL_RCC_OscConfig)
    HAL_RTCEx_AlarmBEventCallback            0x080012c5   Thumb Code     2  stm32l0xx_hal_rtc_ex.o(i.HAL_RTCEx_AlarmBEventCallback)
    HAL_RTCEx_BKUPRead                       0x080012c7   Thumb Code    18  stm32l0xx_hal_rtc_ex.o(i.HAL_RTCEx_BKUPRead)
    HAL_RTCEx_BKUPWrite                      0x080012d9   Thumb Code    18  stm32l0xx_hal_rtc_ex.o(i.HAL_RTCEx_BKUPWrite)
    HAL_RTC_AlarmAEventCallback              0x080012ed   Thumb Code   108  rtc_alarm.o(i.HAL_RTC_AlarmAEventCallback)
    HAL_RTC_AlarmIRQHandler                  0x08001365   Thumb Code   124  stm32l0xx_hal_rtc.o(i.HAL_RTC_AlarmIRQHandler)
    HAL_RTC_Init                             0x080013ed   Thumb Code   196  stm32l0xx_hal_rtc.o(i.HAL_RTC_Init)
    HAL_RTC_MspInit                          0x080014b5   Thumb Code    44  rtc_alarm.o(i.HAL_RTC_MspInit)
    HAL_RTC_SetAlarm_IT                      0x080014e9   Thumb Code   590  stm32l0xx_hal_rtc.o(i.HAL_RTC_SetAlarm_IT)
    HAL_RTC_SetDate                          0x08001745   Thumb Code   298  stm32l0xx_hal_rtc.o(i.HAL_RTC_SetDate)
    HAL_RTC_SetTime                          0x08001875   Thumb Code   336  stm32l0xx_hal_rtc.o(i.HAL_RTC_SetTime)
    HAL_RTC_WaitForSynchro                   0x080019c9   Thumb Code    60  stm32l0xx_hal_rtc.o(i.HAL_RTC_WaitForSynchro)
    HAL_SPI_DeInit                           0x08001a05   Thumb Code    58  stm32l0xx_hal_spi.o(i.HAL_SPI_DeInit)
    HAL_SPI_GetState                         0x08001a3f   Thumb Code     8  stm32l0xx_hal_spi.o(i.HAL_SPI_GetState)
    HAL_SPI_Init                             0x08001a47   Thumb Code   142  stm32l0xx_hal_spi.o(i.HAL_SPI_Init)
    HAL_SPI_MspDeInit                        0x08001ad5   Thumb Code     2  stm32l0xx_hal_spi.o(i.HAL_SPI_MspDeInit)
    HAL_SPI_MspInit                          0x08001ad7   Thumb Code     2  stm32l0xx_hal_spi.o(i.HAL_SPI_MspInit)
    HAL_SPI_TransmitReceive                  0x08001ad9   Thumb Code   894  stm32l0xx_hal_spi.o(i.HAL_SPI_TransmitReceive)
    HAL_SYSTICK_CLKSourceConfig              0x08001e59   Thumb Code    32  stm32l0xx_hal_cortex.o(i.HAL_SYSTICK_CLKSourceConfig)
    HAL_SYSTICK_Config                       0x08001e7d   Thumb Code    46  stm32l0xx_hal_cortex.o(i.HAL_SYSTICK_Config)
    HAL_UARTEx_WakeupCallback                0x08001eb5   Thumb Code     2  stm32l0xx_hal_uart_ex.o(i.HAL_UARTEx_WakeupCallback)
    HAL_UART_ErrorCallback                   0x08001eb9   Thumb Code    48  usart.o(i.HAL_UART_ErrorCallback)
    HAL_UART_IRQHandler                      0x08001f01   Thumb Code   396  stm32l0xx_hal_uart.o(i.HAL_UART_IRQHandler)
    HAL_UART_Init                            0x08002091   Thumb Code   130  stm32l0xx_hal_uart.o(i.HAL_UART_Init)
    HAL_UART_MspInit                         0x08002113   Thumb Code     2  stm32l0xx_hal_uart.o(i.HAL_UART_MspInit)
    HAL_UART_Receive_IT                      0x08002115   Thumb Code   230  stm32l0xx_hal_uart.o(i.HAL_UART_Receive_IT)
    HAL_UART_RxCpltCallback                  0x08002201   Thumb Code    54  main.o(i.HAL_UART_RxCpltCallback)
    HAL_UART_Transmit                        0x08002249   Thumb Code   240  stm32l0xx_hal_uart.o(i.HAL_UART_Transmit)
    HardFault_Handler                        0x08002339   Thumb Code     4  stm32l0xx_it.o(i.HardFault_Handler)
    LED_OFF                                  0x080023e9   Thumb Code    50  led.o(i.LED_OFF)
    LED_ON                                   0x08002421   Thumb Code    50  led.o(i.LED_ON)
    Lora_Init                                0x080024f1   Thumb Code    48  sx1276.o(i.Lora_Init)
    Lora_Send                                0x08002525   Thumb Code    50  lora_com.o(i.Lora_Send)
    NMI_Handler                              0x0800255d   Thumb Code     2  stm32l0xx_it.o(i.NMI_Handler)
    PendSV_Handler                           0x080025d9   Thumb Code     2  stm32l0xx_it.o(i.PendSV_Handler)
    RF_RECEIVE                               0x08002675   Thumb Code    56  sx1276.o(i.RF_RECEIVE)
    RF_SLEEP                                 0x080026b1   Thumb Code    40  sx1276.o(i.RF_SLEEP)
    RTC_Bcd2ToByte                           0x080026d9   Thumb Code    26  stm32l0xx_hal_rtc.o(i.RTC_Bcd2ToByte)
    RTC_ByteToBcd2                           0x080026f3   Thumb Code    26  stm32l0xx_hal_rtc.o(i.RTC_ByteToBcd2)
    RTC_EnterInitMode                        0x0800270d   Thumb Code    66  stm32l0xx_hal_rtc.o(i.RTC_EnterInitMode)
    RTC_IRQHandler                           0x08002751   Thumb Code    10  rtc_alarm.o(i.RTC_IRQHandler)
    SPIx_Error                               0x08002879   Thumb Code    14  spi.o(i.SPIx_Error)
    SPIx_Init                                0x0800288d   Thumb Code    74  spi.o(i.SPIx_Init)
    SPIx_WriteReadData                       0x0800297d   Thumb Code    40  spi.o(i.SPIx_WriteReadData)
    SVC_Handler                              0x080029ad   Thumb Code     2  stm32l0xx_it.o(i.SVC_Handler)
    SX1276LoRaFsk                            0x08002a0d   Thumb Code    32  sx1276.o(i.SX1276LoRaFsk)
    SX1276LoRaSetErrorCoding                 0x08002a2d   Thumb Code    34  sx1276.o(i.SX1276LoRaSetErrorCoding)
    SX1276LoRaSetImplicitHeaderOn            0x08002a4f   Thumb Code    32  sx1276.o(i.SX1276LoRaSetImplicitHeaderOn)
    SX1276LoRaSetMobileNode                  0x08002a6f   Thumb Code    34  sx1276.o(i.SX1276LoRaSetMobileNode)
    SX1276LoRaSetNbTrigPeaks                 0x08002a91   Thumb Code    32  sx1276.o(i.SX1276LoRaSetNbTrigPeaks)
    SX1276LoRaSetOpMode                      0x08002ab1   Thumb Code    32  sx1276.o(i.SX1276LoRaSetOpMode)
    SX1276LoRaSetPacketCrcOn                 0x08002ad1   Thumb Code    34  sx1276.o(i.SX1276LoRaSetPacketCrcOn)
    SX1276LoRaSetPayloadLength               0x08002af3   Thumb Code    14  sx1276.o(i.SX1276LoRaSetPayloadLength)
    SX1276LoRaSetRFFrequency                 0x08002b01   Thumb Code    38  sx1276.o(i.SX1276LoRaSetRFFrequency)
    SX1276LoRaSetRFPower                     0x08002b2d   Thumb Code    24  sx1276.o(i.SX1276LoRaSetRFPower)
    SX1276LoRaSetSignalBandwidth             0x08002b49   Thumb Code    32  sx1276.o(i.SX1276LoRaSetSignalBandwidth)
    SX1276LoRaSetSpreadingFactor             0x08002b69   Thumb Code    38  sx1276.o(i.SX1276LoRaSetSpreadingFactor)
    SX1276LoRaSetSymbTimeout                 0x08002b8f   Thumb Code    68  sx1276.o(i.SX1276LoRaSetSymbTimeout)
    SX1276ReadBuffer                         0x08002bd5   Thumb Code    44  sx1276.o(i.SX1276ReadBuffer)
    SX1276Reset                              0x08002c05   Thumb Code    40  sx1276.o(i.SX1276Reset)
    SX1276WriteBuffer                        0x08002c31   Thumb Code    44  sx1276.o(i.SX1276WriteBuffer)
    SX1276_GetVersion                        0x08002c61   Thumb Code    14  sx1276.o(i.SX1276_GetVersion)
    SX1276_InitFailed                        0x08002c6f   Thumb Code     2  sx1276.o(i.SX1276_InitFailed)
    SX1276_InitSuccess                       0x08002c71   Thumb Code     2  sx1276.o(i.SX1276_InitSuccess)
    SX1276_LoRa_SetDataRate                  0x08002c75   Thumb Code   184  sx1276.o(i.SX1276_LoRa_SetDataRate)
    SX1278_Interupt                          0x08002d31   Thumb Code   178  sx1276.o(i.SX1278_Interupt)
    Schd_After                               0x08002df1   Thumb Code    88  schd.o(i.Schd_After)
    Schd_After_Int                           0x08002e51   Thumb Code    38  schd.o(i.Schd_After_Int)
    Schd_Run                                 0x08002e79   Thumb Code   204  schd.o(i.Schd_Run)
    SysTick_Handler                          0x08002f4d   Thumb Code    26  globalvar.o(i.SysTick_Handler)
    SystemInit                               0x08003029   Thumb Code    88  system_stm32l0xx.o(i.SystemInit)
    UART_AdvFeatureConfig                    0x08003091   Thumb Code   240  stm32l0xx_hal_uart.o(i.UART_AdvFeatureConfig)
    UART_CheckIdleState                      0x08003181   Thumb Code   112  stm32l0xx_hal_uart.o(i.UART_CheckIdleState)
    UART_SendMsg                             0x080032c5   Thumb Code    50  usart.o(i.UART_SendMsg)
    UART_SetConfig                           0x08003309   Thumb Code   690  stm32l0xx_hal_uart.o(i.UART_SetConfig)
    UART_WaitOnFlagUntilTimeout              0x080035dd   Thumb Code   112  stm32l0xx_hal_uart.o(i.UART_WaitOnFlagUntilTimeout)
    USART1_IRQHandler                        0x0800364d   Thumb Code    10  usart.o(i.USART1_IRQHandler)
    USART2_IRQHandler                        0x0800365d   Thumb Code    10  usart.o(i.USART2_IRQHandler)
    USARTConfig                              0x0800366d   Thumb Code   354  usart.o(i.USARTConfig)
    __ARM_common_ll_muluu                    0x080037ed   Thumb Code    48  stm32l0xx_hal_uart.o(i.__ARM_common_ll_muluu)
    __ARM_common_switch8                     0x0800381d   Thumb Code    28  process.o(i.__ARM_common_switch8)
    __scatterload_copy                       0x08003839   Thumb Code    14  handlers.o(i.__scatterload_copy)
    __scatterload_null                       0x08003847   Thumb Code     2  handlers.o(i.__scatterload_null)
    __scatterload_zeroinit                   0x08003849   Thumb Code    14  handlers.o(i.__scatterload_zeroinit)
    ack_flag                                 0x08003859   Thumb Code     6  lora_com.o(i.ack_flag)
    addRecord                                0x08003865   Thumb Code   118  process.o(i.addRecord)
    calDateTime                              0x080038e1   Thumb Code   108  rtc_alarm.o(i.calDateTime)
    clear_ack_flag                           0x08003955   Thumb Code     8  lora_com.o(i.clear_ack_flag)
    clear_tx_done_flag                       0x08003961   Thumb Code     8  lora_com.o(i.clear_tx_done_flag)
    cmdSwitchEn                              0x0800396d   Thumb Code    44  sx1276.o(i.cmdSwitchEn)
    cmdSwitchPA                              0x0800399d   Thumb Code    64  sx1276.o(i.cmdSwitchPA)
    copy_data_to_lora_txBuf                  0x080039e1   Thumb Code   194  main.o(i.copy_data_to_lora_txBuf)
    delAllRecord                             0x08003ab1   Thumb Code    42  process.o(i.delAllRecord)
    delLastRecord                            0x08003ae1   Thumb Code    52  process.o(i.delLastRecord)
    enable_doorBell                          0x08003b19   Thumb Code    34  temp.o(i.enable_doorBell)
    fingerSearchFrame                        0x08003b3b   Thumb Code    54  finger.o(i.fingerSearchFrame)
    finger_OpSta                             0x08003b71   Thumb Code   168  process.o(i.finger_OpSta)
    finger_callBack                          0x08003c29   Thumb Code   220  process.o(i.finger_callBack)
    finger_cmd_wait_timeOut                  0x08003d15   Thumb Code    38  finger.o(i.finger_cmd_wait_timeOut)
    finger_cmd_wait_time_update              0x08003d41   Thumb Code    12  finger.o(i.finger_cmd_wait_time_update)
    finger_processACK                        0x08003d79   Thumb Code   270  finger.o(i.finger_processACK)
    finger_processCMD                        0x08003e9d   Thumb Code     2  finger.o(i.finger_processCMD)
    finger_processDATA                       0x08003ea1   Thumb Code    82  finger.o(i.finger_processDATA)
    finger_processEND                        0x08003f05   Thumb Code    70  finger.o(i.finger_processEND)
    init_PowerControl_Configuration          0x08003fe1   Thumb Code    78  lowpower.o(i.init_PowerControl_Configuration)
    init_RTC                                 0x08004035   Thumb Code   196  rtc_alarm.o(i.init_RTC)
    init_finger_touch_int                    0x08004105   Thumb Code    78  finger.o(i.init_finger_touch_int)
    init_led                                 0x0800415d   Thumb Code    26  led.o(i.init_led)
    init_lock_com                            0x0800417d   Thumb Code    34  lock.o(i.init_lock_com)
    init_lora_txDataBuf                      0x080041a5   Thumb Code    68  lora_com.o(i.init_lora_txDataBuf)
    isEmptyRecord                            0x08004251   Thumb Code    34  process.o(i.isEmptyRecord)
    is_txBuf_empty                           0x08004279   Thumb Code    40  lora_com.o(i.is_txBuf_empty)
    local_ticktime                           0x080042a1   Thumb Code     6  globalvar.o(i.local_ticktime)
    lock_cmd_timeout_callback                0x080042dd   Thumb Code   104  process.o(i.lock_cmd_timeout_callback)
    lock_rx_check                            0x0800434d   Thumb Code   146  process.o(i.lock_rx_check)
    lora_RWByte                              0x080043df   Thumb Code    20  sx1276.o(i.lora_RWByte)
    lora_com_fsm                             0x080043f5   Thumb Code   280  lora_com.o(i.lora_com_fsm)
    main                                     0x08004521   Thumb Code   380  main.o(i.main)
    next_op                                  0x080046c1   Thumb Code   162  process.o(i.next_op)
    powerOff_finger                          0x0800476d   Thumb Code    22  lowpower.o(i.powerOff_finger)
    powerOn_LoRa                             0x08004789   Thumb Code    22  lowpower.o(i.powerOn_LoRa)
    powerOn_finger                           0x080047a5   Thumb Code    22  lowpower.o(i.powerOn_finger)
    process_fingerRxBuffer                   0x080047c1   Thumb Code   392  process.o(i.process_fingerRxBuffer)
    process_lockUnitRxBuffer                 0x0800495d   Thumb Code   856  process.o(i.process_lockUnitRxBuffer)
    process_serverRxBuffer                   0x08004ce1   Thumb Code   284  process.o(i.process_serverRxBuffer)
    register_rf_func                         0x08004e15   Thumb Code    50  sx1276.o(i.register_rf_func)
    remove_datas_from_txBuf                  0x08004e4d   Thumb Code    22  lora_com.o(i.remove_datas_from_txBuf)
    sendCmd_deletChar                        0x08004e65   Thumb Code    50  finger.o(i.sendCmd_deletChar)
    sendCmd_downChar                         0x08004ea1   Thumb Code    36  finger.o(i.sendCmd_downChar)
    sendCmd_empty                            0x08004ecd   Thumb Code    30  finger.o(i.sendCmd_empty)
    sendCmd_genChar                          0x08004ef5   Thumb Code    36  finger.o(i.sendCmd_genChar)
    sendCmd_getImg                           0x08004f21   Thumb Code    28  finger.o(i.sendCmd_getImg)
    sendCmd_search                           0x08004f45   Thumb Code    54  finger.o(i.sendCmd_search)
    sendCmd_store                            0x08004f85   Thumb Code    44  finger.o(i.sendCmd_store)
    sendData_downchar                        0x08004fb9   Thumb Code    84  finger.o(i.sendData_downchar)
    sendToServer                             0x0800500d   Thumb Code   114  main.o(i.sendToServer)
    send_cmd_to_lock                         0x08005081   Thumb Code   144  lock.o(i.send_cmd_to_lock)
    send_to_finger                           0x08005115   Thumb Code   150  finger.o(i.send_to_finger)
    serverUpdateNode                         0x080051b5   Thumb Code   654  process.o(i.serverUpdateNode)
    set_ack_flag                             0x08005461   Thumb Code     8  lora_com.o(i.set_ack_flag)
    set_tx_done_flag                         0x0800546d   Thumb Code     8  lora_com.o(i.set_tx_done_flag)
    sys_fsm                                  0x080054a1   Thumb Code    30  main.o(i.sys_fsm)
    timeout                                  0x080054c5   Thumb Code    20  globalvar.o(i.timeout)
    tx_done_flag                             0x080054dd   Thumb Code     6  lora_com.o(i.tx_done_flag)
    update_sysIdle_tick                      0x080054e9   Thumb Code    16  main.o(i.update_sysIdle_tick)
    usart2_tx_AFGPIO_init                    0x080054fd   Thumb Code    38  usart.o(i.usart2_tx_AFGPIO_init)
    usart2_tx_gpio_init                      0x08005523   Thumb Code    32  lock.o(i.usart2_tx_gpio_init)
    write_datas_to_txBuf                     0x08005543   Thumb Code    88  lora_com.o(i.write_datas_to_txBuf)
    AHBPrescTable                            0x080055a4   Data          16  system_stm32l0xx.o(.constdata)
    APBPrescTable                            0x080055b4   Data           8  system_stm32l0xx.o(.constdata)
    PLLMulTable                              0x080055bc   Data           9  system_stm32l0xx.o(.constdata)
    power_data                               0x08005624   Data           8  sx1276.o(.constdata)
    Region$$Table$$Base                      0x080056b4   Number         0  anon$$obj.o(Region$$Table)
    Region$$Table$$Limit                     0x080056d4   Number         0  anon$$obj.o(Region$$Table)
    bell_update                              0x20000000   Data           1  main.o(.data)
    alarm_valid                              0x20000001   Data           1  main.o(.data)
    SystemCoreClock                          0x20000008   Data           4  system_stm32l0xx.o(.data)
    openLockType                             0x2000000c   Data           1  process.o(.data)
    openLockTime                             0x2000000d   Data           5  process.o(.data)
    lora_fsm                                 0x20000012   Data           1  lora_com.o(.data)
    uwTick                                   0x20000014   Data           4  stm32l0xx_hal.o(.data)
    _schd_last_microsecond                   0x20000018   Data           4  schd.o(.data)
    _localTimeTick_ms                        0x2000001c   Data           4  globalvar.o(.data)
    finger_fsm                               0x20000020   Data           2  finger.o(.data)
    finger_com                               0x20000024   Data           8  finger.o(.data)
    finger_lib                               0x2000002c   Data           2  finger.o(.data)
    lockUnit                                 0x20000030   Data           8  lock.o(.data)
    SpixTimeout                              0x20000038   Data           4  spi.o(.data)
    usart1_rx_flag                           0x2000003c   Data           8  usart.o(.data)
    usart2_rx_flag                           0x20000044   Data           8  usart.o(.data)
    power                                    0x2000004c   Data          24  lowpower.o(.data)
    sys_para                                 0x20000064   Data          16  main.o(.bss)
    user_mag                                 0x20000074   Data          26  main.o(.bss)
    record                                   0x2000008e   Data         140  process.o(.bss)
    lora_txBuf                               0x2000011c   Data         516  lora_com.o(.bss)
    lora_data                                0x20000320   Data         259  lora_com.o(.bss)
    _schd_items                              0x20000424   Data        1280  schd.o(.bss)
    up_download_finger                       0x20000924   Data         784  finger.o(.bss)
    finger                                   0x20000c34   Data         154  finger.o(.bss)
    lock_com                                 0x20000cd0   Data          40  lock.o(.bss)
    _leds_defines                            0x20000cf8   Data          24  led.o(.bss)
    hnucleo_Spi                              0x20000d10   Data          88  spi.o(.bss)
    lpTypefunc                               0x20000d68   Data          16  sx1276.o(.bss)
    UartHandle2                              0x20000d78   Data         112  usart.o(.bss)
    UartHandle1                              0x20000de8   Data         112  usart.o(.bss)
    UART2_RxBuffer                           0x20000e58   Data          60  usart.o(.bss)
    UART2_TxBuffer                           0x20000e94   Data          60  usart.o(.bss)
    UART1_RxBuffer                           0x20000ed0   Data         900  usart.o(.bss)
    UART1_TxBuffer                           0x20001254   Data         150  usart.o(.bss)
    hrtc                                     0x200012ec   Data          36  rtc_alarm.o(.bss)
    __initial_sp                             0x20001d10   Data           0  startup_stm32l051xx.o(STACK)



==============================================================================

Memory Map of the image

  Image Entry point : 0x080000c1

  Load Region LR_IROM1 (Base: 0x08000000, Size: 0x00005738, Max: 0x00010000, ABSOLUTE)

    Execution Region ER_IROM1 (Base: 0x08000000, Size: 0x000056d4, Max: 0x00010000, ABSOLUTE)

    Base Addr    Size         Type   Attr      Idx    E Section Name        Object

    0x08000000   0x000000c0   Data   RO            3    RESET               startup_stm32l051xx.o
    0x080000c0   0x00000000   Code   RO         3209  * .ARM.Collect$$$$00000000  mc_p.l(entry.o)
    0x080000c0   0x00000004   Code   RO         3228    .ARM.Collect$$$$00000001  mc_p.l(entry2.o)
    0x080000c4   0x00000004   Code   RO         3231    .ARM.Collect$$$$00000004  mc_p.l(entry5.o)
    0x080000c8   0x00000000   Code   RO         3233    .ARM.Collect$$$$00000008  mc_p.l(entry7b.o)
    0x080000c8   0x00000000   Code   RO         3235    .ARM.Collect$$$$0000000A  mc_p.l(entry8b.o)
    0x080000c8   0x00000008   Code   RO         3236    .ARM.Collect$$$$0000000B  mc_p.l(entry9a.o)
    0x080000d0   0x00000000   Code   RO         3238    .ARM.Collect$$$$0000000D  mc_p.l(entry10a.o)
    0x080000d0   0x00000000   Code   RO         3240    .ARM.Collect$$$$0000000F  mc_p.l(entry11a.o)
    0x080000d0   0x00000004   Code   RO         3229    .ARM.Collect$$$$00002712  mc_p.l(entry2.o)
    0x080000d4   0x0000001c   Code   RO            4    .text               startup_stm32l051xx.o
    0x080000f0   0x0000002c   Code   RO         3212    .text               mc_p.l(uidiv.o)
    0x0800011c   0x00000028   Code   RO         3214    .text               mc_p.l(idiv.o)
    0x08000144   0x00000060   Code   RO         3216    .text               mc_p.l(uldiv.o)
    0x080001a4   0x00000040   Code   RO         3220    .text               mc_p.l(memmovea.o)
    0x080001e4   0x00000024   Code   RO         3222    .text               mc_p.l(memseta.o)
    0x08000208   0x00000020   Code   RO         3242    .text               mc_p.l(llshl.o)
    0x08000228   0x00000022   Code   RO         3244    .text               mc_p.l(llushr.o)
    0x0800024a   0x00000002   PAD
    0x0800024c   0x00000024   Code   RO         3246    .text               mc_p.l(init.o)
    0x08000270   0x0000001a   Code   RO         2740    i.Delay1s           sx1276.o
    0x0800028a   0x00000002   PAD
    0x0800028c   0x00000014   Code   RO         2599    i.Delay_1ms         delay.o
    0x080002a0   0x00000016   Code   RO         2601    i.Delay_nms         delay.o
    0x080002b6   0x0000000a   Code   RO          343    i.EXTI0_1_IRQHandler  stm32l0xx_it.o
    0x080002c0   0x0000000a   Code   RO          344    i.EXTI2_3_IRQHandler  stm32l0xx_it.o
    0x080002ca   0x0000000c   Code   RO          345    i.EXTI4_15_IRQHandler  stm32l0xx_it.o
    0x080002d6   0x00000002   PAD
    0x080002d8   0x00000088   Code   RO         2741    i.FUN_RF_SENDPACKET  sx1276.o
    0x08000360   0x00000024   Code   RO           12    i.GetLockCode       main.o
    0x08000384   0x000000b4   Code   RO         1884    i.HAL_DMA_Abort_IT  stm32l0xx_hal_dma.o
    0x08000438   0x0000003c   Code   RO           13    i.HAL_GPIO_EXTI_Callback  main.o
    0x08000474   0x00000020   Code   RO          932    i.HAL_GPIO_EXTI_IRQHandler  stm32l0xx_hal_gpio.o
    0x08000494   0x000001ec   Code   RO          933    i.HAL_GPIO_Init     stm32l0xx_hal_gpio.o
    0x08000680   0x0000000c   Code   RO          937    i.HAL_GPIO_WritePin  stm32l0xx_hal_gpio.o
    0x0800068c   0x0000000c   Code   RO          676    i.HAL_GetTick       stm32l0xx_hal.o
    0x08000698   0x00000010   Code   RO          677    i.HAL_IncTick       stm32l0xx_hal.o
    0x080006a8   0x0000002c   Code   RO          678    i.HAL_Init          stm32l0xx_hal.o
    0x080006d4   0x00000028   Code   RO          679    i.HAL_InitTick      stm32l0xx_hal.o
    0x080006fc   0x00000002   Code   RO          681    i.HAL_MspInit       stm32l0xx_hal.o
    0x080006fe   0x00000002   PAD
    0x08000700   0x00000018   Code   RO          832    i.HAL_NVIC_DisableIRQ  stm32l0xx_hal_cortex.o
    0x08000718   0x00000018   Code   RO          833    i.HAL_NVIC_EnableIRQ  stm32l0xx_hal_cortex.o
    0x08000730   0x00000012   Code   RO          837    i.HAL_NVIC_SetPriority  stm32l0xx_hal_cortex.o
    0x08000742   0x00000002   PAD
    0x08000744   0x00000230   Code   RO         3156    i.HAL_RCCEx_PeriphCLKConfig  stm32l0xx_hal_rcc_ex.o
    0x08000974   0x000001f8   Code   RO         1135    i.HAL_RCC_ClockConfig  stm32l0xx_hal_rcc.o
    0x08000b6c   0x0000000c   Code   RO         1139    i.HAL_RCC_GetHCLKFreq  stm32l0xx_hal_rcc.o
    0x08000b78   0x00000024   Code   RO         1141    i.HAL_RCC_GetPCLK1Freq  stm32l0xx_hal_rcc.o
    0x08000b9c   0x00000024   Code   RO         1142    i.HAL_RCC_GetPCLK2Freq  stm32l0xx_hal_rcc.o
    0x08000bc0   0x000000e4   Code   RO         1143    i.HAL_RCC_GetSysClockFreq  stm32l0xx_hal_rcc.o
    0x08000ca4   0x00000620   Code   RO         1146    i.HAL_RCC_OscConfig  stm32l0xx_hal_rcc.o
    0x080012c4   0x00000002   Code   RO         2095    i.HAL_RTCEx_AlarmBEventCallback  stm32l0xx_hal_rtc_ex.o
    0x080012c6   0x00000012   Code   RO         2096    i.HAL_RTCEx_BKUPRead  stm32l0xx_hal_rtc_ex.o
    0x080012d8   0x00000012   Code   RO         2097    i.HAL_RTCEx_BKUPWrite  stm32l0xx_hal_rtc_ex.o
    0x080012ea   0x00000002   PAD
    0x080012ec   0x00000078   Code   RO         3082    i.HAL_RTC_AlarmAEventCallback  rtc_alarm.o
    0x08001364   0x00000088   Code   RO         1962    i.HAL_RTC_AlarmIRQHandler  stm32l0xx_hal_rtc.o
    0x080013ec   0x000000c8   Code   RO         1969    i.HAL_RTC_Init      stm32l0xx_hal_rtc.o
    0x080014b4   0x00000034   Code   RO         3084    i.HAL_RTC_MspInit   rtc_alarm.o
    0x080014e8   0x0000025c   Code   RO         1974    i.HAL_RTC_SetAlarm_IT  stm32l0xx_hal_rtc.o
    0x08001744   0x00000130   Code   RO         1975    i.HAL_RTC_SetDate   stm32l0xx_hal_rtc.o
    0x08001874   0x00000154   Code   RO         1976    i.HAL_RTC_SetTime   stm32l0xx_hal_rtc.o
    0x080019c8   0x0000003c   Code   RO         1977    i.HAL_RTC_WaitForSynchro  stm32l0xx_hal_rtc.o
    0x08001a04   0x0000003a   Code   RO         1234    i.HAL_SPI_DeInit    stm32l0xx_hal_spi.o
    0x08001a3e   0x00000008   Code   RO         1237    i.HAL_SPI_GetState  stm32l0xx_hal_spi.o
    0x08001a46   0x0000008e   Code   RO         1239    i.HAL_SPI_Init      stm32l0xx_hal_spi.o
    0x08001ad4   0x00000002   Code   RO         1240    i.HAL_SPI_MspDeInit  stm32l0xx_hal_spi.o
    0x08001ad6   0x00000002   Code   RO         1241    i.HAL_SPI_MspInit   stm32l0xx_hal_spi.o
    0x08001ad8   0x0000037e   Code   RO         1248    i.HAL_SPI_TransmitReceive  stm32l0xx_hal_spi.o
    0x08001e56   0x00000002   PAD
    0x08001e58   0x00000024   Code   RO          839    i.HAL_SYSTICK_CLKSourceConfig  stm32l0xx_hal_cortex.o
    0x08001e7c   0x00000038   Code   RO          841    i.HAL_SYSTICK_Config  stm32l0xx_hal_cortex.o
    0x08001eb4   0x00000002   Code   RO         1822    i.HAL_UARTEx_WakeupCallback  stm32l0xx_hal_uart_ex.o
    0x08001eb6   0x00000002   PAD
    0x08001eb8   0x00000048   Code   RO         2963    i.HAL_UART_ErrorCallback  usart.o
    0x08001f00   0x00000190   Code   RO         1491    i.HAL_UART_IRQHandler  stm32l0xx_hal_uart.o
    0x08002090   0x00000082   Code   RO         1492    i.HAL_UART_Init     stm32l0xx_hal_uart.o
    0x08002112   0x00000002   Code   RO         1494    i.HAL_UART_MspInit  stm32l0xx_hal_uart.o
    0x08002114   0x000000ec   Code   RO         1497    i.HAL_UART_Receive_IT  stm32l0xx_hal_uart.o
    0x08002200   0x00000048   Code   RO           14    i.HAL_UART_RxCpltCallback  main.o
    0x08002248   0x000000f0   Code   RO         1500    i.HAL_UART_Transmit  stm32l0xx_hal_uart.o
    0x08002338   0x00000004   Code   RO          346    i.HardFault_Handler  stm32l0xx_it.o
    0x0800233c   0x000000ac   Code   RO         2640    i.LED_Configuration  led.o
    0x080023e8   0x00000038   Code   RO         2641    i.LED_OFF           led.o
    0x08002420   0x00000038   Code   RO         2642    i.LED_ON            led.o
    0x08002458   0x00000098   Code   RO         2742    i.Lora_GPIO_Config  sx1276.o
    0x080024f0   0x00000034   Code   RO         2743    i.Lora_Init         sx1276.o
    0x08002524   0x00000038   Code   RO          563    i.Lora_Send         lora_com.o
    0x0800255c   0x00000002   Code   RO          347    i.NMI_Handler       stm32l0xx_it.o
    0x0800255e   0x00000002   PAD
    0x08002560   0x00000078   Code   RO          843    i.NVIC_SetPriority  stm32l0xx_hal_cortex.o
    0x080025d8   0x00000002   Code   RO          348    i.PendSV_Handler    stm32l0xx_it.o
    0x080025da   0x00000002   PAD
    0x080025dc   0x00000098   Code   RO         1147    i.RCC_SetFlashLatencyFromMSIRange  stm32l0xx_hal_rcc.o
    0x08002674   0x0000003c   Code   RO         2745    i.RF_RECEIVE        sx1276.o
    0x080026b0   0x00000028   Code   RO         2746    i.RF_SLEEP          sx1276.o
    0x080026d8   0x0000001a   Code   RO         1978    i.RTC_Bcd2ToByte    stm32l0xx_hal_rtc.o
    0x080026f2   0x0000001a   Code   RO         1979    i.RTC_ByteToBcd2    stm32l0xx_hal_rtc.o
    0x0800270c   0x00000042   Code   RO         1980    i.RTC_EnterInitMode  stm32l0xx_hal_rtc.o
    0x0800274e   0x00000002   PAD
    0x08002750   0x00000010   Code   RO         3085    i.RTC_IRQHandler    rtc_alarm.o
    0x08002760   0x00000118   Code   RO         1269    i.SPI_WaitOnFlagUntilTimeout  stm32l0xx_hal_spi.o
    0x08002878   0x00000014   Code   RO         2687    i.SPIx_Error        spi.o
    0x0800288c   0x00000054   Code   RO         2688    i.SPIx_Init         spi.o
    0x080028e0   0x0000009c   Code   RO         2689    i.SPIx_MspInit      spi.o
    0x0800297c   0x00000030   Code   RO         2692    i.SPIx_WriteReadData  spi.o
    0x080029ac   0x00000002   Code   RO          349    i.SVC_Handler       stm32l0xx_it.o
    0x080029ae   0x00000002   PAD
    0x080029b0   0x0000005c   Code   RO         2747    i.SX1276LORA_INT    sx1276.o
    0x08002a0c   0x00000020   Code   RO         2748    i.SX1276LoRaFsk     sx1276.o
    0x08002a2c   0x00000022   Code   RO         2749    i.SX1276LoRaSetErrorCoding  sx1276.o
    0x08002a4e   0x00000020   Code   RO         2750    i.SX1276LoRaSetImplicitHeaderOn  sx1276.o
    0x08002a6e   0x00000022   Code   RO         2751    i.SX1276LoRaSetMobileNode  sx1276.o
    0x08002a90   0x00000020   Code   RO         2752    i.SX1276LoRaSetNbTrigPeaks  sx1276.o
    0x08002ab0   0x00000020   Code   RO         2753    i.SX1276LoRaSetOpMode  sx1276.o
    0x08002ad0   0x00000022   Code   RO         2754    i.SX1276LoRaSetPacketCrcOn  sx1276.o
    0x08002af2   0x0000000e   Code   RO         2755    i.SX1276LoRaSetPayloadLength  sx1276.o
    0x08002b00   0x0000002c   Code   RO         2757    i.SX1276LoRaSetRFFrequency  sx1276.o
    0x08002b2c   0x0000001c   Code   RO         2758    i.SX1276LoRaSetRFPower  sx1276.o
    0x08002b48   0x00000020   Code   RO         2759    i.SX1276LoRaSetSignalBandwidth  sx1276.o
    0x08002b68   0x00000026   Code   RO         2760    i.SX1276LoRaSetSpreadingFactor  sx1276.o
    0x08002b8e   0x00000044   Code   RO         2761    i.SX1276LoRaSetSymbTimeout  sx1276.o
    0x08002bd2   0x00000002   PAD
    0x08002bd4   0x00000030   Code   RO         2762    i.SX1276ReadBuffer  sx1276.o
    0x08002c04   0x0000002c   Code   RO         2763    i.SX1276Reset       sx1276.o
    0x08002c30   0x00000030   Code   RO         2764    i.SX1276WriteBuffer  sx1276.o
    0x08002c60   0x0000000e   Code   RO         2765    i.SX1276_GetVersion  sx1276.o
    0x08002c6e   0x00000002   Code   RO         2766    i.SX1276_InitFailed  sx1276.o
    0x08002c70   0x00000002   Code   RO         2767    i.SX1276_InitSuccess  sx1276.o
    0x08002c72   0x00000002   PAD
    0x08002c74   0x000000bc   Code   RO         2768    i.SX1276_LoRa_SetDataRate  sx1276.o
    0x08002d30   0x000000c0   Code   RO         2769    i.SX1278_Interupt   sx1276.o
    0x08002df0   0x00000060   Code   RO         2305    i.Schd_After        schd.o
    0x08002e50   0x00000026   Code   RO         2306    i.Schd_After_Int    schd.o
    0x08002e76   0x00000002   PAD
    0x08002e78   0x000000d4   Code   RO         2307    i.Schd_Run          schd.o
    0x08002f4c   0x00000020   Code   RO         2335    i.SysTick_Handler   globalvar.o
    0x08002f6c   0x000000bc   Code   RO           15    i.SystemClock_Config  main.o
    0x08003028   0x00000068   Code   RO          292    i.SystemInit        system_stm32l0xx.o
    0x08003090   0x000000f0   Code   RO         1505    i.UART_AdvFeatureConfig  stm32l0xx_hal_uart.o
    0x08003180   0x00000074   Code   RO         1506    i.UART_CheckIdleState  stm32l0xx_hal_uart.o
    0x080031f4   0x00000018   Code   RO         1507    i.UART_DMAAbortOnError  stm32l0xx_hal_uart.o
    0x0800320c   0x00000022   Code   RO         1517    i.UART_EndRxTransfer  stm32l0xx_hal_uart.o
    0x0800322e   0x00000096   Code   RO         1520    i.UART_Receive_IT   stm32l0xx_hal_uart.o
    0x080032c4   0x00000044   Code   RO         2964    i.UART_SendMsg      usart.o
    0x08003308   0x000002d4   Code   RO         1521    i.UART_SetConfig    stm32l0xx_hal_uart.o
    0x080035dc   0x00000070   Code   RO         1523    i.UART_WaitOnFlagUntilTimeout  stm32l0xx_hal_uart.o
    0x0800364c   0x00000010   Code   RO         2965    i.USART1_IRQHandler  usart.o
    0x0800365c   0x00000010   Code   RO         2966    i.USART2_IRQHandler  usart.o
    0x0800366c   0x00000180   Code   RO         2967    i.USARTConfig       usart.o
    0x080037ec   0x00000030   Code   RO         1808    i.__ARM_common_ll_muluu  stm32l0xx_hal_uart.o
    0x0800381c   0x0000001c   Code   RO          549    i.__ARM_common_switch8  process.o
    0x08003838   0x0000000e   Code   RO         3250    i.__scatterload_copy  mc_p.l(handlers.o)
    0x08003846   0x00000002   Code   RO         3251    i.__scatterload_null  mc_p.l(handlers.o)
    0x08003848   0x0000000e   Code   RO         3252    i.__scatterload_zeroinit  mc_p.l(handlers.o)
    0x08003856   0x00000002   PAD
    0x08003858   0x0000000c   Code   RO          564    i.ack_flag          lora_com.o
    0x08003864   0x0000007c   Code   RO          440    i.addRecord         process.o
    0x080038e0   0x00000074   Code   RO         3086    i.calDateTime       rtc_alarm.o
    0x08003954   0x0000000c   Code   RO          565    i.clear_ack_flag    lora_com.o
    0x08003960   0x0000000c   Code   RO          566    i.clear_tx_done_flag  lora_com.o
    0x0800396c   0x00000030   Code   RO         2770    i.cmdSwitchEn       sx1276.o
    0x0800399c   0x00000044   Code   RO         2771    i.cmdSwitchPA       sx1276.o
    0x080039e0   0x000000d0   Code   RO           16    i.copy_data_to_lora_txBuf  main.o
    0x08003ab0   0x00000030   Code   RO          441    i.delAllRecord      process.o
    0x08003ae0   0x00000038   Code   RO          443    i.delLastRecord     process.o
    0x08003b18   0x00000022   Code   RO          407    i.enable_doorBell   temp.o
    0x08003b3a   0x00000036   Code   RO         2382    i.fingerSearchFrame  finger.o
    0x08003b70   0x000000b8   Code   RO          444    i.finger_OpSta      process.o
    0x08003c28   0x000000ec   Code   RO          445    i.finger_callBack   process.o
    0x08003d14   0x0000002c   Code   RO         2383    i.finger_cmd_wait_timeOut  finger.o
    0x08003d40   0x00000010   Code   RO         2384    i.finger_cmd_wait_time_update  finger.o
    0x08003d50   0x00000026   Code   RO          446    i.finger_powerOn_ack  process.o
    0x08003d76   0x00000002   PAD
    0x08003d78   0x00000124   Code   RO         2385    i.finger_processACK  finger.o
    0x08003e9c   0x00000002   Code   RO         2386    i.finger_processCMD  finger.o
    0x08003e9e   0x00000002   PAD
    0x08003ea0   0x00000064   Code   RO         2387    i.finger_processDATA  finger.o
    0x08003f04   0x00000054   Code   RO         2388    i.finger_processEND  finger.o
    0x08003f58   0x0000004c   Code   RO           18    i.flash_running_led  main.o
    0x08003fa4   0x0000003c   Code   RO           19    i.initDrivers       main.o
    0x08003fe0   0x00000054   Code   RO         3022    i.init_PowerControl_Configuration  lowpower.o
    0x08004034   0x000000d0   Code   RO         3087    i.init_RTC          rtc_alarm.o
    0x08004104   0x00000058   Code   RO         2389    i.init_finger_touch_int  finger.o
    0x0800415c   0x00000020   Code   RO         2644    i.init_led          led.o
    0x0800417c   0x00000028   Code   RO         2540    i.init_lock_com     lock.o
    0x080041a4   0x00000044   Code   RO          567    i.init_lora_txDataBuf  lora_com.o
    0x080041e8   0x00000068   Code   RO           20    i.init_para_variables  main.o
    0x08004250   0x00000028   Code   RO          447    i.isEmptyRecord     process.o
    0x08004278   0x00000028   Code   RO          568    i.is_txBuf_empty    lora_com.o
    0x080042a0   0x0000000c   Code   RO         2337    i.local_ticktime    globalvar.o
    0x080042ac   0x00000030   Code   RO         2541    i.lock_CMD_resend_setting  lock.o
    0x080042dc   0x00000070   Code   RO          448    i.lock_cmd_timeout_callback  process.o
    0x0800434c   0x00000092   Code   RO          449    i.lock_rx_check     process.o
    0x080043de   0x00000014   Code   RO         2772    i.lora_RWByte       sx1276.o
    0x080043f2   0x00000002   PAD
    0x080043f4   0x0000012c   Code   RO          569    i.lora_com_fsm      lora_com.o
    0x08004520   0x000001a0   Code   RO           21    i.main              main.o
    0x080046c0   0x000000ac   Code   RO          451    i.next_op           process.o
    0x0800476c   0x0000001c   Code   RO         3024    i.powerOff_finger   lowpower.o
    0x08004788   0x0000001c   Code   RO         3025    i.powerOn_LoRa      lowpower.o
    0x080047a4   0x0000001c   Code   RO         3026    i.powerOn_finger    lowpower.o
    0x080047c0   0x0000019c   Code   RO          452    i.process_fingerRxBuffer  process.o
    0x0800495c   0x00000384   Code   RO          453    i.process_lockUnitRxBuffer  process.o
    0x08004ce0   0x00000134   Code   RO          454    i.process_serverRxBuffer  process.o
    0x08004e14   0x00000038   Code   RO         2773    i.register_rf_func  sx1276.o
    0x08004e4c   0x00000016   Code   RO          570    i.remove_datas_from_txBuf  lora_com.o
    0x08004e62   0x00000002   PAD
    0x08004e64   0x0000003c   Code   RO         2390    i.sendCmd_deletChar  finger.o
    0x08004ea0   0x0000002c   Code   RO         2391    i.sendCmd_downChar  finger.o
    0x08004ecc   0x00000028   Code   RO         2392    i.sendCmd_empty     finger.o
    0x08004ef4   0x0000002c   Code   RO         2393    i.sendCmd_genChar   finger.o
    0x08004f20   0x00000024   Code   RO         2394    i.sendCmd_getImg    finger.o
    0x08004f44   0x00000040   Code   RO         2398    i.sendCmd_search    finger.o
    0x08004f84   0x00000034   Code   RO         2399    i.sendCmd_store     finger.o
    0x08004fb8   0x00000054   Code   RO         2402    i.sendData_downchar  finger.o
    0x0800500c   0x00000072   Code   RO           22    i.sendToServer      main.o
    0x0800507e   0x00000002   PAD
    0x08005080   0x00000094   Code   RO         2543    i.send_cmd_to_lock  lock.o
    0x08005114   0x000000a0   Code   RO         2403    i.send_to_finger    finger.o
    0x080051b4   0x000002ac   Code   RO          455    i.serverUpdateNode  process.o
    0x08005460   0x0000000c   Code   RO          571    i.set_ack_flag      lora_com.o
    0x0800546c   0x0000000c   Code   RO          572    i.set_tx_done_flag  lora_com.o
    0x08005478   0x00000028   Code   RO           23    i.sysIdle_timeout   main.o
    0x080054a0   0x00000024   Code   RO           24    i.sys_fsm           main.o
    0x080054c4   0x00000018   Code   RO         2338    i.timeout           globalvar.o
    0x080054dc   0x0000000c   Code   RO          573    i.tx_done_flag      lora_com.o
    0x080054e8   0x00000014   Code   RO           25    i.update_sysIdle_tick  main.o
    0x080054fc   0x00000026   Code   RO         2968    i.usart2_tx_AFGPIO_init  usart.o
    0x08005522   0x00000020   Code   RO         2545    i.usart2_tx_gpio_init  lock.o
    0x08005542   0x00000058   Code   RO          574    i.write_datas_to_txBuf  lora_com.o
    0x0800559a   0x00000002   PAD
    0x0800559c   0x00000008   Data   RO           27    .constdata          main.o
    0x080055a4   0x00000021   Data   RO          293    .constdata          system_stm32l0xx.o
    0x080055c5   0x00000003   PAD
    0x080055c8   0x0000000a   Data   RO          457    .constdata          process.o
    0x080055d2   0x00000002   PAD
    0x080055d4   0x00000036   Data   RO         2405    .constdata          finger.o
    0x0800560a   0x00000002   PAD
    0x0800560c   0x00000018   Data   RO         2646    .constdata          led.o
    0x08005624   0x0000008c   Data   RO         2775    .constdata          sx1276.o
    0x080056b0   0x00000004   Data   RO         3090    .constdata          rtc_alarm.o
    0x080056b4   0x00000020   Data   RO         3248    Region$$Table       anon$$obj.o


    Execution Region RW_IRAM1 (Base: 0x20000000, Size: 0x00001d10, Max: 0x00002000, ABSOLUTE)

    Base Addr    Size         Type   Attr      Idx    E Section Name        Object

    0x20000000   0x00000008   Data   RW           28    .data               main.o
    0x20000008   0x00000004   Data   RW          294    .data               system_stm32l0xx.o
    0x2000000c   0x00000006   Data   RW          458    .data               process.o
    0x20000012   0x00000001   Data   RW          576    .data               lora_com.o
    0x20000013   0x00000001   PAD
    0x20000014   0x00000004   Data   RW          688    .data               stm32l0xx_hal.o
    0x20000018   0x00000004   Data   RW         2309    .data               schd.o
    0x2000001c   0x00000004   Data   RW         2340    .data               globalvar.o
    0x20000020   0x0000000e   Data   RW         2406    .data               finger.o
    0x2000002e   0x00000002   PAD
    0x20000030   0x00000008   Data   RW         2547    .data               lock.o
    0x20000038   0x00000004   Data   RW         2694    .data               spi.o
    0x2000003c   0x00000010   Data   RW         2970    .data               usart.o
    0x2000004c   0x00000018   Data   RW         3027    .data               lowpower.o
    0x20000064   0x0000002a   Zero   RW           26    .bss                main.o
    0x2000008e   0x0000008c   Zero   RW          456    .bss                process.o
    0x2000011a   0x00000002   PAD
    0x2000011c   0x00000307   Zero   RW          575    .bss                lora_com.o
    0x20000423   0x00000001   PAD
    0x20000424   0x00000500   Zero   RW         2308    .bss                schd.o
    0x20000924   0x000003aa   Zero   RW         2404    .bss                finger.o
    0x20000cce   0x00000002   PAD
    0x20000cd0   0x00000028   Zero   RW         2546    .bss                lock.o
    0x20000cf8   0x00000018   Zero   RW         2645    .bss                led.o
    0x20000d10   0x00000058   Zero   RW         2693    .bss                spi.o
    0x20000d68   0x00000010   Zero   RW         2774    .bss                sx1276.o
    0x20000d78   0x00000572   Zero   RW         2969    .bss                usart.o
    0x200012ea   0x00000002   PAD
    0x200012ec   0x00000024   Zero   RW         3089    .bss                rtc_alarm.o
    0x20001310   0x00000a00   Zero   RW            1    STACK               startup_stm32l051xx.o


==============================================================================

Image component sizes


      Code (inc. data)   RO Data    RW Data    ZI Data      Debug   Object Name

        42          6          0          0          0        940   delay.o
      1264        162         54         14        938      12474   finger.o
        68         16          0          4          0       2093   globalvar.o
       316         26         24          0         24       2962   led.o
       268         16          0          8         40       5601   lock.o
       646         54          0          1        775       7957   lora_com.o
       168         24          0         24          0       3072   lowpower.o
      1430        168          8          8         42     345088   main.o
      3488        222         10          6        140      11357   process.o
       512         46          4          0         36       3677   rtc_alarm.o
       346         16          0          4       1280       2666   schd.o
       308         28          0          4         88       2728   spi.o
        28          8        192          0       2560        672   startup_stm32l051xx.o
       114         18          0          4          0       3297   stm32l0xx_hal.o
       278         36          0          0          0      11657   stm32l0xx_hal_cortex.o
       180          6          0          0          0       1027   stm32l0xx_hal_dma.o
       536         36          0          0          0       2675   stm32l0xx_hal_gpio.o
      2536        112          0          0          0       6336   stm32l0xx_hal_rcc.o
       560         14          0          0          0       1344   stm32l0xx_hal_rcc_ex.o
      1762         40          0          0          0       6718   stm32l0xx_hal_rtc.o
        38          0          0          0          0       2083   stm32l0xx_hal_rtc_ex.o
      1386          0          0          0          0       5275   stm32l0xx_hal_spi.o
      2456         48          0          0          0       9156   stm32l0xx_hal_uart.o
         2          0          0          0          0        848   stm32l0xx_hal_uart_ex.o
        42          0          0          0          0       3065   stm32l0xx_it.o
      1742         84        140          0         16      18868   sx1276.o
       104         16         33          4          0       1347   system_stm32l0xx.o
        34          0          0          0          0        506   temp.o
       594         84          0         16       1394       5730   usart.o

    ----------------------------------------------------------------------
     21288       1286        504        100       7340     481219   Object Totals
         0          0         32          0          0          0   (incl. Generated)
        40          0          7          3          7          0   (incl. Padding)

    ----------------------------------------------------------------------

      Code (inc. data)   RO Data    RW Data    ZI Data      Debug   Library Member Name

         0          0          0          0          0          0   entry.o
         0          0          0          0          0          0   entry10a.o
         0          0          0          0          0          0   entry11a.o
         8          4          0          0          0          0   entry2.o
         4          0          0          0          0          0   entry5.o
         0          0          0          0          0          0   entry7b.o
         0          0          0          0          0          0   entry8b.o
         8          4          0          0          0          0   entry9a.o
        30          0          0          0          0          0   handlers.o
        40          0          0          0          0         72   idiv.o
        36          8          0          0          0         68   init.o
        32          0          0          0          0         68   llshl.o
        34          0          0          0          0         68   llushr.o
        64          0          0          0          0         68   memmovea.o
        36          0          0          0          0        100   memseta.o
        44          0          0          0          0         72   uidiv.o
        96          0          0          0          0         84   uldiv.o

    ----------------------------------------------------------------------
       436         16          0          0          0        600   Library Totals
         4          0          0          0          0          0   (incl. Padding)

    ----------------------------------------------------------------------

      Code (inc. data)   RO Data    RW Data    ZI Data      Debug   Library Name

       432         16          0          0          0        600   mc_p.l

    ----------------------------------------------------------------------
       436         16          0          0          0        600   Library Totals

    ----------------------------------------------------------------------

==============================================================================


      Code (inc. data)   RO Data    RW Data    ZI Data      Debug   

     21724       1302        504        100       7340     473611   Grand Totals
     21724       1302        504        100       7340     473611   ELF Image Totals
     21724       1302        504        100          0          0   ROM Totals

==============================================================================

    Total RO  Size (Code + RO Data)                22228 (  21.71kB)
    Total RW  Size (RW Data + ZI Data)              7440 (   7.27kB)
    Total ROM Size (Code + RO Data + RW Data)      22328 (  21.80kB)

==============================================================================

