Component: ARM Compiler 5.05 update 1 (build 106) Tool: armlink [4d0efa]

==============================================================================

Section Cross References

    startup_stm32l051xx.o(RESET) refers to startup_stm32l051xx.o(STACK) for __initial_sp
    startup_stm32l051xx.o(RESET) refers to startup_stm32l051xx.o(.text) for Reset_Handler
    startup_stm32l051xx.o(RESET) refers to stm32l0xx_it.o(i.NMI_Handler) for NMI_Handler
    startup_stm32l051xx.o(RESET) refers to stm32l0xx_it.o(i.HardFault_Handler) for HardFault_Handler
    startup_stm32l051xx.o(RESET) refers to stm32l0xx_it.o(i.SVC_Handler) for SVC_Handler
    startup_stm32l051xx.o(RESET) refers to stm32l0xx_it.o(i.PendSV_Handler) for PendSV_Handler
    startup_stm32l051xx.o(RESET) refers to globalvar.o(i.SysTick_Handler) for SysTick_Handler
    startup_stm32l051xx.o(RESET) refers to stm32l0xx_it.o(i.EXTI0_1_IRQHandler) for EXTI0_1_IRQHandler
    startup_stm32l051xx.o(RESET) refers to stm32l0xx_it.o(i.EXTI2_3_IRQHandler) for EXTI2_3_IRQHandler
    startup_stm32l051xx.o(RESET) refers to stm32l0xx_it.o(i.EXTI4_15_IRQHandler) for EXTI4_15_IRQHandler
    startup_stm32l051xx.o(RESET) refers to usart.o(i.USART1_IRQHandler) for USART1_IRQHandler
    startup_stm32l051xx.o(RESET) refers to usart.o(i.USART2_IRQHandler) for USART2_IRQHandler
    startup_stm32l051xx.o(.text) refers to system_stm32l0xx.o(i.SystemInit) for SystemInit
    startup_stm32l051xx.o(.text) refers to entry.o(.ARM.Collect$$$$00000000) for __main
    main.o(i.HAL_GPIO_EXTI_Callback) refers to sx1276.o(i.SX1278_Interupt) for SX1278_Interupt
    main.o(i.HAL_GPIO_EXTI_Callback) refers to stm32l0xx_hal_cortex.o(i.HAL_NVIC_EnableIRQ) for HAL_NVIC_EnableIRQ
    main.o(i.HAL_GPIO_EXTI_Callback) refers to main.o(i.update_sysIdle_tick) for update_sysIdle_tick
    main.o(i.HAL_GPIO_EXTI_Callback) refers to globalvar.o(i.local_ticktime) for local_ticktime
    main.o(i.HAL_GPIO_EXTI_Callback) refers to finger.o(.data) for finger_fsm
    main.o(i.HAL_UART_RxCpltCallback) refers to globalvar.o(i.local_ticktime) for local_ticktime
    main.o(i.HAL_UART_RxCpltCallback) refers to main.o(i.update_sysIdle_tick) for update_sysIdle_tick
    main.o(i.HAL_UART_RxCpltCallback) refers to usart.o(.data) for usart2_rx_flag
    main.o(i.SystemClock_Config) refers to stm32l0xx_hal_rcc.o(i.HAL_RCC_OscConfig) for HAL_RCC_OscConfig
    main.o(i.SystemClock_Config) refers to stm32l0xx_hal_rcc.o(i.HAL_RCC_ClockConfig) for HAL_RCC_ClockConfig
    main.o(i.SystemClock_Config) refers to stm32l0xx_hal_rcc.o(i.HAL_RCC_GetHCLKFreq) for HAL_RCC_GetHCLKFreq
    main.o(i.SystemClock_Config) refers to uidiv.o(.text) for __aeabi_uidivmod
    main.o(i.SystemClock_Config) refers to stm32l0xx_hal_cortex.o(i.HAL_SYSTICK_Config) for HAL_SYSTICK_Config
    main.o(i.SystemClock_Config) refers to stm32l0xx_hal_cortex.o(i.HAL_SYSTICK_CLKSourceConfig) for HAL_SYSTICK_CLKSourceConfig
    main.o(i._buf_send_to_server) refers to memseta.o(.text) for __aeabi_memclr4
    main.o(i._buf_send_to_server) refers to sx1276.o(i.Lora_Send) for Lora_Send
    main.o(i._buf_send_to_server) refers to main.o(.constdata) for .constdata
    main.o(i._buf_send_to_server) refers to main.o(.data) for node_ID
    main.o(i.delChar_success_callback) refers to main.o(i.server_send) for server_send
    main.o(i.downchar_callback) refers to finger.o(i.sendData_downchar) for sendData_downchar
    main.o(i.downchar_callback) refers to main.o(.bss) for up_download_finger
    main.o(i.enter_sleep) refers to stm32l0xx_hal_rcc.o(i.HAL_RCC_DeInit) for HAL_RCC_DeInit
    main.o(i.enter_sleep) refers to lowpower.o(i.gpio_reInit_before_stop) for gpio_reInit_before_stop
    main.o(i.enter_sleep) refers to led.o(i.LED_OFF) for LED_OFF
    main.o(i.enter_sleep) refers to lock.o(i.usart2_rx_enbale_int) for usart2_rx_enbale_int
    main.o(i.enter_sleep) refers to finger.o(i.init_finger_touch_int) for init_finger_touch_int
    main.o(i.enter_sleep) refers to lowpower.o(i.powerOff_LoRa) for powerOff_LoRa
    main.o(i.enter_sleep) refers to lowpower.o(i.powerOff_finger) for powerOff_finger
    main.o(i.enter_sleep) refers to lowpower.o(i.enter_StopMode) for enter_StopMode
    main.o(i.enter_sleep) refers to main.o(i.initDrivers) for initDrivers
    main.o(i.excute_update_node) refers to memseta.o(.text) for __aeabi_memclr4
    main.o(i.excute_update_node) refers to memcpya.o(.text) for __aeabi_memcpy
    main.o(i.excute_update_node) refers to lock.o(i.send_cmd_to_lock) for send_cmd_to_lock
    main.o(i.excute_update_node) refers to finger.o(.data) for finger_lib
    main.o(i.excute_update_node) refers to main.o(.bss) for user_mag
    main.o(i.finger_OpSta) refers to finger.o(i.finger_cmd_wait_timeOut) for finger_cmd_wait_timeOut
    main.o(i.finger_OpSta) refers to main.o(i.__ARM_common_switch8) for __ARM_common_switch8
    main.o(i.finger_OpSta) refers to finger.o(i.sendCmd_getImg) for sendCmd_getImg
[...]
    Removing stm32l0xx_hal.o(i.HAL_DBGMCU_EnableDBGStandbyMode), (20 bytes).
    Removing stm32l0xx_hal.o(i.HAL_DBGMCU_EnableDBGStopMode), (20 bytes).
    Removing stm32l0xx_hal.o(i.HAL_DeInit), (52 bytes).
    Removing stm32l0xx_hal.o(i.HAL_Delay), (26 bytes).
    Removing stm32l0xx_hal.o(i.HAL_GetHalVersion), (8 bytes).
    Removing stm32l0xx_hal.o(i.HAL_GetREVID), (12 bytes).
    Removing stm32l0xx_hal.o(i.HAL_MspDeInit), (2 bytes).
    Removing stm32l0xx_hal.o(i.HAL_ResumeTick), (20 bytes).
    Removing stm32l0xx_hal.o(i.HAL_SYSCFG_Disable_Lock_VREFINT), (20 bytes).
    Removing stm32l0xx_hal.o(i.HAL_SYSCFG_Enable_Lock_VREFINT), (20 bytes).
    Removing stm32l0xx_hal.o(i.HAL_SYSCFG_GetBootMode), (16 bytes).
    Removing stm32l0xx_hal.o(i.HAL_SYSCFG_VREFINT_OutputSelect), (28 bytes).
    Removing stm32l0xx_hal.o(i.HAL_SuspendTick), (20 bytes).
    Removing stm32l0xx_hal_cortex.o(.rev16_text), (4 bytes).
    Removing stm32l0xx_hal_cortex.o(.revsh_text), (4 bytes).
    Removing stm32l0xx_hal_cortex.o(i.HAL_MPU_ConfigRegion), (84 bytes).
    Removing stm32l0xx_hal_cortex.o(i.HAL_NVIC_ClearPendingIRQ), (24 bytes).
    Removing stm32l0xx_hal_cortex.o(i.HAL_NVIC_GetPendingIRQ), (40 bytes).
    Removing stm32l0xx_hal_cortex.o(i.HAL_NVIC_GetPriority), (72 bytes).
    Removing stm32l0xx_hal_cortex.o(i.HAL_NVIC_SetPendingIRQ), (24 bytes).
    Removing stm32l0xx_hal_cortex.o(i.HAL_NVIC_SystemReset), (56 bytes).
    Removing stm32l0xx_hal_cortex.o(i.HAL_SYSTICK_Callback), (2 bytes).
    Removing stm32l0xx_hal_cortex.o(i.HAL_SYSTICK_IRQHandler), (8 bytes).
    Removing stm32l0xx_hal_gpio.o(.rev16_text), (4 bytes).
    Removing stm32l0xx_hal_gpio.o(.revsh_text), (4 bytes).
    Removing stm32l0xx_hal_gpio.o(i.HAL_GPIO_DeInit), (280 bytes).
    Removing stm32l0xx_hal_gpio.o(i.HAL_GPIO_EXTI_Callback), (2 bytes).
    Removing stm32l0xx_hal_gpio.o(i.HAL_GPIO_LockPin), (50 bytes).
    Removing stm32l0xx_hal_gpio.o(i.HAL_GPIO_ReadPin), (18 bytes).
    Removing stm32l0xx_hal_iwdg.o(.rev16_text), (4 bytes).
    Removing stm32l0xx_hal_iwdg.o(.revsh_text), (4 bytes).
    Removing stm32l0xx_hal_iwdg.o(i.HAL_IWDG_Init), (108 bytes).
    Removing stm32l0xx_hal_iwdg.o(i.HAL_IWDG_Refresh), (16 bytes).
    Removing stm32l0xx_hal_pwr.o(.rev16_text), (4 bytes).
    Removing stm32l0xx_hal_pwr.o(.revsh_text), (4 bytes).
    Removing stm32l0xx_hal_pwr.o(i.HAL_PWR_ConfigPVD), (176 bytes).
    Removing stm32l0xx_hal_pwr.o(i.HAL_PWR_DeInit), (32 bytes).
    Removing stm32l0xx_hal_pwr.o(i.HAL_PWR_DisableBkUpAccess), (20 bytes).
    Removing stm32l0xx_hal_pwr.o(i.HAL_PWR_DisablePVD), (20 bytes).
    Removing stm32l0xx_hal_pwr.o(i.HAL_PWR_DisableSEVOnPend), (20 bytes).
    Removing stm32l0xx_hal_pwr.o(i.HAL_PWR_DisableSleepOnExit), (20 bytes).
    Removing stm32l0xx_hal_pwr.o(i.HAL_PWR_DisableWakeUpPin), (16 bytes).
    Removing stm32l0xx_hal_pwr.o(i.HAL_PWR_EnableBkUpAccess), (20 bytes).
    Removing stm32l0xx_hal_pwr.o(i.HAL_PWR_EnablePVD), (20 bytes).
    Removing stm32l0xx_hal_pwr.o(i.HAL_PWR_EnableSEVOnPend), (20 bytes).
    Removing stm32l0xx_hal_pwr.o(i.HAL_PWR_EnableSleepOnExit), (20 bytes).
    Removing stm32l0xx_hal_pwr.o(i.HAL_PWR_EnableWakeUpPin), (16 bytes).
    Removing stm32l0xx_hal_pwr.o(i.HAL_PWR_EnterSLEEPMode), (60 bytes).
    Removing stm32l0xx_hal_pwr.o(i.HAL_PWR_EnterSTANDBYMode), (40 bytes).
    Removing stm32l0xx_hal_pwr.o(i.HAL_PWR_EnterSTOPMode), (96 bytes).
    Removing stm32l0xx_hal_pwr.o(i.HAL_PWR_PVDCallback), (2 bytes).
    Removing stm32l0xx_hal_pwr.o(i.HAL_PWR_PVD_IRQHandler), (36 bytes).
    Removing stm32l0xx_hal_rcc.o(.rev16_text), (4 bytes).
    Removing stm32l0xx_hal_rcc.o(.revsh_text), (4 bytes).
    Removing stm32l0xx_hal_rcc.o(i.HAL_RCC_CSSCallback), (2 bytes).
    Removing stm32l0xx_hal_rcc.o(i.HAL_RCC_DeInit), (140 bytes).
    Removing stm32l0xx_hal_rcc.o(i.HAL_RCC_EnableCSS), (20 bytes).
    Removing stm32l0xx_hal_rcc.o(i.HAL_RCC_GetClockConfig), (68 bytes).
    Removing stm32l0xx_hal_rcc.o(i.HAL_RCC_GetOscConfig), (268 bytes).
    Removing stm32l0xx_hal_rcc.o(i.HAL_RCC_MCOConfig), (160 bytes).
    Removing stm32l0xx_hal_rcc.o(i.HAL_RCC_NMI_IRQHandler), (36 bytes).
    Removing stm32l0xx_hal_spi.o(.rev16_text), (4 bytes).
    Removing stm32l0xx_hal_spi.o(.revsh_text), (4 bytes).
    Removing stm32l0xx_hal_spi.o(i.HAL_SPI_DMAPause), (62 bytes).
    Removing stm32l0xx_hal_spi.o(i.HAL_SPI_DMAResume), (62 bytes).
    Removing stm32l0xx_hal_spi.o(i.HAL_SPI_DMAStop), (62 bytes).
    Removing stm32l0xx_hal_spi.o(i.HAL_SPI_ErrorCallback), (2 bytes).
    Removing stm32l0xx_hal_spi.o(i.HAL_SPI_GetError), (6 bytes).
    Removing stm32l0xx_hal_spi.o(i.HAL_SPI_IRQHandler), (302 bytes).
    Removing stm32l0xx_hal_spi.o(i.HAL_SPI_Receive), (608 bytes).
    Removing stm32l0xx_hal_spi.o(i.HAL_SPI_Receive_DMA), (316 bytes).
    Removing stm32l0xx_hal_spi.o(i.HAL_SPI_Receive_IT), (240 bytes).
    Removing stm32l0xx_hal_spi.o(i.HAL_SPI_RxCpltCallback), (2 bytes).
    Removing stm32l0xx_hal_spi.o(i.HAL_SPI_RxHalfCpltCallback), (2 bytes).
    Removing stm32l0xx_hal_spi.o(i.HAL_SPI_Transmit), (474 bytes).
    Removing stm32l0xx_hal_spi.o(i.HAL_SPI_TransmitReceive_DMA), (332 bytes).
    Removing stm32l0xx_hal_spi.o(i.HAL_SPI_TransmitReceive_IT), (212 bytes).
    Removing stm32l0xx_hal_spi.o(i.HAL_SPI_Transmit_DMA), (272 bytes).
    Removing stm32l0xx_hal_spi.o(i.HAL_SPI_Transmit_IT), (212 bytes).
    Removing stm32l0xx_hal_spi.o(i.HAL_SPI_TxCpltCallback), (2 bytes).
    Removing stm32l0xx_hal_spi.o(i.HAL_SPI_TxHalfCpltCallback), (2 bytes).
    Removing stm32l0xx_hal_spi.o(i.HAL_SPI_TxRxCpltCallback), (2 bytes).
    Removing stm32l0xx_hal_spi.o(i.HAL_SPI_TxRxHalfCpltCallback), (2 bytes).
    Removing stm32l0xx_hal_spi.o(i.SPI_2LinesRxISR), (60 bytes).
    Removing stm32l0xx_hal_spi.o(i.SPI_DMAError), (34 bytes).
    Removing stm32l0xx_hal_spi.o(i.SPI_DMAHalfReceiveCplt), (14 bytes).
    Removing stm32l0xx_hal_spi.o(i.SPI_DMAHalfTransmitCplt), (14 bytes).
    Removing stm32l0xx_hal_spi.o(i.SPI_DMAHalfTransmitReceiveCplt), (14 bytes).
    Removing stm32l0xx_hal_spi.o(i.SPI_DMAReceiveCplt), (226 bytes).
    Removing stm32l0xx_hal_spi.o(i.SPI_DMATransmitCplt), (134 bytes).
    Removing stm32l0xx_hal_spi.o(i.SPI_DMATransmitReceiveCplt), (226 bytes).
    Removing stm32l0xx_hal_spi.o(i.SPI_RxCloseIRQHandler), (264 bytes).
    Removing stm32l0xx_hal_spi.o(i.SPI_RxISR), (88 bytes).
    Removing stm32l0xx_hal_spi.o(i.SPI_TxCloseIRQHandler), (170 bytes).
    Removing stm32l0xx_hal_spi.o(i.SPI_TxISR), (80 bytes).
    Removing stm32l0xx_hal_uart.o(.rev16_text), (4 bytes).
    Removing stm32l0xx_hal_uart.o(.revsh_text), (4 bytes).
    Removing stm32l0xx_hal_uart.o(i.HAL_HalfDuplex_EnableReceiver), (74 bytes).
    Removing stm32l0xx_hal_uart.o(i.HAL_HalfDuplex_EnableTransmitter), (74 bytes).
    Removing stm32l0xx_hal_uart.o(i.HAL_HalfDuplex_Init), (132 bytes).
    Removing stm32l0xx_hal_uart.o(i.HAL_LIN_Init), (174 bytes).
    Removing stm32l0xx_hal_uart.o(i.HAL_LIN_SendBreak), (62 bytes).
    Removing stm32l0xx_hal_uart.o(i.HAL_MultiProcessor_DisableMuteMode), (60 bytes).
    Removing stm32l0xx_hal_uart.o(i.HAL_MultiProcessor_EnableMuteMode), (60 bytes).
    Removing stm32l0xx_hal_uart.o(i.HAL_MultiProcessor_EnterMuteMode), (14 bytes).
    Removing stm32l0xx_hal_uart.o(i.HAL_MultiProcessor_Init), (164 bytes).
    Removing stm32l0xx_hal_uart.o(i.HAL_UART_Abort), (142 bytes).
    Removing stm32l0xx_hal_uart.o(i.HAL_UART_AbortCpltCallback), (2 bytes).
    Removing stm32l0xx_hal_uart.o(i.HAL_UART_AbortReceive), (92 bytes).
    Removing stm32l0xx_hal_uart.o(i.HAL_UART_AbortReceiveCpltCallback), (2 bytes).
    Removing stm32l0xx_hal_uart.o(i.HAL_UART_AbortReceive_IT), (140 bytes).
    Removing stm32l0xx_hal_uart.o(i.HAL_UART_AbortTransmit), (72 bytes).
    Removing stm32l0xx_hal_uart.o(i.HAL_UART_AbortTransmitCpltCallback), (2 bytes).
    Removing stm32l0xx_hal_uart.o(i.HAL_UART_AbortTransmit_IT), (116 bytes).
    Removing stm32l0xx_hal_uart.o(i.HAL_UART_Abort_IT), (244 bytes).
    Removing stm32l0xx_hal_uart.o(i.HAL_UART_DMAPause), (124 bytes).
    Removing stm32l0xx_hal_uart.o(i.HAL_UART_DMAResume), (110 bytes).
    Removing stm32l0xx_hal_uart.o(i.HAL_UART_DMAStop), (104 bytes).
    Removing stm32l0xx_hal_uart.o(i.HAL_UART_DeInit), (76 bytes).
    Removing stm32l0xx_hal_uart.o(i.HAL_UART_ErrorCallback), (2 bytes).
    Removing stm32l0xx_hal_uart.o(i.HAL_UART_GetError), (6 bytes).
    Removing stm32l0xx_hal_uart.o(i.HAL_UART_GetState), (20 bytes).
    Removing stm32l0xx_hal_uart.o(i.HAL_UART_MspDeInit), (2 bytes).
    Removing stm32l0xx_hal_uart.o(i.HAL_UART_Receive), (332 bytes).
    Removing stm32l0xx_hal_uart.o(i.HAL_UART_Receive_DMA), (204 bytes).
    Removing stm32l0xx_hal_uart.o(i.HAL_UART_RxCpltCallback), (2 bytes).
    Removing stm32l0xx_hal_uart.o(i.HAL_UART_RxHalfCpltCallback), (2 bytes).
    Removing stm32l0xx_hal_uart.o(i.HAL_UART_Transmit_DMA), (188 bytes).
    Removing stm32l0xx_hal_uart.o(i.HAL_UART_Transmit_IT), (124 bytes).
    Removing stm32l0xx_hal_uart.o(i.HAL_UART_TxCpltCallback), (2 bytes).
    Removing stm32l0xx_hal_uart.o(i.HAL_UART_TxHalfCpltCallback), (2 bytes).
    Removing stm32l0xx_hal_uart.o(i.UART_DMAError), (86 bytes).
    Removing stm32l0xx_hal_uart.o(i.UART_DMAReceiveCplt), (76 bytes).
    Removing stm32l0xx_hal_uart.o(i.UART_DMARxAbortCallback), (68 bytes).
    Removing stm32l0xx_hal_uart.o(i.UART_DMARxHalfCplt), (14 bytes).
    Removing stm32l0xx_hal_uart.o(i.UART_DMARxOnlyAbortCallback), (32 bytes).
    Removing stm32l0xx_hal_uart.o(i.UART_DMATransmitCplt), (58 bytes).
    Removing stm32l0xx_hal_uart.o(i.UART_DMATxAbortCallback), (68 bytes).
    Removing stm32l0xx_hal_uart.o(i.UART_DMATxHalfCplt), (14 bytes).
    Removing stm32l0xx_hal_uart.o(i.UART_DMATxOnlyAbortCallback), (26 bytes).
    Removing stm32l0xx_hal_uart.o(i.UART_EndTransmit_IT), (32 bytes).
    Removing stm32l0xx_hal_uart.o(i.UART_EndTxTransfer), (20 bytes).
    Removing stm32l0xx_hal_uart.o(i.UART_Transmit_IT), (114 bytes).
    Removing stm32l0xx_hal_uart_ex.o(.rev16_text), (4 bytes).
    Removing stm32l0xx_hal_uart_ex.o(.revsh_text), (4 bytes).
    Removing stm32l0xx_hal_uart_ex.o(i.HAL_MultiProcessorEx_AddressLength_Set), (66 bytes).
    Removing stm32l0xx_hal_uart_ex.o(i.HAL_RS485Ex_Init), (160 bytes).
    Removing stm32l0xx_hal_uart_ex.o(i.HAL_UARTEx_DisableClockStopMode), (64 bytes).
    Removing stm32l0xx_hal_uart_ex.o(i.HAL_UARTEx_DisableStopMode), (62 bytes).
    Removing stm32l0xx_hal_uart_ex.o(i.HAL_UARTEx_EnableClockStopMode), (64 bytes).
    Removing stm32l0xx_hal_uart_ex.o(i.HAL_UARTEx_EnableStopMode), (62 bytes).
    Removing stm32l0xx_hal_uart_ex.o(i.HAL_UARTEx_StopModeWakeUpSourceConfig), (156 bytes).
    Removing stm32l0xx_hal_uart_ex.o(i.UARTEx_Wakeup_AddressConfig), (54 bytes).
    Removing stm32l0xx_hal_dma.o(.rev16_text), (4 bytes).
    Removing stm32l0xx_hal_dma.o(.revsh_text), (4 bytes).
    Removing stm32l0xx_hal_dma.o(i.DMA_SetConfig), (32 bytes).
    Removing stm32l0xx_hal_dma.o(i.HAL_DMA_Abort), (100 bytes).
    Removing stm32l0xx_hal_dma.o(i.HAL_DMA_DeInit), (668 bytes).
    Removing stm32l0xx_hal_dma.o(i.HAL_DMA_GetError), (6 bytes).
    Removing stm32l0xx_hal_dma.o(i.HAL_DMA_GetState), (8 bytes).
    Removing stm32l0xx_hal_dma.o(i.HAL_DMA_IRQHandler), (796 bytes).
    Removing stm32l0xx_hal_dma.o(i.HAL_DMA_Init), (400 bytes).
    Removing stm32l0xx_hal_dma.o(i.HAL_DMA_PollForTransfer), (748 bytes).
    Removing stm32l0xx_hal_dma.o(i.HAL_DMA_Start), (78 bytes).
    Removing stm32l0xx_hal_dma.o(i.HAL_DMA_Start_IT), (114 bytes).
    Removing globalvar.o(.rev16_text), (4 bytes).
    Removing globalvar.o(.revsh_text), (4 bytes).
    Removing globalvar.o(i.delay_us), (18 bytes).
    Removing globalvar.o(i.watchdog), (16 bytes).
    Removing finger.o(.rev16_text), (4 bytes).
    Removing finger.o(.revsh_text), (4 bytes).
    Removing finger.o(i.sendCmd_match), (40 bytes).
    Removing finger.o(i.sendCmd_regModel), (40 bytes).
    Removing lock.o(.rev16_text), (4 bytes).
    Removing lock.o(.revsh_text), (4 bytes).
    Removing lock.o(i.usart2_rx_enbale_int), (88 bytes).
    Removing delay.o(.rev16_text), (4 bytes).
    Removing delay.o(.revsh_text), (4 bytes).
    Removing delay.o(i.Delay_1us), (14 bytes).
    Removing delay.o(i.Delay_nus), (22 bytes).
    Removing led.o(.rev16_text), (4 bytes).
    Removing led.o(.revsh_text), (4 bytes).
    Removing spi.o(.rev16_text), (4 bytes).
    Removing spi.o(.revsh_text), (4 bytes).
    Removing spi.o(i.SPIx_Write), (44 bytes).
    Removing spi.o(i.SPIx_WriteData), (44 bytes).
    Removing sx1276.o(.rev16_text), (4 bytes).
    Removing sx1276.o(.revsh_text), (4 bytes).
    Removing sx1276.o(i.RF_CAD_RECEIVE), (52 bytes).
    Removing sx1276.o(i.SX1276LoRaSetPreamLength), (38 bytes).
    Removing usart.o(.rev16_text), (4 bytes).
    Removing usart.o(.revsh_text), (4 bytes).
    Removing lowpower.o(.rev16_text), (4 bytes).
    Removing lowpower.o(.revsh_text), (4 bytes).
    Removing lowpower.o(i.enter_StopMode), (28 bytes).
    Removing lowpower.o(i.gpio_reInit_before_stop), (188 bytes).
    Removing lowpower.o(i.powerOff_LoRa), (16 bytes).

215 unused section(s) (total 16928 bytes) removed from the image.

==============================================================================

Image Symbol Table

    Local Symbols

    Symbol Name                              Value     Ov Type        Size  Object(Section)

    ../clib/microlib/division.c              0x00000000   Number         0  idiv.o ABSOLUTE
    ../clib/microlib/division.c              0x00000000   Number         0  uldiv.o ABSOLUTE
    ../clib/microlib/division.c              0x00000000   Number         0  uidiv.o ABSOLUTE
    ../clib/microlib/init/entry.s            0x00000000   Number         0  entry5.o ABSOLUTE
    ../clib/microlib/init/entry.s            0x00000000   Number         0  entry9b.o ABSOLUTE
    ../clib/microlib/init/entry.s            0x00000000   Number         0  entry9a.o ABSOLUTE
    ../clib/microlib/init/entry.s            0x00000000   Number         0  entry8b.o ABSOLUTE
    ../clib/microlib/init/entry.s            0x00000000   Number         0  entry.o ABSOLUTE
    ../clib/microlib/init/entry.s            0x00000000   Number         0  entry8a.o ABSOLUTE
    ../clib/microlib/init/entry.s            0x00000000   Number         0  entry7b.o ABSOLUTE
    ../clib/microlib/init/entry.s            0x00000000   Number         0  entry7a.o ABSOLUTE
    ../clib/microlib/init/entry.s            0x00000000   Number         0  entry2.o ABSOLUTE
    ../clib/microlib/init/entry.s            0x00000000   Number         0  entry10a.o ABSOLUTE
    ../clib/microlib/init/entry.s            0x00000000   Number         0  entry10b.o ABSOLUTE
    ../clib/microlib/init/entry.s            0x00000000   Number         0  entry11a.o ABSOLUTE
    ../clib/microlib/init/entry.s            0x00000000   Number         0  entry11b.o ABSOLUTE
    ../clib/microlib/longlong.c              0x00000000   Number         0  llshl.o ABSOLUTE
    ../clib/microlib/longlong.c              0x00000000   Number         0  llushr.o ABSOLUTE
    ../clib/microlib/string/memcpy.c         0x00000000   Number         0  memcpya.o ABSOLUTE
    ../clib/microlib/string/memcpy.c         0x00000000   Number         0  memcpyb.o ABSOLUTE
    ../clib/microlib/string/memset.c         0x00000000   Number         0  memseta.o ABSOLUTE
    app\\src\\GlobalVar.c                    0x00000000   Number         0  globalvar.o ABSOLUTE
    app\src\GlobalVar.c                      0x00000000   Number         0  globalvar.o ABSOLUTE
    app\src\schd.c                           0x00000000   Number         0  schd.o ABSOLUTE
    dc.s                                     0x00000000   Number         0  dc.o ABSOLUTE
    drivers\\src\\SPI.c                      0x00000000   Number         0  spi.o ABSOLUTE
    drivers\\src\\SX1276.C                   0x00000000   Number         0  sx1276.o ABSOLUTE
    drivers\\src\\delay.c                    0x00000000   Number         0  delay.o ABSOLUTE
    drivers\\src\\finger.c                   0x00000000   Number         0  finger.o ABSOLUTE
    drivers\\src\\led.c                      0x00000000   Number         0  led.o ABSOLUTE
    drivers\\src\\lowpower.c                 0x00000000   Number         0  lowpower.o ABSOLUTE
    drivers\\src\\usart.c                    0x00000000   Number         0  usart.o ABSOLUTE
    drivers\src\SPI.c                        0x00000000   Number         0  spi.o ABSOLUTE
    drivers\src\SX1276.C                     0x00000000   Number         0  sx1276.o ABSOLUTE
    drivers\src\delay.c                      0x00000000   Number         0  delay.o ABSOLUTE
    drivers\src\finger.c                     0x00000000   Number         0  finger.o ABSOLUTE
    drivers\src\led.c                        0x00000000   Number         0  led.o ABSOLUTE
    drivers\src\lowpower.c                   0x00000000   Number         0  lowpower.o ABSOLUTE
    drivers\src\usart.c                      0x00000000   Number         0  usart.o ABSOLUTE
    handlers.s                               0x00000000   Number         0  handlers.o ABSOLUTE
    init.s                                   0x00000000   Number         0  init.o ABSOLUTE
    library\CMSIS\startup_stm32l051xx.s      0x00000000   Number         0  startup_stm32l051xx.o ABSOLUTE
    library\CMSIS\system_stm32l0xx.c         0x00000000   Number         0  system_stm32l0xx.o ABSOLUTE
    library\Src\stm32l0xx_hal.c              0x00000000   Number         0  stm32l0xx_hal.o ABSOLUTE
    library\Src\stm32l0xx_hal_cortex.c       0x00000000   Number         0  stm32l0xx_hal_cortex.o ABSOLUTE
    library\Src\stm32l0xx_hal_dma.c          0x00000000   Number         0  stm32l0xx_hal_dma.o ABSOLUTE
    library\Src\stm32l0xx_hal_gpio.c         0x00000000   Number         0  stm32l0xx_hal_gpio.o ABSOLUTE
    library\Src\stm32l0xx_hal_iwdg.c         0x00000000   Number         0  stm32l0xx_hal_iwdg.o ABSOLUTE
    library\Src\stm32l0xx_hal_pwr.c          0x00000000   Number         0  stm32l0xx_hal_pwr.o ABSOLUTE
    library\Src\stm32l0xx_hal_rcc.c          0x00000000   Number         0  stm32l0xx_hal_rcc.o ABSOLUTE
    library\Src\stm32l0xx_hal_spi.c          0x00000000   Number         0  stm32l0xx_hal_spi.o ABSOLUTE
    library\Src\stm32l0xx_hal_uart.c         0x00000000   Number         0  stm32l0xx_hal_uart.o ABSOLUTE
    library\Src\stm32l0xx_hal_uart_ex.c      0x00000000   Number         0  stm32l0xx_hal_uart_ex.o ABSOLUTE
    library\\CMSIS\\system_stm32l0xx.c       0x00000000   Number         0  system_stm32l0xx.o ABSOLUTE
    library\\Src\\stm32l0xx_hal.c            0x00000000   Number         0  stm32l0xx_hal.o ABSOLUTE
    library\\Src\\stm32l0xx_hal_cortex.c     0x00000000   Number         0  stm32l0xx_hal_cortex.o ABSOLUTE
    library\\Src\\stm32l0xx_hal_dma.c        0x00000000   Number         0  stm32l0xx_hal_dma.o ABSOLUTE
    library\\Src\\stm32l0xx_hal_gpio.c       0x00000000   Number         0  stm32l0xx_hal_gpio.o ABSOLUTE
    library\\Src\\stm32l0xx_hal_iwdg.c       0x00000000   Number         0  stm32l0xx_hal_iwdg.o ABSOLUTE
    library\\Src\\stm32l0xx_hal_pwr.c        0x00000000   Number         0  stm32l0xx_hal_pwr.o ABSOLUTE
    library\\Src\\stm32l0xx_hal_rcc.c        0x00000000   Number         0  stm32l0xx_hal_rcc.o ABSOLUTE
    library\\Src\\stm32l0xx_hal_spi.c        0x00000000   Number         0  stm32l0xx_hal_spi.o ABSOLUTE
    library\\Src\\stm32l0xx_hal_uart.c       0x00000000   Number         0  stm32l0xx_hal_uart.o ABSOLUTE
    library\\Src\\stm32l0xx_hal_uart_ex.c    0x00000000   Number         0  stm32l0xx_hal_uart_ex.o ABSOLUTE
    user\\lock.c                             0x00000000   Number         0  lock.o ABSOLUTE
    user\\main.c                             0x00000000   Number         0  main.o ABSOLUTE
    user\\stm32l0xx_it.c                     0x00000000   Number         0  stm32l0xx_it.o ABSOLUTE
    user\lock.c                              0x00000000   Number         0  lock.o ABSOLUTE
    user\main.c                              0x00000000   Number         0  main.o ABSOLUTE
    user\stm32l0xx_it.c                      0x00000000   Number         0  stm32l0xx_it.o ABSOLUTE
    RESET                                    0x08000000   Section      192  startup_stm32l051xx.o(RESET)
    .ARM.Collect$$$$00000000                 0x080000c0   Section        0  entry.o(.ARM.Collect$$$$00000000)
    .ARM.Collect$$$$00000001                 0x080000c0   Section        4  entry2.o(.ARM.Collect$$$$00000001)
    .ARM.Collect$$$$00000004                 0x080000c4   Section        4  entry5.o(.ARM.Collect$$$$00000004)
    .ARM.Collect$$$$00000008                 0x080000c8   Section        0  entry7b.o(.ARM.Collect$$$$00000008)
    .ARM.Collect$$$$0000000A                 0x080000c8   Section        0  entry8b.o(.ARM.Collect$$$$0000000A)
    .ARM.Collect$$$$0000000B                 0x080000c8   Section        8  entry9a.o(.ARM.Collect$$$$0000000B)
    .ARM.Collect$$$$0000000D                 0x080000d0   Section        0  entry10a.o(.ARM.Collect$$$$0000000D)
    .ARM.Collect$$$$0000000F                 0x080000d0   Section        0  entry11a.o(.ARM.Collect$$$$0000000F)
    .ARM.Collect$$$$00002712                 0x080000d0   Section        4  entry2.o(.ARM.Collect$$$$00002712)
    __lit__00000000                          0x080000d0   Data           4  entry2.o(.ARM.Collect$$$$00002712)
    .text                                    0x080000d4   Section       28  startup_stm32l051xx.o(.text)
    .text                                    0x080000f0   Section        0  uidiv.o(.text)
    .text                                    0x0800011c   Section        0  idiv.o(.text)
    .text                                    0x08000144   Section        0  uldiv.o(.text)
    .text                                    0x080001a4   Section        0  memcpya.o(.text)
    .text                                    0x080001c8   Section        0  memseta.o(.text)
    .text                                    0x080001ec   Section        0  llshl.o(.text)
    .text                                    0x0800020c   Section        0  llushr.o(.text)
    .text                                    0x08000230   Section       36  init.o(.text)
    i.Delay1s                                0x08000254   Section        0  sx1276.o(i.Delay1s)
    Delay1s                                  0x08000255   Thumb Code    26  sx1276.o(i.Delay1s)
    i.Delay_1ms                              0x08000270   Section        0  delay.o(i.Delay_1ms)
    i.Delay_nms                              0x08000284   Section        0  delay.o(i.Delay_nms)
    i.EXTI0_1_IRQHandler                     0x0800029a   Section        0  stm32l0xx_it.o(i.EXTI0_1_IRQHandler)
    i.EXTI2_3_IRQHandler                     0x080002a4   Section        0  stm32l0xx_it.o(i.EXTI2_3_IRQHandler)
    i.EXTI4_15_IRQHandler                    0x080002ae   Section        0  stm32l0xx_it.o(i.EXTI4_15_IRQHandler)
    i.FUN_RF_SENDPACKET                      0x080002bc   Section        0  sx1276.o(i.FUN_RF_SENDPACKET)
    i.HAL_DMA_Abort_IT                       0x08000344   Section        0  stm32l0xx_hal_dma.o(i.HAL_DMA_Abort_IT)
    i.HAL_GPIO_EXTI_Callback                 0x080003f8   Section        0  main.o(i.HAL_GPIO_EXTI_Callback)
    i.HAL_GPIO_EXTI_IRQHandler               0x08000450   Section        0  stm32l0xx_hal_gpio.o(i.HAL_GPIO_EXTI_IRQHandler)
    i.HAL_GPIO_Init                          0x08000470   Section        0  stm32l0xx_hal_gpio.o(i.HAL_GPIO_Init)
    i.HAL_GPIO_TogglePin                     0x0800065c   Section        0  stm32l0xx_hal_gpio.o(i.HAL_GPIO_TogglePin)
    i.HAL_GPIO_WritePin                      0x08000664   Section        0  stm32l0xx_hal_gpio.o(i.HAL_GPIO_WritePin)
    i.HAL_GetDEVID                           0x08000670   Section        0  stm32l0xx_hal.o(i.HAL_GetDEVID)
    i.HAL_GetTick                            0x08000680   Section        0  stm32l0xx_hal.o(i.HAL_GetTick)
    i.HAL_IncTick                            0x0800068c   Section        0  stm32l0xx_hal.o(i.HAL_IncTick)
    i.HAL_Init                               0x0800069c   Section        0  stm32l0xx_hal.o(i.HAL_Init)
    i.HAL_InitTick                           0x080006c8   Section        0  stm32l0xx_hal.o(i.HAL_InitTick)
    i.HAL_MspInit                            0x080006f0   Section        0  stm32l0xx_hal.o(i.HAL_MspInit)
    i.HAL_NVIC_DisableIRQ                    0x080006f4   Section        0  stm32l0xx_hal_cortex.o(i.HAL_NVIC_DisableIRQ)
    i.HAL_NVIC_EnableIRQ                     0x0800070c   Section        0  stm32l0xx_hal_cortex.o(i.HAL_NVIC_EnableIRQ)
    i.HAL_NVIC_SetPriority                   0x08000724   Section        0  stm32l0xx_hal_cortex.o(i.HAL_NVIC_SetPriority)
    i.HAL_RCC_ClockConfig                    0x08000738   Section        0  stm32l0xx_hal_rcc.o(i.HAL_RCC_ClockConfig)
    i.HAL_RCC_GetHCLKFreq                    0x08000930   Section        0  stm32l0xx_hal_rcc.o(i.HAL_RCC_GetHCLKFreq)
    i.HAL_RCC_GetPCLK1Freq                   0x0800093c   Section        0  stm32l0xx_hal_rcc.o(i.HAL_RCC_GetPCLK1Freq)
    i.HAL_RCC_GetPCLK2Freq                   0x08000960   Section        0  stm32l0xx_hal_rcc.o(i.HAL_RCC_GetPCLK2Freq)
    i.HAL_RCC_GetSysClockFreq                0x08000984   Section        0  stm32l0xx_hal_rcc.o(i.HAL_RCC_GetSysClockFreq)
    i.HAL_RCC_OscConfig                      0x08000a68   Section        0  stm32l0xx_hal_rcc.o(i.HAL_RCC_OscConfig)
    i.HAL_SPI_DeInit                         0x08001088   Section        0  stm32l0xx_hal_spi.o(i.HAL_SPI_DeInit)
    i.HAL_SPI_GetState                       0x080010c2   Section        0  stm32l0xx_hal_spi.o(i.HAL_SPI_GetState)
    i.HAL_SPI_Init                           0x080010ca   Section        0  stm32l0xx_hal_spi.o(i.HAL_SPI_Init)
    i.HAL_SPI_MspDeInit                      0x08001158   Section        0  stm32l0xx_hal_spi.o(i.HAL_SPI_MspDeInit)
    i.HAL_SPI_MspInit                        0x0800115a   Section        0  stm32l0xx_hal_spi.o(i.HAL_SPI_MspInit)
    i.HAL_SPI_TransmitReceive                0x0800115c   Section        0  stm32l0xx_hal_spi.o(i.HAL_SPI_TransmitReceive)
    i.HAL_SYSTICK_CLKSourceConfig            0x080014dc   Section        0  stm32l0xx_hal_cortex.o(i.HAL_SYSTICK_CLKSourceConfig)
    i.HAL_SYSTICK_Config                     0x08001500   Section        0  stm32l0xx_hal_cortex.o(i.HAL_SYSTICK_Config)
    i.HAL_UARTEx_WakeupCallback              0x08001538   Section        0  stm32l0xx_hal_uart_ex.o(i.HAL_UARTEx_WakeupCallback)
    i.HAL_UART_ErrorCallback                 0x0800153c   Section        0  usart.o(i.HAL_UART_ErrorCallback)
    i.HAL_UART_IRQHandler                    0x08001584   Section        0  stm32l0xx_hal_uart.o(i.HAL_UART_IRQHandler)
    i.HAL_UART_Init                          0x08001714   Section        0  stm32l0xx_hal_uart.o(i.HAL_UART_Init)
    i.HAL_UART_MspInit                       0x08001796   Section        0  stm32l0xx_hal_uart.o(i.HAL_UART_MspInit)
    i.HAL_UART_Receive_IT                    0x08001798   Section        0  stm32l0xx_hal_uart.o(i.HAL_UART_Receive_IT)
    i.HAL_UART_RxCpltCallback                0x08001884   Section        0  main.o(i.HAL_UART_RxCpltCallback)
    i.HAL_UART_Transmit                      0x080018cc   Section        0  stm32l0xx_hal_uart.o(i.HAL_UART_Transmit)
    i.HardFault_Handler                      0x080019bc   Section        0  stm32l0xx_it.o(i.HardFault_Handler)
    i.LED_Configuration                      0x080019c0   Section        0  led.o(i.LED_Configuration)
    LED_Configuration                        0x080019c1   Thumb Code   164  led.o(i.LED_Configuration)
    i.LED_OFF                                0x08001a6c   Section        0  led.o(i.LED_OFF)
    i.LED_ON                                 0x08001aa4   Section        0  led.o(i.LED_ON)
    i.LED_TOGGLE                             0x08001adc   Section        0  led.o(i.LED_TOGGLE)
    i.Lora_GPIO_Config                       0x08001b10   Section        0  sx1276.o(i.Lora_GPIO_Config)
    Lora_GPIO_Config                         0x08001b11   Thumb Code   140  sx1276.o(i.Lora_GPIO_Config)
    i.Lora_Init                              0x08001ba8   Section        0  sx1276.o(i.Lora_Init)
    i.Lora_Send                              0x08001bdc   Section        0  sx1276.o(i.Lora_Send)
    i.NMI_Handler                            0x08001c6c   Section        0  stm32l0xx_it.o(i.NMI_Handler)
    i.NVIC_SetPriority                       0x08001c70   Section        0  stm32l0xx_hal_cortex.o(i.NVIC_SetPriority)
    NVIC_SetPriority                         0x08001c71   Thumb Code   110  stm32l0xx_hal_cortex.o(i.NVIC_SetPriority)
    i.PendSV_Handler                         0x08001ce8   Section        0  stm32l0xx_it.o(i.PendSV_Handler)
    i.RCC_SetFlashLatencyFromMSIRange        0x08001cec   Section        0  stm32l0xx_hal_rcc.o(i.RCC_SetFlashLatencyFromMSIRange)
    RCC_SetFlashLatencyFromMSIRange          0x08001ced   Thumb Code   138  stm32l0xx_hal_rcc.o(i.RCC_SetFlashLatencyFromMSIRange)
    i.RF_RECEIVE                             0x08001d84   Section        0  sx1276.o(i.RF_RECEIVE)
    i.RF_SLEEP                               0x08001dc0   Section        0  sx1276.o(i.RF_SLEEP)
    i.SPI_WaitOnFlagUntilTimeout             0x08001de8   Section        0  stm32l0xx_hal_spi.o(i.SPI_WaitOnFlagUntilTimeout)
    SPI_WaitOnFlagUntilTimeout               0x08001de9   Thumb Code   280  stm32l0xx_hal_spi.o(i.SPI_WaitOnFlagUntilTimeout)
    i.SPIx_Error                             0x08001f00   Section        0  spi.o(i.SPIx_Error)
    i.SPIx_Init                              0x08001f14   Section        0  spi.o(i.SPIx_Init)
    i.SPIx_MspInit                           0x08001f68   Section        0  spi.o(i.SPIx_MspInit)
    SPIx_MspInit                             0x08001f69   Thumb Code   152  spi.o(i.SPIx_MspInit)
    i.SPIx_WriteReadData                     0x08002004   Section        0  spi.o(i.SPIx_WriteReadData)
    i.SVC_Handler                            0x08002034   Section        0  stm32l0xx_it.o(i.SVC_Handler)
    i.SX1276LORA_INT                         0x08002038   Section        0  sx1276.o(i.SX1276LORA_INT)
    SX1276LORA_INT                           0x08002039   Thumb Code    88  sx1276.o(i.SX1276LORA_INT)
    i.SX1276LoRaFsk                          0x08002094   Section        0  sx1276.o(i.SX1276LoRaFsk)
    i.SX1276LoRaSetErrorCoding               0x080020b4   Section        0  sx1276.o(i.SX1276LoRaSetErrorCoding)
    i.SX1276LoRaSetImplicitHeaderOn          0x080020d6   Section        0  sx1276.o(i.SX1276LoRaSetImplicitHeaderOn)
    i.SX1276LoRaSetMobileNode                0x080020f6   Section        0  sx1276.o(i.SX1276LoRaSetMobileNode)
    i.SX1276LoRaSetNbTrigPeaks               0x08002118   Section        0  sx1276.o(i.SX1276LoRaSetNbTrigPeaks)
    i.SX1276LoRaSetOpMode                    0x08002138   Section        0  sx1276.o(i.SX1276LoRaSetOpMode)
    i.SX1276LoRaSetPacketCrcOn               0x08002158   Section        0  sx1276.o(i.SX1276LoRaSetPacketCrcOn)
    i.SX1276LoRaSetPayloadLength             0x0800217a   Section        0  sx1276.o(i.SX1276LoRaSetPayloadLength)
    i.SX1276LoRaSetRFFrequency               0x08002188   Section        0  sx1276.o(i.SX1276LoRaSetRFFrequency)
    i.SX1276LoRaSetRFPower                   0x080021b4   Section        0  sx1276.o(i.SX1276LoRaSetRFPower)
    i.SX1276LoRaSetSignalBandwidth           0x080021d0   Section        0  sx1276.o(i.SX1276LoRaSetSignalBandwidth)
    i.SX1276LoRaSetSpreadingFactor           0x080021f0   Section        0  sx1276.o(i.SX1276LoRaSetSpreadingFactor)
    i.SX1276LoRaSetSymbTimeout               0x08002216   Section        0  sx1276.o(i.SX1276LoRaSetSymbTimeout)
    i.SX1276ReadBuffer                       0x0800225c   Section        0  sx1276.o(i.SX1276ReadBuffer)
    i.SX1276Reset                            0x0800228c   Section        0  sx1276.o(i.SX1276Reset)
    i.SX1276WriteBuffer                      0x080022b8   Section        0  sx1276.o(i.SX1276WriteBuffer)
    i.SX1276_GetVersion                      0x080022e8   Section        0  sx1276.o(i.SX1276_GetVersion)
    i.SX1276_InitFailed                      0x080022f6   Section        0  sx1276.o(i.SX1276_InitFailed)
    i.SX1276_InitSuccess                     0x080022f8   Section        0  sx1276.o(i.SX1276_InitSuccess)
    i.SX1276_LoRa_SetDataRate                0x080022fc   Section        0  sx1276.o(i.SX1276_LoRa_SetDataRate)
    i.SX1278_Interupt                        0x080023b8   Section        0  sx1276.o(i.SX1278_Interupt)
    i.Schd_After                             0x08002480   Section        0  schd.o(i.Schd_After)
    i.Schd_After_Int                         0x080024e0   Section        0  schd.o(i.Schd_After_Int)
    i.Schd_Run                               0x08002508   Section        0  schd.o(i.Schd_Run)
    i.SysTick_Handler                        0x080025dc   Section        0  globalvar.o(i.SysTick_Handler)
    i.SystemClock_Config                     0x080025fc   Section        0  main.o(i.SystemClock_Config)
    i.SystemInit                             0x08002680   Section        0  system_stm32l0xx.o(i.SystemInit)
    i.UART_AdvFeatureConfig                  0x080026e8   Section        0  stm32l0xx_hal_uart.o(i.UART_AdvFeatureConfig)
    i.UART_CheckIdleState                    0x080027d8   Section        0  stm32l0xx_hal_uart.o(i.UART_CheckIdleState)
    i.UART_DMAAbortOnError                   0x0800284c   Section        0  stm32l0xx_hal_uart.o(i.UART_DMAAbortOnError)
    UART_DMAAbortOnError                     0x0800284d   Thumb Code    24  stm32l0xx_hal_uart.o(i.UART_DMAAbortOnError)
    i.UART_EndRxTransfer                     0x08002864   Section        0  stm32l0xx_hal_uart.o(i.UART_EndRxTransfer)
    UART_EndRxTransfer                       0x08002865   Thumb Code    34  stm32l0xx_hal_uart.o(i.UART_EndRxTransfer)
    i.UART_Receive_IT                        0x08002886   Section        0  stm32l0xx_hal_uart.o(i.UART_Receive_IT)
    UART_Receive_IT                          0x08002887   Thumb Code   150  stm32l0xx_hal_uart.o(i.UART_Receive_IT)
    i.UART_SendMsg                           0x0800291c   Section        0  usart.o(i.UART_SendMsg)
    i.UART_SetConfig                         0x08002960   Section        0  stm32l0xx_hal_uart.o(i.UART_SetConfig)
    i.UART_WaitOnFlagUntilTimeout            0x08002c34   Section        0  stm32l0xx_hal_uart.o(i.UART_WaitOnFlagUntilTimeout)
    i.USART1_IRQHandler                      0x08002ca4   Section        0  usart.o(i.USART1_IRQHandler)
    i.USART2_IRQHandler                      0x08002cb4   Section        0  usart.o(i.USART2_IRQHandler)
    i.USARTConfig                            0x08002cc4   Section        0  usart.o(i.USARTConfig)
    i.__ARM_common_ll_muluu                  0x08002e44   Section        0  stm32l0xx_hal_uart.o(i.__ARM_common_ll_muluu)
    i.__ARM_common_switch8                   0x08002e74   Section        0  main.o(i.__ARM_common_switch8)
    i.__scatterload_copy                     0x08002e90   Section       14  handlers.o(i.__scatterload_copy)
    i.__scatterload_null                     0x08002e9e   Section        2  handlers.o(i.__scatterload_null)
    i.__scatterload_zeroinit                 0x08002ea0   Section       14  handlers.o(i.__scatterload_zeroinit)
    i._buf_send_to_server                    0x08002eb0   Section        0  main.o(i._buf_send_to_server)
    i.cmdSwitchEn                            0x08002f4c   Section        0  sx1276.o(i.cmdSwitchEn)
    i.cmdSwitchPA                            0x08002f7c   Section        0  sx1276.o(i.cmdSwitchPA)
    i.delChar_success_callback               0x08002fc0   Section        0  main.o(i.delChar_success_callback)
    i.downchar_callback                      0x08002fd4   Section        0  main.o(i.downchar_callback)
    i.excute_update_node                     0x08002fec   Section        0  main.o(i.excute_update_node)
    i.fingerSearchFrame                      0x080031ec   Section        0  finger.o(i.fingerSearchFrame)
    i.finger_OpSta                           0x08003224   Section        0  main.o(i.finger_OpSta)
    i.finger_cmd_wait_timeOut                0x080032f8   Section        0  finger.o(i.finger_cmd_wait_timeOut)
    i.finger_cmd_wait_time_update            0x08003324   Section        0  finger.o(i.finger_cmd_wait_time_update)
    i.finger_processACK                      0x08003334   Section        0  finger.o(i.finger_processACK)
    i.finger_processCMD                      0x080034cc   Section        0  finger.o(i.finger_processCMD)
    i.finger_processDATA                     0x080034ce   Section        0  finger.o(i.finger_processDATA)
    i.finger_processEND                      0x080034d0   Section        0  finger.o(i.finger_processEND)
    i.flash_running_led                      0x080034d4   Section        0  main.o(i.flash_running_led)
    i.get_system_time                        0x08003520   Section        0  main.o(i.get_system_time)
    i.initDrivers                            0x08003578   Section        0  main.o(i.initDrivers)
    i.init_PowerControl_Configuration        0x080035a4   Section        0  lowpower.o(i.init_PowerControl_Configuration)
    i.init_finger_touch_int                  0x080035f4   Section        0  finger.o(i.init_finger_touch_int)
    i.init_led                               0x0800364c   Section        0  led.o(i.init_led)
    i.local_ticktime                         0x08003664   Section        0  globalvar.o(i.local_ticktime)
    i.lock_next_op                           0x08003670   Section        0  main.o(i.lock_next_op)
    i.lora_RWByte                            0x080036e4   Section        0  sx1276.o(i.lora_RWByte)
    i.lora_tx_with_timeout                   0x080036f8   Section        0  sx1276.o(i.lora_tx_with_timeout)
    lora_tx_with_timeout                     0x080036f9   Thumb Code    62  sx1276.o(i.lora_tx_with_timeout)
    i.main                                   0x0800373c   Section        0  main.o(i.main)
    i.powerOff_finger                        0x0800383c   Section        0  lowpower.o(i.powerOff_finger)
    i.powerOn_LoRa                           0x08003850   Section        0  lowpower.o(i.powerOn_LoRa)
    i.powerOn_finger                         0x08003860   Section        0  lowpower.o(i.powerOn_finger)
    i.process_fingerRxBuffer                 0x08003874   Section        0  main.o(i.process_fingerRxBuffer)
    i.process_lockUnitRxBuffer               0x080039bc   Section        0  main.o(i.process_lockUnitRxBuffer)
    i.process_serverRxBuffer                 0x08003b8c   Section        0  main.o(i.process_serverRxBuffer)
    i.register_down_success_callback         0x08003c50   Section        0  main.o(i.register_down_success_callback)
    i.register_rf_func                       0x08003c74   Section        0  sx1276.o(i.register_rf_func)
    i.search_result_callback                 0x08003cac   Section        0  main.o(i.search_result_callback)
    i.sendCmd_deletChar                      0x08003cec   Section        0  finger.o(i.sendCmd_deletChar)
    i.sendCmd_downChar                       0x08003d28   Section        0  finger.o(i.sendCmd_downChar)
    i.sendCmd_empty                          0x08003d54   Section        0  finger.o(i.sendCmd_empty)
    i.sendCmd_genChar                        0x08003d7c   Section        0  finger.o(i.sendCmd_genChar)
    i.sendCmd_getImg                         0x08003da8   Section        0  finger.o(i.sendCmd_getImg)
    i.sendCmd_loadChar                       0x08003dcc   Section        0  finger.o(i.sendCmd_loadChar)
    i.sendCmd_search                         0x08003e00   Section        0  finger.o(i.sendCmd_search)
    i.sendCmd_store                          0x08003e40   Section        0  finger.o(i.sendCmd_store)
    i.sendCmd_templeteNum                    0x08003e74   Section        0  finger.o(i.sendCmd_templeteNum)
    i.sendCmd_upChar                         0x08003e9c   Section        0  finger.o(i.sendCmd_upChar)
    i.sendData_downchar                      0x08003ec8   Section        0  finger.o(i.sendData_downchar)
    i.send_cmd_to_lock                       0x08003f1c   Section        0  lock.o(i.send_cmd_to_lock)
    i.send_to_finger                         0x08003fbc   Section        0  finger.o(i.send_to_finger)
    i.server_send                            0x0800405c   Section        0  main.o(i.server_send)
    i.sysIdle_timeout                        0x080040d0   Section        0  main.o(i.sysIdle_timeout)
    i.timeout                                0x080040f4   Section        0  globalvar.o(i.timeout)
    i.update_lib                             0x0800410c   Section        0  main.o(i.update_lib)
    i.update_sysIdle_tick                    0x0800415c   Section        0  main.o(i.update_sysIdle_tick)
    i.usart2_tx_AFGPIO_init                  0x08004178   Section        0  usart.o(i.usart2_tx_AFGPIO_init)
    i.usart2_tx_gpio_init                    0x0800419e   Section        0  lock.o(i.usart2_tx_gpio_init)
    .constdata                               0x080041c0   Section        6  main.o(.constdata)
    .constdata                               0x080041c6   Section       33  system_stm32l0xx.o(.constdata)
    .constdata                               0x080041e8   Section       54  finger.o(.constdata)
    .constdata                               0x08004220   Section       12  led.o(.constdata)
    .constdata                               0x0800422c   Section      140  sx1276.o(.constdata)
    Freq_Table                               0x08004234   Data          96  sx1276.o(.constdata)
    LoRa_DataRate_Table                      0x08004294   Data          18  sx1276.o(.constdata)
    .data                                    0x20000000   Section       32  main.o(.data)
    ledStatus                                0x20000008   Data           1  main.o(.data)
    runningTick                              0x2000000c   Data           4  main.o(.data)
    rx_times                                 0x20000010   Data           1  main.o(.data)
    getTime_Tick                             0x20000014   Data           4  main.o(.data)
    try_times                                0x20000018   Data           1  main.o(.data)
    time_tick                                0x2000001c   Data           4  main.o(.data)
    .data                                    0x20000020   Section        4  system_stm32l0xx.o(.data)
    .data                                    0x20000024   Section        4  stm32l0xx_hal.o(.data)
    .data                                    0x20000028   Section        4  schd.o(.data)
    .data                                    0x2000002c   Section        4  globalvar.o(.data)
    .data                                    0x20000030   Section       14  finger.o(.data)
    .data                                    0x20000040   Section        4  spi.o(.data)
    .data                                    0x20000044   Section       16  usart.o(.data)
    .bss                                     0x20000054   Section      810  main.o(.bss)
    .bss                                     0x20000380   Section     1280  schd.o(.bss)
    .bss                                     0x20000880   Section      154  finger.o(.bss)
    .bss                                     0x2000091c   Section       12  lock.o(.bss)
    .bss                                     0x20000928   Section       24  led.o(.bss)
    .bss                                     0x20000940   Section       88  spi.o(.bss)
    .bss                                     0x20000998   Section      280  sx1276.o(.bss)
    .bss                                     0x20000ab0   Section     1394  usart.o(.bss)
    STACK                                    0x20001028   Section     2560  startup_stm32l051xx.o(STACK)

    Global Symbols

    Symbol Name                              Value     Ov Type        Size  Object(Section)

    BuildAttributes$$THM_ISAv3M$S$PE$A:L22$X:L11$S22$IEEE1$IW$USESV6$~STKCKD$USESV7$~SHL$OSPACE$EBA8$MICROLIB$REQ8$PRES8$EABIv2 0x00000000   Number         0  anon$$obj.o ABSOLUTE
    __ARM_use_no_argv                        0x00000000   Number         0  main.o ABSOLUTE
    __cpp_initialize__aeabi_                  - Undefined Weak Reference
    __cxa_finalize                            - Undefined Weak Reference
    __decompress                              - Undefined Weak Reference
    _clock_init                               - Undefined Weak Reference
    _microlib_exit                            - Undefined Weak Reference
    __Vectors_Size                           0x000000c0   Number         0  startup_stm32l051xx.o ABSOLUTE
    __Vectors                                0x08000000   Data           4  startup_stm32l051xx.o(RESET)
    __Vectors_End                            0x080000c0   Data           0  startup_stm32l051xx.o(RESET)
    __main                                   0x080000c1   Thumb Code     0  entry.o(.ARM.Collect$$$$00000000)
    _main_stk                                0x080000c1   Thumb Code     0  entry2.o(.ARM.Collect$$$$00000001)
    _main_scatterload                        0x080000c5   Thumb Code     0  entry5.o(.ARM.Collect$$$$00000004)
    __main_after_scatterload                 0x080000c9   Thumb Code     0  entry5.o(.ARM.Collect$$$$00000004)
    _main_clock                              0x080000c9   Thumb Code     0  entry7b.o(.ARM.Collect$$$$00000008)
    _main_cpp_init                           0x080000c9   Thumb Code     0  entry8b.o(.ARM.Collect$$$$0000000A)
    _main_init                               0x080000c9   Thumb Code     0  entry9a.o(.ARM.Collect$$$$0000000B)
    __rt_final_cpp                           0x080000d1   Thumb Code     0  entry10a.o(.ARM.Collect$$$$0000000D)
    __rt_final_exit                          0x080000d1   Thumb Code     0  entry11a.o(.ARM.Collect$$$$0000000F)
    Reset_Handler                            0x080000d5   Thumb Code     8  startup_stm32l051xx.o(.text)
    ADC1_COMP_IRQHandler                     0x080000e7   Thumb Code     0  startup_stm32l051xx.o(.text)
    DMA1_Channel1_IRQHandler                 0x080000e7   Thumb Code     0  startup_stm32l051xx.o(.text)
    DMA1_Channel2_3_IRQHandler               0x080000e7   Thumb Code     0  startup_stm32l051xx.o(.text)
    DMA1_Channel4_5_6_7_IRQHandler           0x080000e7   Thumb Code     0  startup_stm32l051xx.o(.text)
    FLASH_IRQHandler                         0x080000e7   Thumb Code     0  startup_stm32l051xx.o(.text)
    I2C1_IRQHandler                          0x080000e7   Thumb Code     0  startup_stm32l051xx.o(.text)
    I2C2_IRQHandler                          0x080000e7   Thumb Code     0  startup_stm32l051xx.o(.text)
    LPTIM1_IRQHandler                        0x080000e7   Thumb Code     0  startup_stm32l051xx.o(.text)
    LPUART1_IRQHandler                       0x080000e7   Thumb Code     0  startup_stm32l051xx.o(.text)
    PVD_IRQHandler                           0x080000e7   Thumb Code     0  startup_stm32l051xx.o(.text)
    RCC_IRQHandler                           0x080000e7   Thumb Code     0  startup_stm32l051xx.o(.text)
    RTC_IRQHandler                           0x080000e7   Thumb Code     0  startup_stm32l051xx.o(.text)
    SPI1_IRQHandler                          0x080000e7   Thumb Code     0  startup_stm32l051xx.o(.text)
    SPI2_IRQHandler                          0x080000e7   Thumb Code     0  startup_stm32l051xx.o(.text)
    TIM21_IRQHandler                         0x080000e7   Thumb Code     0  startup_stm32l051xx.o(.text)
    TIM22_IRQHandler                         0x080000e7   Thumb Code     0  startup_stm32l051xx.o(.text)
    TIM2_IRQHandler                          0x080000e7   Thumb Code     0  startup_stm32l051xx.o(.text)
    TIM6_IRQHandler                          0x080000e7   Thumb Code     0  startup_stm32l051xx.o(.text)
    WWDG_IRQHandler                          0x080000e7   Thumb Code     0  startup_stm32l051xx.o(.text)
    __aeabi_uidiv                            0x080000f1   Thumb Code     0  uidiv.o(.text)
    __aeabi_uidivmod                         0x080000f1   Thumb Code    44  uidiv.o(.text)
    __aeabi_idiv                             0x0800011d   Thumb Code     0  idiv.o(.text)
    __aeabi_idivmod                          0x0800011d   Thumb Code    40  idiv.o(.text)
    __aeabi_uldivmod                         0x08000145   Thumb Code    96  uldiv.o(.text)
    __aeabi_memcpy                           0x080001a5   Thumb Code    36  memcpya.o(.text)
    __aeabi_memcpy4                          0x080001a5   Thumb Code     0  memcpya.o(.text)
    __aeabi_memcpy8                          0x080001a5   Thumb Code     0  memcpya.o(.text)
    __aeabi_memset                           0x080001c9   Thumb Code    14  memseta.o(.text)
    __aeabi_memset4                          0x080001c9   Thumb Code     0  memseta.o(.text)
    __aeabi_memset8                          0x080001c9   Thumb Code     0  memseta.o(.text)
    __aeabi_memclr                           0x080001d7   Thumb Code     4  memseta.o(.text)
    __aeabi_memclr4                          0x080001d7   Thumb Code     0  memseta.o(.text)
    __aeabi_memclr8                          0x080001d7   Thumb Code     0  memseta.o(.text)
    _memset$wrapper                          0x080001db   Thumb Code    18  memseta.o(.text)
    __aeabi_llsl                             0x080001ed   Thumb Code    32  llshl.o(.text)
    _ll_shift_l                              0x080001ed   Thumb Code     0  llshl.o(.text)
    __aeabi_llsr                             0x0800020d   Thumb Code    34  llushr.o(.text)
    _ll_ushift_r                             0x0800020d   Thumb Code     0  llushr.o(.text)
    __scatterload                            0x08000231   Thumb Code    28  init.o(.text)
    __scatterload_rt2                        0x08000231   Thumb Code     0  init.o(.text)
    Delay_1ms                                0x08000271   Thumb Code    14  delay.o(i.Delay_1ms)
    Delay_nms                                0x08000285   Thumb Code    22  delay.o(i.Delay_nms)
    EXTI0_1_IRQHandler                       0x0800029b   Thumb Code    10  stm32l0xx_it.o(i.EXTI0_1_IRQHandler)
    EXTI2_3_IRQHandler                       0x080002a5   Thumb Code    10  stm32l0xx_it.o(i.EXTI2_3_IRQHandler)
    EXTI4_15_IRQHandler                      0x080002af   Thumb Code    12  stm32l0xx_it.o(i.EXTI4_15_IRQHandler)
    FUN_RF_SENDPACKET                        0x080002bd   Thumb Code   130  sx1276.o(i.FUN_RF_SENDPACKET)
    HAL_DMA_Abort_IT                         0x08000345   Thumb Code   174  stm32l0xx_hal_dma.o(i.HAL_DMA_Abort_IT)
    HAL_GPIO_EXTI_Callback                   0x080003f9   Thumb Code    80  main.o(i.HAL_GPIO_EXTI_Callback)
    HAL_GPIO_EXTI_IRQHandler                 0x08000451   Thumb Code    26  stm32l0xx_hal_gpio.o(i.HAL_GPIO_EXTI_IRQHandler)
    HAL_GPIO_Init                            0x08000471   Thumb Code   462  stm32l0xx_hal_gpio.o(i.HAL_GPIO_Init)
    HAL_GPIO_TogglePin                       0x0800065d   Thumb Code     8  stm32l0xx_hal_gpio.o(i.HAL_GPIO_TogglePin)
    HAL_GPIO_WritePin                        0x08000665   Thumb Code    12  stm32l0xx_hal_gpio.o(i.HAL_GPIO_WritePin)
    HAL_GetDEVID                             0x08000671   Thumb Code    10  stm32l0xx_hal.o(i.HAL_GetDEVID)
    HAL_GetTick                              0x08000681   Thumb Code     6  stm32l0xx_hal.o(i.HAL_GetTick)
    HAL_IncTick                              0x0800068d   Thumb Code    12  stm32l0xx_hal.o(i.HAL_IncTick)
    HAL_Init                                 0x0800069d   Thumb Code    40  stm32l0xx_hal.o(i.HAL_Init)
    HAL_InitTick                             0x080006c9   Thumb Code    36  stm32l0xx_hal.o(i.HAL_InitTick)
    HAL_MspInit                              0x080006f1   Thumb Code     2  stm32l0xx_hal.o(i.HAL_MspInit)
    HAL_NVIC_DisableIRQ                      0x080006f5   Thumb Code    18  stm32l0xx_hal_cortex.o(i.HAL_NVIC_DisableIRQ)
    HAL_NVIC_EnableIRQ                       0x0800070d   Thumb Code    18  stm32l0xx_hal_cortex.o(i.HAL_NVIC_EnableIRQ)
    HAL_NVIC_SetPriority                     0x08000725   Thumb Code    18  stm32l0xx_hal_cortex.o(i.HAL_NVIC_SetPriority)
    HAL_RCC_ClockConfig                      0x08000739   Thumb Code   482  stm32l0xx_hal_rcc.o(i.HAL_RCC_ClockConfig)
    HAL_RCC_GetHCLKFreq                      0x08000931   Thumb Code     6  stm32l0xx_hal_rcc.o(i.HAL_RCC_GetHCLKFreq)
    HAL_RCC_GetPCLK1Freq                     0x0800093d   Thumb Code    26  stm32l0xx_hal_rcc.o(i.HAL_RCC_GetPCLK1Freq)
    HAL_RCC_GetPCLK2Freq                     0x08000961   Thumb Code    26  stm32l0xx_hal_rcc.o(i.HAL_RCC_GetPCLK2Freq)
    HAL_RCC_GetSysClockFreq                  0x08000985   Thumb Code   206  stm32l0xx_hal_rcc.o(i.HAL_RCC_GetSysClockFreq)
    HAL_RCC_OscConfig                        0x08000a69   Thumb Code  1556  stm32l0xx_hal_rcc.o(i.HAL_RCC_OscConfig)
    HAL_SPI_DeInit                           0x08001089   Thumb Code    58  stm32l0xx_hal_spi.o(i.HAL_SPI_DeInit)
    HAL_SPI_GetState                         0x080010c3   Thumb Code     8  stm32l0xx_hal_spi.o(i.HAL_SPI_GetState)
    HAL_SPI_Init                             0x080010cb   Thumb Code   142  stm32l0xx_hal_spi.o(i.HAL_SPI_Init)
    HAL_SPI_MspDeInit                        0x08001159   Thumb Code     2  stm32l0xx_hal_spi.o(i.HAL_SPI_MspDeInit)
    HAL_SPI_MspInit                          0x0800115b   Thumb Code     2  stm32l0xx_hal_spi.o(i.HAL_SPI_MspInit)
    HAL_SPI_TransmitReceive                  0x0800115d   Thumb Code   894  stm32l0xx_hal_spi.o(i.HAL_SPI_TransmitReceive)
    HAL_SYSTICK_CLKSourceConfig              0x080014dd   Thumb Code    32  stm32l0xx_hal_cortex.o(i.HAL_SYSTICK_CLKSourceConfig)
    HAL_SYSTICK_Config                       0x08001501   Thumb Code    46  stm32l0xx_hal_cortex.o(i.HAL_SYSTICK_Config)
    HAL_UARTEx_WakeupCallback                0x08001539   Thumb Code     2  stm32l0xx_hal_uart_ex.o(i.HAL_UARTEx_WakeupCallback)
    HAL_UART_ErrorCallback                   0x0800153d   Thumb Code    48  usart.o(i.HAL_UART_ErrorCallback)
    HAL_UART_IRQHandler                      0x08001585   Thumb Code   396  stm32l0xx_hal_uart.o(i.HAL_UART_IRQHandler)
    HAL_UART_Init                            0x08001715   Thumb Code   130  stm32l0xx_hal_uart.o(i.HAL_UART_Init)
    HAL_UART_MspInit                         0x08001797   Thumb Code     2  stm32l0xx_hal_uart.o(i.HAL_UART_MspInit)
    HAL_UART_Receive_IT                      0x08001799   Thumb Code   230  stm32l0xx_hal_uart.o(i.HAL_UART_Receive_IT)
    HAL_UART_RxCpltCallback                  0x08001885   Thumb Code    54  main.o(i.HAL_UART_RxCpltCallback)
    HAL_UART_Transmit                        0x080018cd   Thumb Code   240  stm32l0xx_hal_uart.o(i.HAL_UART_Transmit)
    HardFault_Handler                        0x080019bd   Thumb Code     4  stm32l0xx_it.o(i.HardFault_Handler)
    LED_OFF                                  0x08001a6d   Thumb Code    50  led.o(i.LED_OFF)
    LED_ON                                   0x08001aa5   Thumb Code    50  led.o(i.LED_ON)
    LED_TOGGLE                               0x08001add   Thumb Code    48  led.o(i.LED_TOGGLE)
    Lora_Init                                0x08001ba9   Thumb Code    48  sx1276.o(i.Lora_Init)
    Lora_Send                                0x08001bdd   Thumb Code   144  sx1276.o(i.Lora_Send)
    NMI_Handler                              0x08001c6d   Thumb Code     2  stm32l0xx_it.o(i.NMI_Handler)
    PendSV_Handler                           0x08001ce9   Thumb Code     2  stm32l0xx_it.o(i.PendSV_Handler)
    RF_RECEIVE                               0x08001d85   Thumb Code    56  sx1276.o(i.RF_RECEIVE)
    RF_SLEEP                                 0x08001dc1   Thumb Code    40  sx1276.o(i.RF_SLEEP)
    SPIx_Error                               0x08001f01   Thumb Code    14  spi.o(i.SPIx_Error)
    SPIx_Init                                0x08001f15   Thumb Code    74  spi.o(i.SPIx_Init)
    SPIx_WriteReadData                       0x08002005   Thumb Code    40  spi.o(i.SPIx_WriteReadData)
    SVC_Handler                              0x08002035   Thumb Code     2  stm32l0xx_it.o(i.SVC_Handler)
    SX1276LoRaFsk                            0x08002095   Thumb Code    32  sx1276.o(i.SX1276LoRaFsk)
    SX1276LoRaSetErrorCoding                 0x080020b5   Thumb Code    34  sx1276.o(i.SX1276LoRaSetErrorCoding)
    SX1276LoRaSetImplicitHeaderOn            0x080020d7   Thumb Code    32  sx1276.o(i.SX1276LoRaSetImplicitHeaderOn)
    SX1276LoRaSetMobileNode                  0x080020f7   Thumb Code    34  sx1276.o(i.SX1276LoRaSetMobileNode)
    SX1276LoRaSetNbTrigPeaks                 0x08002119   Thumb Code    32  sx1276.o(i.SX1276LoRaSetNbTrigPeaks)
    SX1276LoRaSetOpMode                      0x08002139   Thumb Code    32  sx1276.o(i.SX1276LoRaSetOpMode)
    SX1276LoRaSetPacketCrcOn                 0x08002159   Thumb Code    34  sx1276.o(i.SX1276LoRaSetPacketCrcOn)
    SX1276LoRaSetPayloadLength               0x0800217b   Thumb Code    14  sx1276.o(i.SX1276LoRaSetPayloadLength)
    SX1276LoRaSetRFFrequency                 0x08002189   Thumb Code    38  sx1276.o(i.SX1276LoRaSetRFFrequency)
    SX1276LoRaSetRFPower                     0x080021b5   Thumb Code    24  sx1276.o(i.SX1276LoRaSetRFPower)
    SX1276LoRaSetSignalBandwidth             0x080021d1   Thumb Code    32  sx1276.o(i.SX1276LoRaSetSignalBandwidth)
    SX1276LoRaSetSpreadingFactor             0x080021f1   Thumb Code    38  sx1276.o(i.SX1276LoRaSetSpreadingFactor)
    SX1276LoRaSetSymbTimeout                 0x08002217   Thumb Code    68  sx1276.o(i.SX1276LoRaSetSymbTimeout)
    SX1276ReadBuffer                         0x0800225d   Thumb Code    44  sx1276.o(i.SX1276ReadBuffer)
    SX1276Reset                              0x0800228d   Thumb Code    40  sx1276.o(i.SX1276Reset)
    SX1276WriteBuffer                        0x080022b9   Thumb Code    44  sx1276.o(i.SX1276WriteBuffer)
    SX1276_GetVersion                        0x080022e9   Thumb Code    14  sx1276.o(i.SX1276_GetVersion)
    SX1276_InitFailed                        0x080022f7   Thumb Code     2  sx1276.o(i.SX1276_InitFailed)
    SX1276_InitSuccess                       0x080022f9   Thumb Code     2  sx1276.o(i.SX1276_InitSuccess)
    SX1276_LoRa_SetDataRate                  0x080022fd   Thumb Code   184  sx1276.o(i.SX1276_LoRa_SetDataRate)
    SX1278_Interupt                          0x080023b9   Thumb Code   186  sx1276.o(i.SX1278_Interupt)
    Schd_After                               0x08002481   Thumb Code    88  schd.o(i.Schd_After)
    Schd_After_Int                           0x080024e1   Thumb Code    38  schd.o(i.Schd_After_Int)
    Schd_Run                                 0x08002509   Thumb Code   204  schd.o(i.Schd_Run)
    SysTick_Handler                          0x080025dd   Thumb Code    26  globalvar.o(i.SysTick_Handler)
    SystemClock_Config                       0x080025fd   Thumb Code   124  main.o(i.SystemClock_Config)
    SystemInit                               0x08002681   Thumb Code    88  system_stm32l0xx.o(i.SystemInit)
    UART_AdvFeatureConfig                    0x080026e9   Thumb Code   240  stm32l0xx_hal_uart.o(i.UART_AdvFeatureConfig)
    UART_CheckIdleState                      0x080027d9   Thumb Code   112  stm32l0xx_hal_uart.o(i.UART_CheckIdleState)
    UART_SendMsg                             0x0800291d   Thumb Code    50  usart.o(i.UART_SendMsg)
    UART_SetConfig                           0x08002961   Thumb Code   690  stm32l0xx_hal_uart.o(i.UART_SetConfig)
    UART_WaitOnFlagUntilTimeout              0x08002c35   Thumb Code   112  stm32l0xx_hal_uart.o(i.UART_WaitOnFlagUntilTimeout)
    USART1_IRQHandler                        0x08002ca5   Thumb Code    10  usart.o(i.USART1_IRQHandler)
    USART2_IRQHandler                        0x08002cb5   Thumb Code    10  usart.o(i.USART2_IRQHandler)
    USARTConfig                              0x08002cc5   Thumb Code   354  usart.o(i.USARTConfig)
    __ARM_common_ll_muluu                    0x08002e45   Thumb Code    48  stm32l0xx_hal_uart.o(i.__ARM_common_ll_muluu)
    __ARM_common_switch8                     0x08002e75   Thumb Code    28  main.o(i.__ARM_common_switch8)
    __scatterload_copy                       0x08002e91   Thumb Code    14  handlers.o(i.__scatterload_copy)
    __scatterload_null                       0x08002e9f   Thumb Code     2  handlers.o(i.__scatterload_null)
    __scatterload_zeroinit                   0x08002ea1   Thumb Code    14  handlers.o(i.__scatterload_zeroinit)
    _buf_send_to_server                      0x08002eb1   Thumb Code   148  main.o(i._buf_send_to_server)
    cmdSwitchEn                              0x08002f4d   Thumb Code    44  sx1276.o(i.cmdSwitchEn)
    cmdSwitchPA                              0x08002f7d   Thumb Code    64  sx1276.o(i.cmdSwitchPA)
    delChar_success_callback                 0x08002fc1   Thumb Code    18  main.o(i.delChar_success_callback)
    downchar_callback                        0x08002fd5   Thumb Code    14  main.o(i.downchar_callback)
    excute_update_node                       0x08002fed   Thumb Code   488  main.o(i.excute_update_node)
    fingerSearchFrame                        0x080031ed   Thumb Code    54  finger.o(i.fingerSearchFrame)
    finger_OpSta                             0x08003225   Thumb Code   190  main.o(i.finger_OpSta)
    finger_cmd_wait_timeOut                  0x080032f9   Thumb Code    38  finger.o(i.finger_cmd_wait_timeOut)
    finger_cmd_wait_time_update              0x08003325   Thumb Code    12  finger.o(i.finger_cmd_wait_time_update)
    finger_processACK                        0x08003335   Thumb Code   394  finger.o(i.finger_processACK)
    finger_processCMD                        0x080034cd   Thumb Code     2  finger.o(i.finger_processCMD)
    finger_processDATA                       0x080034cf   Thumb Code     2  finger.o(i.finger_processDATA)
    finger_processEND                        0x080034d1   Thumb Code     2  finger.o(i.finger_processEND)
    flash_running_led                        0x080034d5   Thumb Code    66  main.o(i.flash_running_led)
    get_system_time                          0x08003521   Thumb Code    68  main.o(i.get_system_time)
    initDrivers                              0x08003579   Thumb Code    44  main.o(i.initDrivers)
    init_PowerControl_Configuration          0x080035a5   Thumb Code    76  lowpower.o(i.init_PowerControl_Configuration)
    init_finger_touch_int                    0x080035f5   Thumb Code    78  finger.o(i.init_finger_touch_int)
    init_led                                 0x0800364d   Thumb Code    20  led.o(i.init_led)
    local_ticktime                           0x08003665   Thumb Code     6  globalvar.o(i.local_ticktime)
    lock_next_op                             0x08003671   Thumb Code   110  main.o(i.lock_next_op)
    lora_RWByte                              0x080036e5   Thumb Code    20  sx1276.o(i.lora_RWByte)
    main                                     0x0800373d   Thumb Code   226  main.o(i.main)
    powerOff_finger                          0x0800383d   Thumb Code    16  lowpower.o(i.powerOff_finger)
    powerOn_LoRa                             0x08003851   Thumb Code    16  lowpower.o(i.powerOn_LoRa)
    powerOn_finger                           0x08003861   Thumb Code    14  lowpower.o(i.powerOn_finger)
    process_fingerRxBuffer                   0x08003875   Thumb Code   314  main.o(i.process_fingerRxBuffer)
    process_lockUnitRxBuffer                 0x080039bd   Thumb Code   430  main.o(i.process_lockUnitRxBuffer)
    process_serverRxBuffer                   0x08003b8d   Thumb Code   178  main.o(i.process_serverRxBuffer)
    register_down_success_callback           0x08003c51   Thumb Code    26  main.o(i.register_down_success_callback)
    register_rf_func                         0x08003c75   Thumb Code    50  sx1276.o(i.register_rf_func)
    search_result_callback                   0x08003cad   Thumb Code    56  main.o(i.search_result_callback)
    sendCmd_deletChar                        0x08003ced   Thumb Code    50  finger.o(i.sendCmd_deletChar)
    sendCmd_downChar                         0x08003d29   Thumb Code    36  finger.o(i.sendCmd_downChar)
    sendCmd_empty                            0x08003d55   Thumb Code    30  finger.o(i.sendCmd_empty)
    sendCmd_genChar                          0x08003d7d   Thumb Code    36  finger.o(i.sendCmd_genChar)
    sendCmd_getImg                           0x08003da9   Thumb Code    28  finger.o(i.sendCmd_getImg)
    sendCmd_loadChar                         0x08003dcd   Thumb Code    44  finger.o(i.sendCmd_loadChar)
    sendCmd_search                           0x08003e01   Thumb Code    54  finger.o(i.sendCmd_search)
    sendCmd_store                            0x08003e41   Thumb Code    44  finger.o(i.sendCmd_store)
    sendCmd_templeteNum                      0x08003e75   Thumb Code    30  finger.o(i.sendCmd_templeteNum)
    sendCmd_upChar                           0x08003e9d   Thumb Code    36  finger.o(i.sendCmd_upChar)
    sendData_downchar                        0x08003ec9   Thumb Code    84  finger.o(i.sendData_downchar)
    send_cmd_to_lock                         0x08003f1d   Thumb Code   150  lock.o(i.send_cmd_to_lock)
    send_to_finger                           0x08003fbd   Thumb Code   150  finger.o(i.send_to_finger)
    server_send                              0x0800405d   Thumb Code   114  main.o(i.server_send)
    sysIdle_timeout                          0x080040d1   Thumb Code    24  main.o(i.sysIdle_timeout)
    timeout                                  0x080040f5   Thumb Code    20  globalvar.o(i.timeout)
    update_lib                               0x0800410d   Thumb Code    66  main.o(i.update_lib)
    update_sysIdle_tick                      0x0800415d   Thumb Code    18  main.o(i.update_sysIdle_tick)
    usart2_tx_AFGPIO_init                    0x08004179   Thumb Code    38  usart.o(i.usart2_tx_AFGPIO_init)
    usart2_tx_gpio_init                      0x0800419f   Thumb Code    32  lock.o(i.usart2_tx_gpio_init)
    AHBPrescTable                            0x080041c6   Data          16  system_stm32l0xx.o(.constdata)
    APBPrescTable                            0x080041d6   Data           8  system_stm32l0xx.o(.constdata)
    PLLMulTable                              0x080041de   Data           9  system_stm32l0xx.o(.constdata)
    power_data                               0x0800422c   Data           8  sx1276.o(.constdata)
    Region$$Table$$Base                      0x080042b8   Number         0  anon$$obj.o(Region$$Table)
    Region$$Table$$Limit                     0x080042d8   Number         0  anon$$obj.o(Region$$Table)
    sys_para                                 0x20000000   Data           2  main.o(.data)
    node_ID                                  0x20000002   Data           2  main.o(.data)
    sysIdle_timeTick                         0x20000004   Data           4  main.o(.data)
    SystemCoreClock                          0x20000020   Data           4  system_stm32l0xx.o(.data)
    uwTick                                   0x20000024   Data           4  stm32l0xx_hal.o(.data)
    _schd_last_microsecond                   0x20000028   Data           4  schd.o(.data)
    _localTimeTick_ms                        0x2000002c   Data           4  globalvar.o(.data)
    finger_fsm                               0x20000030   Data           2  finger.o(.data)
    finger_com                               0x20000034   Data           8  finger.o(.data)
    finger_lib                               0x2000003c   Data           2  finger.o(.data)
    SpixTimeout                              0x20000040   Data           4  spi.o(.data)
    usart1_rx_flag                           0x20000044   Data           8  usart.o(.data)
    usart2_rx_flag                           0x2000004c   Data           8  usart.o(.data)
    up_download_finger                       0x20000054   Data         784  main.o(.bss)
    user_mag                                 0x20000364   Data          26  main.o(.bss)
    _schd_items                              0x20000380   Data        1280  schd.o(.bss)
    finger                                   0x20000880   Data         154  finger.o(.bss)
    lock_com                                 0x2000091c   Data          12  lock.o(.bss)
    _leds_defines                            0x20000928   Data          24  led.o(.bss)
    hnucleo_Spi                              0x20000940   Data          88  spi.o(.bss)
    lpTypefunc                               0x20000998   Data          16  sx1276.o(.bss)
    lora_data                                0x200009a8   Data         264  sx1276.o(.bss)
    UartHandle2                              0x20000ab0   Data         112  usart.o(.bss)
    UartHandle1                              0x20000b20   Data         112  usart.o(.bss)
    UART2_RxBuffer                           0x20000b90   Data          60  usart.o(.bss)
    UART2_TxBuffer                           0x20000bcc   Data          60  usart.o(.bss)
    UART1_RxBuffer                           0x20000c08   Data         900  usart.o(.bss)
    UART1_TxBuffer                           0x20000f8c   Data         150  usart.o(.bss)
    __initial_sp                             0x20001a28   Data           0  startup_stm32l051xx.o(STACK)



==============================================================================

Memory Map of the image

  Image Entry point : 0x080000c1

  Load Region LR_IROM1 (Base: 0x08000000, Size: 0x0000432c, Max: 0x00010000, ABSOLUTE)

    Execution Region ER_IROM1 (Base: 0x08000000, Size: 0x000042d8, Max: 0x00010000, ABSOLUTE)

    Base Addr    Size         Type   Attr      Idx    E Section Name        Object

    0x08000000   0x000000c0   Data   RO            3    RESET               startup_stm32l051xx.o
    0x080000c0   0x00000000   Code   RO         2498  * .ARM.Collect$$$$00000000  mc_p.l(entry.o)
    0x080000c0   0x00000004   Code   RO         2513    .ARM.Collect$$$$00000001  mc_p.l(entry2.o)
    0x080000c4   0x00000004   Code   RO         2516    .ARM.Collect$$$$00000004  mc_p.l(entry5.o)
    0x080000c8   0x00000000   Code   RO         2518    .ARM.Collect$$$$00000008  mc_p.l(entry7b.o)
    0x080000c8   0x00000000   Code   RO         2520    .ARM.Collect$$$$0000000A  mc_p.l(entry8b.o)
    0x080000c8   0x00000008   Code   RO         2521    .ARM.Collect$$$$0000000B  mc_p.l(entry9a.o)
    0x080000d0   0x00000000   Code   RO         2523    .ARM.Collect$$$$0000000D  mc_p.l(entry10a.o)
    0x080000d0   0x00000000   Code   RO         2525    .ARM.Collect$$$$0000000F  mc_p.l(entry11a.o)
    0x080000d0   0x00000004   Code   RO         2514    .ARM.Collect$$$$00002712  mc_p.l(entry2.o)
    0x080000d4   0x0000001c   Code   RO            4    .text               startup_stm32l051xx.o
    0x080000f0   0x0000002c   Code   RO         2501    .text               mc_p.l(uidiv.o)
    0x0800011c   0x00000028   Code   RO         2503    .text               mc_p.l(idiv.o)
    0x08000144   0x00000060   Code   RO         2505    .text               mc_p.l(uldiv.o)
    0x080001a4   0x00000024   Code   RO         2507    .text               mc_p.l(memcpya.o)
    0x080001c8   0x00000024   Code   RO         2509    .text               mc_p.l(memseta.o)
    0x080001ec   0x00000020   Code   RO         2527    .text               mc_p.l(llshl.o)
    0x0800020c   0x00000022   Code   RO         2529    .text               mc_p.l(llushr.o)
    0x0800022e   0x00000002   PAD
    0x08000230   0x00000024   Code   RO         2531    .text               mc_p.l(init.o)
    0x08000254   0x0000001a   Code   RO         2154    i.Delay1s           sx1276.o
    0x0800026e   0x00000002   PAD
    0x08000270   0x00000014   Code   RO         2013    i.Delay_1ms         delay.o
    0x08000284   0x00000016   Code   RO         2015    i.Delay_nms         delay.o
    0x0800029a   0x0000000a   Code   RO          383    i.EXTI0_1_IRQHandler  stm32l0xx_it.o
    0x080002a4   0x0000000a   Code   RO          384    i.EXTI2_3_IRQHandler  stm32l0xx_it.o
    0x080002ae   0x0000000c   Code   RO          385    i.EXTI4_15_IRQHandler  stm32l0xx_it.o
    0x080002ba   0x00000002   PAD
    0x080002bc   0x00000088   Code   RO         2155    i.FUN_RF_SENDPACKET  sx1276.o
    0x08000344   0x000000b4   Code   RO         1668    i.HAL_DMA_Abort_IT  stm32l0xx_hal_dma.o
    0x080003f8   0x00000058   Code   RO           12    i.HAL_GPIO_EXTI_Callback  main.o
    0x08000450   0x00000020   Code   RO          716    i.HAL_GPIO_EXTI_IRQHandler  stm32l0xx_hal_gpio.o
    0x08000470   0x000001ec   Code   RO          717    i.HAL_GPIO_Init     stm32l0xx_hal_gpio.o
    0x0800065c   0x00000008   Code   RO          720    i.HAL_GPIO_TogglePin  stm32l0xx_hal_gpio.o
    0x08000664   0x0000000c   Code   RO          721    i.HAL_GPIO_WritePin  stm32l0xx_hal_gpio.o
    0x08000670   0x00000010   Code   RO          457    i.HAL_GetDEVID      stm32l0xx_hal.o
    0x08000680   0x0000000c   Code   RO          460    i.HAL_GetTick       stm32l0xx_hal.o
    0x0800068c   0x00000010   Code   RO          461    i.HAL_IncTick       stm32l0xx_hal.o
    0x0800069c   0x0000002c   Code   RO          462    i.HAL_Init          stm32l0xx_hal.o
    0x080006c8   0x00000028   Code   RO          463    i.HAL_InitTick      stm32l0xx_hal.o
    0x080006f0   0x00000002   Code   RO          465    i.HAL_MspInit       stm32l0xx_hal.o
    0x080006f2   0x00000002   PAD
    0x080006f4   0x00000018   Code   RO          616    i.HAL_NVIC_DisableIRQ  stm32l0xx_hal_cortex.o
    0x0800070c   0x00000018   Code   RO          617    i.HAL_NVIC_EnableIRQ  stm32l0xx_hal_cortex.o
    0x08000724   0x00000012   Code   RO          621    i.HAL_NVIC_SetPriority  stm32l0xx_hal_cortex.o
    0x08000736   0x00000002   PAD
    0x08000738   0x000001f8   Code   RO          919    i.HAL_RCC_ClockConfig  stm32l0xx_hal_rcc.o
    0x08000930   0x0000000c   Code   RO          923    i.HAL_RCC_GetHCLKFreq  stm32l0xx_hal_rcc.o
    0x0800093c   0x00000024   Code   RO          925    i.HAL_RCC_GetPCLK1Freq  stm32l0xx_hal_rcc.o
    0x08000960   0x00000024   Code   RO          926    i.HAL_RCC_GetPCLK2Freq  stm32l0xx_hal_rcc.o
    0x08000984   0x000000e4   Code   RO          927    i.HAL_RCC_GetSysClockFreq  stm32l0xx_hal_rcc.o
    0x08000a68   0x00000620   Code   RO          930    i.HAL_RCC_OscConfig  stm32l0xx_hal_rcc.o
    0x08001088   0x0000003a   Code   RO         1018    i.HAL_SPI_DeInit    stm32l0xx_hal_spi.o
    0x080010c2   0x00000008   Code   RO         1021    i.HAL_SPI_GetState  stm32l0xx_hal_spi.o
    0x080010ca   0x0000008e   Code   RO         1023    i.HAL_SPI_Init      stm32l0xx_hal_spi.o
    0x08001158   0x00000002   Code   RO         1024    i.HAL_SPI_MspDeInit  stm32l0xx_hal_spi.o
    0x0800115a   0x00000002   Code   RO         1025    i.HAL_SPI_MspInit   stm32l0xx_hal_spi.o
    0x0800115c   0x0000037e   Code   RO         1032    i.HAL_SPI_TransmitReceive  stm32l0xx_hal_spi.o
    0x080014da   0x00000002   PAD
    0x080014dc   0x00000024   Code   RO          623    i.HAL_SYSTICK_CLKSourceConfig  stm32l0xx_hal_cortex.o
    0x08001500   0x00000038   Code   RO          625    i.HAL_SYSTICK_Config  stm32l0xx_hal_cortex.o
    0x08001538   0x00000002   Code   RO         1606    i.HAL_UARTEx_WakeupCallback  stm32l0xx_hal_uart_ex.o
    0x0800153a   0x00000002   PAD
    0x0800153c   0x00000048   Code   RO         2387    i.HAL_UART_ErrorCallback  usart.o
    0x08001584   0x00000190   Code   RO         1275    i.HAL_UART_IRQHandler  stm32l0xx_hal_uart.o
    0x08001714   0x00000082   Code   RO         1276    i.HAL_UART_Init     stm32l0xx_hal_uart.o
    0x08001796   0x00000002   Code   RO         1278    i.HAL_UART_MspInit  stm32l0xx_hal_uart.o
    0x08001798   0x000000ec   Code   RO         1281    i.HAL_UART_Receive_IT  stm32l0xx_hal_uart.o
    0x08001884   0x00000048   Code   RO           13    i.HAL_UART_RxCpltCallback  main.o
    0x080018cc   0x000000f0   Code   RO         1284    i.HAL_UART_Transmit  stm32l0xx_hal_uart.o
    0x080019bc   0x00000004   Code   RO          386    i.HardFault_Handler  stm32l0xx_it.o
    0x080019c0   0x000000ac   Code   RO         2054    i.LED_Configuration  led.o
    0x08001a6c   0x00000038   Code   RO         2055    i.LED_OFF           led.o
    0x08001aa4   0x00000038   Code   RO         2056    i.LED_ON            led.o
    0x08001adc   0x00000034   Code   RO         2057    i.LED_TOGGLE        led.o
    0x08001b10   0x00000098   Code   RO         2156    i.Lora_GPIO_Config  sx1276.o
    0x08001ba8   0x00000034   Code   RO         2157    i.Lora_Init         sx1276.o
    0x08001bdc   0x00000090   Code   RO         2158    i.Lora_Send         sx1276.o
    0x08001c6c   0x00000002   Code   RO          387    i.NMI_Handler       stm32l0xx_it.o
    0x08001c6e   0x00000002   PAD
    0x08001c70   0x00000078   Code   RO          627    i.NVIC_SetPriority  stm32l0xx_hal_cortex.o
    0x08001ce8   0x00000002   Code   RO          388    i.PendSV_Handler    stm32l0xx_it.o
    0x08001cea   0x00000002   PAD
    0x08001cec   0x00000098   Code   RO          931    i.RCC_SetFlashLatencyFromMSIRange  stm32l0xx_hal_rcc.o
    0x08001d84   0x0000003c   Code   RO         2160    i.RF_RECEIVE        sx1276.o
    0x08001dc0   0x00000028   Code   RO         2161    i.RF_SLEEP          sx1276.o
    0x08001de8   0x00000118   Code   RO         1053    i.SPI_WaitOnFlagUntilTimeout  stm32l0xx_hal_spi.o
    0x08001f00   0x00000014   Code   RO         2101    i.SPIx_Error        spi.o
    0x08001f14   0x00000054   Code   RO         2102    i.SPIx_Init         spi.o
    0x08001f68   0x0000009c   Code   RO         2103    i.SPIx_MspInit      spi.o
    0x08002004   0x00000030   Code   RO         2106    i.SPIx_WriteReadData  spi.o
    0x08002034   0x00000002   Code   RO          389    i.SVC_Handler       stm32l0xx_it.o
    0x08002036   0x00000002   PAD
    0x08002038   0x0000005c   Code   RO         2162    i.SX1276LORA_INT    sx1276.o
    0x08002094   0x00000020   Code   RO         2163    i.SX1276LoRaFsk     sx1276.o
    0x080020b4   0x00000022   Code   RO         2164    i.SX1276LoRaSetErrorCoding  sx1276.o
    0x080020d6   0x00000020   Code   RO         2165    i.SX1276LoRaSetImplicitHeaderOn  sx1276.o
    0x080020f6   0x00000022   Code   RO         2166    i.SX1276LoRaSetMobileNode  sx1276.o
    0x08002118   0x00000020   Code   RO         2167    i.SX1276LoRaSetNbTrigPeaks  sx1276.o
    0x08002138   0x00000020   Code   RO         2168    i.SX1276LoRaSetOpMode  sx1276.o
    0x08002158   0x00000022   Code   RO         2169    i.SX1276LoRaSetPacketCrcOn  sx1276.o
    0x0800217a   0x0000000e   Code   RO         2170    i.SX1276LoRaSetPayloadLength  sx1276.o
    0x08002188   0x0000002c   Code   RO         2172    i.SX1276LoRaSetRFFrequency  sx1276.o
    0x080021b4   0x0000001c   Code   RO         2173    i.SX1276LoRaSetRFPower  sx1276.o
    0x080021d0   0x00000020   Code   RO         2174    i.SX1276LoRaSetSignalBandwidth  sx1276.o
    0x080021f0   0x00000026   Code   RO         2175    i.SX1276LoRaSetSpreadingFactor  sx1276.o
    0x08002216   0x00000044   Code   RO         2176    i.SX1276LoRaSetSymbTimeout  sx1276.o
    0x0800225a   0x00000002   PAD
    0x0800225c   0x00000030   Code   RO         2177    i.SX1276ReadBuffer  sx1276.o
    0x0800228c   0x0000002c   Code   RO         2178    i.SX1276Reset       sx1276.o
    0x080022b8   0x00000030   Code   RO         2179    i.SX1276WriteBuffer  sx1276.o
    0x080022e8   0x0000000e   Code   RO         2180    i.SX1276_GetVersion  sx1276.o
    0x080022f6   0x00000002   Code   RO         2181    i.SX1276_InitFailed  sx1276.o
    0x080022f8   0x00000002   Code   RO         2182    i.SX1276_InitSuccess  sx1276.o
    0x080022fa   0x00000002   PAD
    0x080022fc   0x000000bc   Code   RO         2183    i.SX1276_LoRa_SetDataRate  sx1276.o
    0x080023b8   0x000000c8   Code   RO         2184    i.SX1278_Interupt   sx1276.o
    0x08002480   0x00000060   Code   RO         1743    i.Schd_After        schd.o
    0x080024e0   0x00000026   Code   RO         1744    i.Schd_After_Int    schd.o
    0x08002506   0x00000002   PAD
    0x08002508   0x000000d4   Code   RO         1745    i.Schd_Run          schd.o
    0x080025dc   0x00000020   Code   RO         1773    i.SysTick_Handler   globalvar.o
    0x080025fc   0x00000084   Code   RO           14    i.SystemClock_Config  main.o
    0x08002680   0x00000068   Code   RO          332    i.SystemInit        system_stm32l0xx.o
    0x080026e8   0x000000f0   Code   RO         1289    i.UART_AdvFeatureConfig  stm32l0xx_hal_uart.o
    0x080027d8   0x00000074   Code   RO         1290    i.UART_CheckIdleState  stm32l0xx_hal_uart.o
    0x0800284c   0x00000018   Code   RO         1291    i.UART_DMAAbortOnError  stm32l0xx_hal_uart.o
    0x08002864   0x00000022   Code   RO         1301    i.UART_EndRxTransfer  stm32l0xx_hal_uart.o
    0x08002886   0x00000096   Code   RO         1304    i.UART_Receive_IT   stm32l0xx_hal_uart.o
    0x0800291c   0x00000044   Code   RO         2388    i.UART_SendMsg      usart.o
    0x08002960   0x000002d4   Code   RO         1305    i.UART_SetConfig    stm32l0xx_hal_uart.o
    0x08002c34   0x00000070   Code   RO         1307    i.UART_WaitOnFlagUntilTimeout  stm32l0xx_hal_uart.o
    0x08002ca4   0x00000010   Code   RO         2389    i.USART1_IRQHandler  usart.o
    0x08002cb4   0x00000010   Code   RO         2390    i.USART2_IRQHandler  usart.o
    0x08002cc4   0x00000180   Code   RO         2391    i.USARTConfig       usart.o
    0x08002e44   0x00000030   Code   RO         1592    i.__ARM_common_ll_muluu  stm32l0xx_hal_uart.o
    0x08002e74   0x0000001c   Code   RO          164    i.__ARM_common_switch8  main.o
    0x08002e90   0x0000000e   Code   RO         2535    i.__scatterload_copy  mc_p.l(handlers.o)
    0x08002e9e   0x00000002   Code   RO         2536    i.__scatterload_null  mc_p.l(handlers.o)
    0x08002ea0   0x0000000e   Code   RO         2537    i.__scatterload_zeroinit  mc_p.l(handlers.o)
    0x08002eae   0x00000002   PAD
    0x08002eb0   0x0000009c   Code   RO           15    i._buf_send_to_server  main.o
    0x08002f4c   0x00000030   Code   RO         2185    i.cmdSwitchEn       sx1276.o
    0x08002f7c   0x00000044   Code   RO         2186    i.cmdSwitchPA       sx1276.o
    0x08002fc0   0x00000012   Code   RO           16    i.delChar_success_callback  main.o
    0x08002fd2   0x00000002   PAD
    0x08002fd4   0x00000018   Code   RO           17    i.downchar_callback  main.o
    0x08002fec   0x00000200   Code   RO           19    i.excute_update_node  main.o
    0x080031ec   0x00000036   Code   RO         1820    i.fingerSearchFrame  finger.o
    0x08003222   0x00000002   PAD
    0x08003224   0x000000d4   Code   RO           20    i.finger_OpSta      main.o
    0x080032f8   0x0000002c   Code   RO         1821    i.finger_cmd_wait_timeOut  finger.o
    0x08003324   0x00000010   Code   RO         1822    i.finger_cmd_wait_time_update  finger.o
    0x08003334   0x00000198   Code   RO         1823    i.finger_processACK  finger.o
    0x080034cc   0x00000002   Code   RO         1824    i.finger_processCMD  finger.o
    0x080034ce   0x00000002   Code   RO         1825    i.finger_processDATA  finger.o
    0x080034d0   0x00000002   Code   RO         1826    i.finger_processEND  finger.o
    0x080034d2   0x00000002   PAD
    0x080034d4   0x0000004c   Code   RO           21    i.flash_running_led  main.o
    0x08003520   0x00000058   Code   RO           22    i.get_system_time   main.o
    0x08003578   0x0000002c   Code   RO           23    i.initDrivers       main.o
    0x080035a4   0x00000050   Code   RO         2446    i.init_PowerControl_Configuration  lowpower.o
    0x080035f4   0x00000058   Code   RO         1827    i.init_finger_touch_int  finger.o
    0x0800364c   0x00000018   Code   RO         2058    i.init_led          led.o
    0x08003664   0x0000000c   Code   RO         1775    i.local_ticktime    globalvar.o
    0x08003670   0x00000074   Code   RO           24    i.lock_next_op      main.o
    0x080036e4   0x00000014   Code   RO         2187    i.lora_RWByte       sx1276.o
    0x080036f8   0x00000044   Code   RO         2188    i.lora_tx_with_timeout  sx1276.o
    0x0800373c   0x00000100   Code   RO           25    i.main              main.o
    0x0800383c   0x00000014   Code   RO         2448    i.powerOff_finger   lowpower.o
    0x08003850   0x00000010   Code   RO         2449    i.powerOn_LoRa      lowpower.o
    0x08003860   0x00000014   Code   RO         2450    i.powerOn_finger    lowpower.o
    0x08003874   0x00000148   Code   RO           26    i.process_fingerRxBuffer  main.o
    0x080039bc   0x000001d0   Code   RO           27    i.process_lockUnitRxBuffer  main.o
    0x08003b8c   0x000000c4   Code   RO           28    i.process_serverRxBuffer  main.o
    0x08003c50   0x00000024   Code   RO           29    i.register_down_success_callback  main.o
    0x08003c74   0x00000038   Code   RO         2189    i.register_rf_func  sx1276.o
    0x08003cac   0x00000040   Code   RO           30    i.search_result_callback  main.o
    0x08003cec   0x0000003c   Code   RO         1828    i.sendCmd_deletChar  finger.o
    0x08003d28   0x0000002c   Code   RO         1829    i.sendCmd_downChar  finger.o
    0x08003d54   0x00000028   Code   RO         1830    i.sendCmd_empty     finger.o
    0x08003d7c   0x0000002c   Code   RO         1831    i.sendCmd_genChar   finger.o
    0x08003da8   0x00000024   Code   RO         1832    i.sendCmd_getImg    finger.o
    0x08003dcc   0x00000034   Code   RO         1833    i.sendCmd_loadChar  finger.o
    0x08003e00   0x00000040   Code   RO         1836    i.sendCmd_search    finger.o
    0x08003e40   0x00000034   Code   RO         1837    i.sendCmd_store     finger.o
    0x08003e74   0x00000028   Code   RO         1838    i.sendCmd_templeteNum  finger.o
    0x08003e9c   0x0000002c   Code   RO         1839    i.sendCmd_upChar    finger.o
    0x08003ec8   0x00000054   Code   RO         1840    i.sendData_downchar  finger.o
    0x08003f1c   0x000000a0   Code   RO         1975    i.send_cmd_to_lock  lock.o
    0x08003fbc   0x000000a0   Code   RO         1841    i.send_to_finger    finger.o
    0x0800405c   0x00000072   Code   RO           31    i.server_send       main.o
    0x080040ce   0x00000002   PAD
    0x080040d0   0x00000024   Code   RO           32    i.sysIdle_timeout   main.o
    0x080040f4   0x00000018   Code   RO         1776    i.timeout           globalvar.o
    0x0800410c   0x00000050   Code   RO           33    i.update_lib        main.o
    0x0800415c   0x0000001c   Code   RO           34    i.update_sysIdle_tick  main.o
    0x08004178   0x00000026   Code   RO         2392    i.usart2_tx_AFGPIO_init  usart.o
    0x0800419e   0x00000020   Code   RO         1977    i.usart2_tx_gpio_init  lock.o
    0x080041be   0x00000002   PAD
    0x080041c0   0x00000006   Data   RO           36    .constdata          main.o
    0x080041c6   0x00000021   Data   RO          333    .constdata          system_stm32l0xx.o
    0x080041e7   0x00000001   PAD
    0x080041e8   0x00000036   Data   RO         1843    .constdata          finger.o
    0x0800421e   0x00000002   PAD
    0x08004220   0x0000000c   Data   RO         2060    .constdata          led.o
    0x0800422c   0x0000008c   Data   RO         2191    .constdata          sx1276.o
    0x080042b8   0x00000020   Data   RO         2533    Region$$Table       anon$$obj.o


    Execution Region RW_IRAM1 (Base: 0x20000000, Size: 0x00001a28, Max: 0x00002000, ABSOLUTE)

    Base Addr    Size         Type   Attr      Idx    E Section Name        Object

    0x20000000   0x00000020   Data   RW           37    .data               main.o
    0x20000020   0x00000004   Data   RW          334    .data               system_stm32l0xx.o
    0x20000024   0x00000004   Data   RW          472    .data               stm32l0xx_hal.o
    0x20000028   0x00000004   Data   RW         1747    .data               schd.o
    0x2000002c   0x00000004   Data   RW         1778    .data               globalvar.o
    0x20000030   0x0000000e   Data   RW         1844    .data               finger.o
    0x2000003e   0x00000002   PAD
    0x20000040   0x00000004   Data   RW         2108    .data               spi.o
    0x20000044   0x00000010   Data   RW         2394    .data               usart.o
    0x20000054   0x0000032a   Zero   RW           35    .bss                main.o
    0x2000037e   0x00000002   PAD
    0x20000380   0x00000500   Zero   RW         1746    .bss                schd.o
    0x20000880   0x0000009a   Zero   RW         1842    .bss                finger.o
    0x2000091a   0x00000002   PAD
    0x2000091c   0x0000000c   Zero   RW         1978    .bss                lock.o
    0x20000928   0x00000018   Zero   RW         2059    .bss                led.o
    0x20000940   0x00000058   Zero   RW         2107    .bss                spi.o
    0x20000998   0x00000118   Zero   RW         2190    .bss                sx1276.o
    0x20000ab0   0x00000572   Zero   RW         2393    .bss                usart.o
    0x20001022   0x00000006   PAD
    0x20001028   0x00000a00   Zero   RW            1    STACK               startup_stm32l051xx.o


==============================================================================

Image component sizes


      Code (inc. data)   RO Data    RW Data    ZI Data      Debug   Object Name

        42          6          0          0          0        916   delay.o
      1336        144         54         14        154      13582   finger.o
        68         16          0          4          0       2017   globalvar.o
       360         28         12          0         24       3371   led.o
       192         10          0          0         12       1872   lock.o
       136         14          0          0          0       1888   lowpower.o
      3168        320          6         32        810     290592   main.o
       346         16          0          4       1280       2594   schd.o
       308         28          0          4         88       2644   spi.o
        28          8        192          0       2560        660   startup_stm32l051xx.o
       130         24          0          4          0       3656   stm32l0xx_hal.o
       278         36          0          0          0      11561   stm32l0xx_hal_cortex.o
       180          6          0          0          0        995   stm32l0xx_hal_dma.o
       544         36          0          0          0       3136   stm32l0xx_hal_gpio.o
      2536        112          0          0          0       6232   stm32l0xx_hal_rcc.o
      1386          0          0          0          0       5159   stm32l0xx_hal_spi.o
      2456         48          0          0          0       8984   stm32l0xx_hal_uart.o
         2          0          0          0          0        816   stm32l0xx_hal_uart_ex.o
        42          0          0          0          0       2973   stm32l0xx_it.o
      1962         90        140          0        280      34010   sx1276.o
       104         16         33          4          0       1307   system_stm32l0xx.o
       594         84          0         16       1394       5598   usart.o

    ----------------------------------------------------------------------
     16232       1042        472         84       6612     404563   Object Totals
         0          0         32          0          0          0   (incl. Generated)
        34          0          3          2         10          0   (incl. Padding)

    ----------------------------------------------------------------------

      Code (inc. data)   RO Data    RW Data    ZI Data      Debug   Library Member Name

         0          0          0          0          0          0   entry.o
         0          0          0          0          0          0   entry10a.o
         0          0          0          0          0          0   entry11a.o
         8          4          0          0          0          0   entry2.o
         4          0          0          0          0          0   entry5.o
         0          0          0          0          0          0   entry7b.o
         0          0          0          0          0          0   entry8b.o
         8          4          0          0          0          0   entry9a.o
        30          0          0          0          0          0   handlers.o
        40          0          0          0          0         72   idiv.o
        36          8          0          0          0         68   init.o
        32          0          0          0          0         68   llshl.o
        34          0          0          0          0         68   llushr.o
        36          0          0          0          0         60   memcpya.o
        36          0          0          0          0        100   memseta.o
        44          0          0          0          0         72   uidiv.o
        96          0          0          0          0         84   uldiv.o

    ----------------------------------------------------------------------
       408         16          0          0          0        592   Library Totals
         4          0          0          0          0          0   (incl. Padding)

    ----------------------------------------------------------------------

      Code (inc. data)   RO Data    RW Data    ZI Data      Debug   Library Name

       404         16          0          0          0        592   mc_p.l

    ----------------------------------------------------------------------
       408         16          0          0          0        592   Library Totals

    ----------------------------------------------------------------------

==============================================================================


      Code (inc. data)   RO Data    RW Data    ZI Data      Debug   

     16640       1058        472         84       6612     398267   Grand Totals
     16640       1058        472         84       6612     398267   ELF Image Totals
     16640       1058        472         84          0          0   ROM Totals

==============================================================================

    Total RO  Size (Code + RO Data)                17112 (  16.71kB)
    Total RW  Size (RW Data + ZI Data)              6696 (   6.54kB)
    Total ROM Size (Code + RO Data + RW Data)      17196 (  16.79kB)

==============================================================================

