Component: ARM Compiler 5.05 update 1 (build 106) Tool: armlink [4d0efa]

==============================================================================

Section Cross References

    startup_stm32l051xx.o(RESET) refers to startup_stm32l051xx.o(STACK) for __initial_sp
    startup_stm32l051xx.o(RESET) refers to startup_stm32l051xx.o(.text) for Reset_Handler
    startup_stm32l051xx.o(RESET) refers to stm32l0xx_it.o(i.NMI_Handler) for NMI_Handler
    startup_stm32l051xx.o(RESET) refers to stm32l0xx_it.o(i.HardFault_Handler) for HardFault_Handler
    startup_stm32l051xx.o(RESET) refers to stm32l0xx_it.o(i.SVC_Handler) for SVC_Handler
    startup_stm32l051xx.o(RESET) refers to stm32l0xx_it.o(i.PendSV_Handler) for PendSV_Handler
    startup_stm32l051xx.o(RESET) refers to globalvar.o(i.SysTick_Handler) for SysTick_Handler
    startup_stm32l051xx.o(RESET) refers to rtc_alarm.o(i.RTC_IRQHandler) for RTC_IRQHandler
    startup_stm32l051xx.o(RESET) refers to stm32l0xx_it.o(i.EXTI0_1_IRQHandler) for EXTI0_1_IRQHandler
    startup_stm32l051xx.o(RESET) refers to stm32l0xx_it.o(i.EXTI2_3_IRQHandler) for EXTI2_3_IRQHandler
    startup_stm32l051xx.o(RESET) refers to stm32l0xx_it.o(i.EXTI4_15_IRQHandler) for EXTI4_15_IRQHandler
    startup_stm32l051xx.o(RESET) refers to usart.o(i.USART1_IRQHandler) for USART1_IRQHandler
    startup_stm32l051xx.o(RESET) refers to usart.o(i.USART2_IRQHandler) for USART2_IRQHandler
    startup_stm32l051xx.o(.text) refers to system_stm32l0xx.o(i.SystemInit) for SystemInit
    startup_stm32l051xx.o(.text) refers to entry.o(.ARM.Collect$$$$00000000) for __main
    main.o(i.HAL_GPIO_EXTI_Callback) refers to sx1276.o(i.SX1278_Interupt) for SX1278_Interupt
    main.o(i.HAL_GPIO_EXTI_Callback) refers to stm32l0xx_hal_cortex.o(i.HAL_NVIC_EnableIRQ) for HAL_NVIC_EnableIRQ
    main.o(i.HAL_GPIO_EXTI_Callback) refers to main.o(i.update_sysIdle_tick) for update_sysIdle_tick
    main.o(i.HAL_GPIO_EXTI_Callback) refers to finger.o(.data) for finger_fsm
    main.o(i.HAL_UART_RxCpltCallback) refers to globalvar.o(i.local_ticktime) for local_ticktime
    main.o(i.HAL_UART_RxCpltCallback) refers to main.o(i.update_sysIdle_tick) for update_sysIdle_tick
    main.o(i.HAL_UART_RxCpltCallback) refers to usart.o(.data) for usart2_rx_flag
    main.o(i.SystemClock_Config) refers to stm32l0xx_hal_rcc.o(i.HAL_RCC_OscConfig) for HAL_RCC_OscConfig
    main.o(i.SystemClock_Config) refers to stm32l0xx_hal_rcc.o(i.HAL_RCC_ClockConfig) for HAL_RCC_ClockConfig
    main.o(i.SystemClock_Config) refers to stm32l0xx_hal_rcc_ex.o(i.HAL_RCCEx_PeriphCLKConfig) for HAL_RCCEx_PeriphCLKConfig
    main.o(i.SystemClock_Config) refers to stm32l0xx_hal_rcc.o(i.HAL_RCC_GetHCLKFreq) for HAL_RCC_GetHCLKFreq
    main.o(i.SystemClock_Config) refers to uidiv.o(.text) for __aeabi_uidivmod
    main.o(i.SystemClock_Config) refers to stm32l0xx_hal_cortex.o(i.HAL_SYSTICK_Config) for HAL_SYSTICK_Config
    main.o(i.SystemClock_Config) refers to stm32l0xx_hal_cortex.o(i.HAL_SYSTICK_CLKSourceConfig) for HAL_SYSTICK_CLKSourceConfig
    main.o(i.SystemClock_Config) refers to stm32l0xx_hal_cortex.o(i.HAL_NVIC_SetPriority) for HAL_NVIC_SetPriority
    main.o(i.copy_data_to_lora_txBuf) refers to memseta.o(.text) for __aeabi_memclr4
    main.o(i.copy_data_to_lora_txBuf) refers to lora_com.o(i.write_datas_to_txBuf) for write_datas_to_txBuf
    main.o(i.copy_data_to_lora_txBuf) refers to main.o(.constdata) for .constdata
    main.o(i.copy_data_to_lora_txBuf) refers to lock.o(.data) for lockUnit
    main.o(i.copy_data_to_lora_txBuf) refers to lora_com.o(.bss) for lora_txBuf
    main.o(i.enter_sleep) refers to memseta.o(.text) for __aeabi_memclr4
    main.o(i.enter_sleep) refers to stm32l0xx_hal_rcc.o(i.HAL_RCC_DeInit) for HAL_RCC_DeInit
    main.o(i.enter_sleep) refers to stm32l0xx_hal_spi.o(i.HAL_SPI_DeInit) for HAL_SPI_DeInit
    main.o(i.enter_sleep) refers to led.o(i.LED_OFF) for LED_OFF
    main.o(i.enter_sleep) refers to lowpower.o(i.powerOff_LoRa) for powerOff_LoRa
    main.o(i.enter_sleep) refers to lowpower.o(i.powerOff_finger) for powerOff_finger
    main.o(i.enter_sleep) refers to lowpower.o(i.gpio_reInit_before_stop) for gpio_reInit_before_stop
    main.o(i.enter_sleep) refers to lock.o(i.usart2_rx_enbale_int) for usart2_rx_enbale_int
    main.o(i.enter_sleep) refers to finger.o(i.init_finger_touch_int) for init_finger_touch_int
    main.o(i.enter_sleep) refers to lowpower.o(i.enter_StopMode) for enter_StopMode
    main.o(i.enter_sleep) refers to main.o(i.initDrivers) for initDrivers
    main.o(i.enter_sleep) refers to main.o(i.init_para_variables) for init_para_variables
    main.o(i.enter_sleep) refers to main.o(i.update_sysIdle_tick) for update_sysIdle_tick
    main.o(i.enter_sleep) refers to process.o(i.isEmptyRecord) for isEmptyRecord
    main.o(i.enter_sleep) refers to memmovea.o(.text) for __aeabi_memcpy
    main.o(i.enter_sleep) refers to main.o(i.sendToServer) for sendToServer
[...]
    handlers.s                               0x00000000   Number         0  handlers.o ABSOLUTE
    init.s                                   0x00000000   Number         0  init.o ABSOLUTE
    library\CMSIS\startup_stm32l051xx.s      0x00000000   Number         0  startup_stm32l051xx.o ABSOLUTE
    library\CMSIS\system_stm32l0xx.c         0x00000000   Number         0  system_stm32l0xx.o ABSOLUTE
    library\Src\stm32l0xx_hal.c              0x00000000   Number         0  stm32l0xx_hal.o ABSOLUTE
    library\Src\stm32l0xx_hal_cortex.c       0x00000000   Number         0  stm32l0xx_hal_cortex.o ABSOLUTE
    library\Src\stm32l0xx_hal_dma.c          0x00000000   Number         0  stm32l0xx_hal_dma.o ABSOLUTE
    library\Src\stm32l0xx_hal_gpio.c         0x00000000   Number         0  stm32l0xx_hal_gpio.o ABSOLUTE
    library\Src\stm32l0xx_hal_iwdg.c         0x00000000   Number         0  stm32l0xx_hal_iwdg.o ABSOLUTE
    library\Src\stm32l0xx_hal_pwr.c          0x00000000   Number         0  stm32l0xx_hal_pwr.o ABSOLUTE
    library\Src\stm32l0xx_hal_rcc.c          0x00000000   Number         0  stm32l0xx_hal_rcc.o ABSOLUTE
    library\Src\stm32l0xx_hal_rcc_ex.c       0x00000000   Number         0  stm32l0xx_hal_rcc_ex.o ABSOLUTE
    library\Src\stm32l0xx_hal_rtc.c          0x00000000   Number         0  stm32l0xx_hal_rtc.o ABSOLUTE
    library\Src\stm32l0xx_hal_rtc_ex.c       0x00000000   Number         0  stm32l0xx_hal_rtc_ex.o ABSOLUTE
    library\Src\stm32l0xx_hal_spi.c          0x00000000   Number         0  stm32l0xx_hal_spi.o ABSOLUTE
    library\Src\stm32l0xx_hal_uart.c         0x00000000   Number         0  stm32l0xx_hal_uart.o ABSOLUTE
    library\Src\stm32l0xx_hal_uart_ex.c      0x00000000   Number         0  stm32l0xx_hal_uart_ex.o ABSOLUTE
    library\\CMSIS\\system_stm32l0xx.c       0x00000000   Number         0  system_stm32l0xx.o ABSOLUTE
    library\\Src\\stm32l0xx_hal.c            0x00000000   Number         0  stm32l0xx_hal.o ABSOLUTE
    library\\Src\\stm32l0xx_hal_cortex.c     0x00000000   Number         0  stm32l0xx_hal_cortex.o ABSOLUTE
    library\\Src\\stm32l0xx_hal_dma.c        0x00000000   Number         0  stm32l0xx_hal_dma.o ABSOLUTE
    library\\Src\\stm32l0xx_hal_gpio.c       0x00000000   Number         0  stm32l0xx_hal_gpio.o ABSOLUTE
    library\\Src\\stm32l0xx_hal_iwdg.c       0x00000000   Number         0  stm32l0xx_hal_iwdg.o ABSOLUTE
    library\\Src\\stm32l0xx_hal_pwr.c        0x00000000   Number         0  stm32l0xx_hal_pwr.o ABSOLUTE
    library\\Src\\stm32l0xx_hal_rcc.c        0x00000000   Number         0  stm32l0xx_hal_rcc.o ABSOLUTE
    library\\Src\\stm32l0xx_hal_rcc_ex.c     0x00000000   Number         0  stm32l0xx_hal_rcc_ex.o ABSOLUTE
    library\\Src\\stm32l0xx_hal_rtc.c        0x00000000   Number         0  stm32l0xx_hal_rtc.o ABSOLUTE
    library\\Src\\stm32l0xx_hal_rtc_ex.c     0x00000000   Number         0  stm32l0xx_hal_rtc_ex.o ABSOLUTE
    library\\Src\\stm32l0xx_hal_spi.c        0x00000000   Number         0  stm32l0xx_hal_spi.o ABSOLUTE
    library\\Src\\stm32l0xx_hal_uart.c       0x00000000   Number         0  stm32l0xx_hal_uart.o ABSOLUTE
    library\\Src\\stm32l0xx_hal_uart_ex.c    0x00000000   Number         0  stm32l0xx_hal_uart_ex.o ABSOLUTE
    user\\lock.c                             0x00000000   Number         0  lock.o ABSOLUTE
    user\\lora_com.c                         0x00000000   Number         0  lora_com.o ABSOLUTE
    user\\main.c                             0x00000000   Number         0  main.o ABSOLUTE
    user\\process.c                          0x00000000   Number         0  process.o ABSOLUTE
    user\\stm32l0xx_it.c                     0x00000000   Number         0  stm32l0xx_it.o ABSOLUTE
    user\\temp.c                             0x00000000   Number         0  temp.o ABSOLUTE
    user\lock.c                              0x00000000   Number         0  lock.o ABSOLUTE
    user\lora_com.c                          0x00000000   Number         0  lora_com.o ABSOLUTE
    user\main.c                              0x00000000   Number         0  main.o ABSOLUTE
    user\process.c                           0x00000000   Number         0  process.o ABSOLUTE
    user\stm32l0xx_it.c                      0x00000000   Number         0  stm32l0xx_it.o ABSOLUTE
    user\temp.c                              0x00000000   Number         0  temp.o ABSOLUTE
    RESET                                    0x08000000   Section      192  startup_stm32l051xx.o(RESET)
    .ARM.Collect$$$$00000000                 0x080000c0   Section        0  entry.o(.ARM.Collect$$$$00000000)
    .ARM.Collect$$$$00000001                 0x080000c0   Section        4  entry2.o(.ARM.Collect$$$$00000001)
    .ARM.Collect$$$$00000004                 0x080000c4   Section        4  entry5.o(.ARM.Collect$$$$00000004)
    .ARM.Collect$$$$00000008                 0x080000c8   Section        0  entry7b.o(.ARM.Collect$$$$00000008)
    .ARM.Collect$$$$0000000A                 0x080000c8   Section        0  entry8b.o(.ARM.Collect$$$$0000000A)
    .ARM.Collect$$$$0000000B                 0x080000c8   Section        8  entry9a.o(.ARM.Collect$$$$0000000B)
    .ARM.Collect$$$$0000000D                 0x080000d0   Section        0  entry10a.o(.ARM.Collect$$$$0000000D)
    .ARM.Collect$$$$0000000F                 0x080000d0   Section        0  entry11a.o(.ARM.Collect$$$$0000000F)
    .ARM.Collect$$$$00002712                 0x080000d0   Section        4  entry2.o(.ARM.Collect$$$$00002712)
    __lit__00000000                          0x080000d0   Data           4  entry2.o(.ARM.Collect$$$$00002712)
    .text                                    0x080000d4   Section       28  startup_stm32l051xx.o(.text)
    .text                                    0x080000f0   Section        0  uidiv.o(.text)
    .text                                    0x0800011c   Section        0  idiv.o(.text)
    .text                                    0x08000144   Section        0  uldiv.o(.text)
    .text                                    0x080001a4   Section        0  rand.o(.text)
    .text                                    0x080001c8   Section        0  memmovea.o(.text)
    .text                                    0x08000208   Section        0  memseta.o(.text)
    .text                                    0x0800022c   Section        0  llshl.o(.text)
    .text                                    0x0800024c   Section        0  llushr.o(.text)
    .text                                    0x08000270   Section       36  init.o(.text)
    i.Delay1s                                0x08000294   Section        0  sx1276.o(i.Delay1s)
    Delay1s                                  0x08000295   Thumb Code    26  sx1276.o(i.Delay1s)
    i.Delay_1ms                              0x080002b0   Section        0  delay.o(i.Delay_1ms)
    i.Delay_nms                              0x080002c4   Section        0  delay.o(i.Delay_nms)
    i.EXTI0_1_IRQHandler                     0x080002da   Section        0  stm32l0xx_it.o(i.EXTI0_1_IRQHandler)
    i.EXTI2_3_IRQHandler                     0x080002e4   Section        0  stm32l0xx_it.o(i.EXTI2_3_IRQHandler)
    i.EXTI4_15_IRQHandler                    0x080002ee   Section        0  stm32l0xx_it.o(i.EXTI4_15_IRQHandler)
    i.FUN_RF_SENDPACKET                      0x080002fc   Section        0  sx1276.o(i.FUN_RF_SENDPACKET)
    i.GetLockCode                            0x08000384   Section        0  main.o(i.GetLockCode)
    GetLockCode                              0x08000385   Thumb Code    32  main.o(i.GetLockCode)
    i.HAL_DMA_Abort_IT                       0x080003a8   Section        0  stm32l0xx_hal_dma.o(i.HAL_DMA_Abort_IT)
    i.HAL_GPIO_EXTI_Callback                 0x0800045c   Section        0  main.o(i.HAL_GPIO_EXTI_Callback)
    i.HAL_GPIO_EXTI_IRQHandler               0x08000498   Section        0  stm32l0xx_hal_gpio.o(i.HAL_GPIO_EXTI_IRQHandler)
    i.HAL_GPIO_Init                          0x080004b8   Section        0  stm32l0xx_hal_gpio.o(i.HAL_GPIO_Init)
    i.HAL_GPIO_WritePin                      0x080006a4   Section        0  stm32l0xx_hal_gpio.o(i.HAL_GPIO_WritePin)
    i.HAL_GetTick                            0x080006b0   Section        0  stm32l0xx_hal.o(i.HAL_GetTick)
    i.HAL_IncTick                            0x080006bc   Section        0  stm32l0xx_hal.o(i.HAL_IncTick)
    i.HAL_Init                               0x080006cc   Section        0  stm32l0xx_hal.o(i.HAL_Init)
    i.HAL_InitTick                           0x080006f8   Section        0  stm32l0xx_hal.o(i.HAL_InitTick)
    i.HAL_MspInit                            0x08000720   Section        0  stm32l0xx_hal.o(i.HAL_MspInit)
    i.HAL_NVIC_DisableIRQ                    0x08000724   Section        0  stm32l0xx_hal_cortex.o(i.HAL_NVIC_DisableIRQ)
    i.HAL_NVIC_EnableIRQ                     0x0800073c   Section        0  stm32l0xx_hal_cortex.o(i.HAL_NVIC_EnableIRQ)
    i.HAL_NVIC_SetPriority                   0x08000754   Section        0  stm32l0xx_hal_cortex.o(i.HAL_NVIC_SetPriority)
    i.HAL_PWR_EnterSTOPMode                  0x08000768   Section        0  stm32l0xx_hal_pwr.o(i.HAL_PWR_EnterSTOPMode)
    i.HAL_RCCEx_PeriphCLKConfig              0x080007c8   Section        0  stm32l0xx_hal_rcc_ex.o(i.HAL_RCCEx_PeriphCLKConfig)
    i.HAL_RCC_ClockConfig                    0x080009f8   Section        0  stm32l0xx_hal_rcc.o(i.HAL_RCC_ClockConfig)
    i.HAL_RCC_DeInit                         0x08000bf0   Section        0  stm32l0xx_hal_rcc.o(i.HAL_RCC_DeInit)
    i.HAL_RCC_GetHCLKFreq                    0x08000c7c   Section        0  stm32l0xx_hal_rcc.o(i.HAL_RCC_GetHCLKFreq)
    i.HAL_RCC_GetPCLK1Freq                   0x08000c88   Section        0  stm32l0xx_hal_rcc.o(i.HAL_RCC_GetPCLK1Freq)
    i.HAL_RCC_GetPCLK2Freq                   0x08000cac   Section        0  stm32l0xx_hal_rcc.o(i.HAL_RCC_GetPCLK2Freq)
    i.HAL_RCC_GetSysClockFreq                0x08000cd0   Section        0  stm32l0xx_hal_rcc.o(i.HAL_RCC_GetSysClockFreq)
    i.HAL_RCC_OscConfig                      0x08000db4   Section        0  stm32l0xx_hal_rcc.o(i.HAL_RCC_OscConfig)
    i.HAL_RTCEx_AlarmBEventCallback          0x080013d4   Section        0  stm32l0xx_hal_rtc_ex.o(i.HAL_RTCEx_AlarmBEventCallback)
    i.HAL_RTCEx_BKUPRead                     0x080013d6   Section        0  stm32l0xx_hal_rtc_ex.o(i.HAL_RTCEx_BKUPRead)
    i.HAL_RTCEx_BKUPWrite                    0x080013e8   Section        0  stm32l0xx_hal_rtc_ex.o(i.HAL_RTCEx_BKUPWrite)
    i.HAL_RTC_AlarmAEventCallback            0x080013fc   Section        0  rtc_alarm.o(i.HAL_RTC_AlarmAEventCallback)
    i.HAL_RTC_AlarmIRQHandler                0x08001474   Section        0  stm32l0xx_hal_rtc.o(i.HAL_RTC_AlarmIRQHandler)
    i.HAL_RTC_Init                           0x080014fc   Section        0  stm32l0xx_hal_rtc.o(i.HAL_RTC_Init)
    i.HAL_RTC_MspInit                        0x080015c4   Section        0  rtc_alarm.o(i.HAL_RTC_MspInit)
    i.HAL_RTC_SetAlarm_IT                    0x080015f8   Section        0  stm32l0xx_hal_rtc.o(i.HAL_RTC_SetAlarm_IT)
    i.HAL_RTC_SetDate                        0x08001854   Section        0  stm32l0xx_hal_rtc.o(i.HAL_RTC_SetDate)
    i.HAL_RTC_SetTime                        0x08001984   Section        0  stm32l0xx_hal_rtc.o(i.HAL_RTC_SetTime)
    i.HAL_RTC_WaitForSynchro                 0x08001ad8   Section        0  stm32l0xx_hal_rtc.o(i.HAL_RTC_WaitForSynchro)
    i.HAL_SPI_DeInit                         0x08001b14   Section        0  stm32l0xx_hal_spi.o(i.HAL_SPI_DeInit)
    i.HAL_SPI_GetState                       0x08001b4e   Section        0  stm32l0xx_hal_spi.o(i.HAL_SPI_GetState)
    i.HAL_SPI_Init                           0x08001b56   Section        0  stm32l0xx_hal_spi.o(i.HAL_SPI_Init)
    i.HAL_SPI_MspDeInit                      0x08001be4   Section        0  stm32l0xx_hal_spi.o(i.HAL_SPI_MspDeInit)
    i.HAL_SPI_MspInit                        0x08001be6   Section        0  stm32l0xx_hal_spi.o(i.HAL_SPI_MspInit)
    i.HAL_SPI_TransmitReceive                0x08001be8   Section        0  stm32l0xx_hal_spi.o(i.HAL_SPI_TransmitReceive)
    i.HAL_SYSTICK_CLKSourceConfig            0x08001f68   Section        0  stm32l0xx_hal_cortex.o(i.HAL_SYSTICK_CLKSourceConfig)
    i.HAL_SYSTICK_Config                     0x08001f8c   Section        0  stm32l0xx_hal_cortex.o(i.HAL_SYSTICK_Config)
    i.HAL_UARTEx_WakeupCallback              0x08001fc4   Section        0  stm32l0xx_hal_uart_ex.o(i.HAL_UARTEx_WakeupCallback)
    i.HAL_UART_ErrorCallback                 0x08001fc8   Section        0  usart.o(i.HAL_UART_ErrorCallback)
    i.HAL_UART_IRQHandler                    0x08002010   Section        0  stm32l0xx_hal_uart.o(i.HAL_UART_IRQHandler)
    i.HAL_UART_Init                          0x080021a0   Section        0  stm32l0xx_hal_uart.o(i.HAL_UART_Init)
    i.HAL_UART_MspInit                       0x08002222   Section        0  stm32l0xx_hal_uart.o(i.HAL_UART_MspInit)
    i.HAL_UART_Receive_IT                    0x08002224   Section        0  stm32l0xx_hal_uart.o(i.HAL_UART_Receive_IT)
    i.HAL_UART_RxCpltCallback                0x08002310   Section        0  main.o(i.HAL_UART_RxCpltCallback)
    i.HAL_UART_Transmit                      0x08002358   Section        0  stm32l0xx_hal_uart.o(i.HAL_UART_Transmit)
    i.HardFault_Handler                      0x08002448   Section        0  stm32l0xx_it.o(i.HardFault_Handler)
    i.LED_Configuration                      0x0800244c   Section        0  led.o(i.LED_Configuration)
    LED_Configuration                        0x0800244d   Thumb Code   164  led.o(i.LED_Configuration)
    i.LED_OFF                                0x080024f8   Section        0  led.o(i.LED_OFF)
    i.LED_ON                                 0x08002530   Section        0  led.o(i.LED_ON)
    i.Lora_GPIO_Config                       0x08002568   Section        0  sx1276.o(i.Lora_GPIO_Config)
    Lora_GPIO_Config                         0x08002569   Thumb Code   140  sx1276.o(i.Lora_GPIO_Config)
    i.Lora_Init                              0x08002600   Section        0  sx1276.o(i.Lora_Init)
    i.Lora_Send                              0x08002634   Section        0  lora_com.o(i.Lora_Send)
    i.NMI_Handler                            0x0800266c   Section        0  stm32l0xx_it.o(i.NMI_Handler)
    i.NVIC_SetPriority                       0x08002670   Section        0  stm32l0xx_hal_cortex.o(i.NVIC_SetPriority)
    NVIC_SetPriority                         0x08002671   Thumb Code   110  stm32l0xx_hal_cortex.o(i.NVIC_SetPriority)
    i.PendSV_Handler                         0x080026e8   Section        0  stm32l0xx_it.o(i.PendSV_Handler)
    i.RCC_SetFlashLatencyFromMSIRange        0x080026ec   Section        0  stm32l0xx_hal_rcc.o(i.RCC_SetFlashLatencyFromMSIRange)
    RCC_SetFlashLatencyFromMSIRange          0x080026ed   Thumb Code   138  stm32l0xx_hal_rcc.o(i.RCC_SetFlashLatencyFromMSIRange)
    i.RF_RECEIVE                             0x08002784   Section        0  sx1276.o(i.RF_RECEIVE)
    i.RF_SLEEP                               0x080027c0   Section        0  sx1276.o(i.RF_SLEEP)
    i.RTC_Bcd2ToByte                         0x080027e8   Section        0  stm32l0xx_hal_rtc.o(i.RTC_Bcd2ToByte)
    i.RTC_ByteToBcd2                         0x08002802   Section        0  stm32l0xx_hal_rtc.o(i.RTC_ByteToBcd2)
    i.RTC_EnterInitMode                      0x0800281c   Section        0  stm32l0xx_hal_rtc.o(i.RTC_EnterInitMode)
    i.RTC_IRQHandler                         0x08002860   Section        0  rtc_alarm.o(i.RTC_IRQHandler)
    i.SPI_WaitOnFlagUntilTimeout             0x08002870   Section        0  stm32l0xx_hal_spi.o(i.SPI_WaitOnFlagUntilTimeout)
    SPI_WaitOnFlagUntilTimeout               0x08002871   Thumb Code   280  stm32l0xx_hal_spi.o(i.SPI_WaitOnFlagUntilTimeout)
    i.SPIx_Error                             0x08002988   Section        0  spi.o(i.SPIx_Error)
    i.SPIx_Init                              0x0800299c   Section        0  spi.o(i.SPIx_Init)
    i.SPIx_MspInit                           0x080029f0   Section        0  spi.o(i.SPIx_MspInit)
    SPIx_MspInit                             0x080029f1   Thumb Code   152  spi.o(i.SPIx_MspInit)
    i.SPIx_WriteReadData                     0x08002a8c   Section        0  spi.o(i.SPIx_WriteReadData)
    i.SVC_Handler                            0x08002abc   Section        0  stm32l0xx_it.o(i.SVC_Handler)
    i.SX1276LORA_INT                         0x08002ac0   Section        0  sx1276.o(i.SX1276LORA_INT)
    SX1276LORA_INT                           0x08002ac1   Thumb Code    88  sx1276.o(i.SX1276LORA_INT)
    i.SX1276LoRaFsk                          0x08002b1c   Section        0  sx1276.o(i.SX1276LoRaFsk)
    i.SX1276LoRaSetErrorCoding               0x08002b3c   Section        0  sx1276.o(i.SX1276LoRaSetErrorCoding)
    i.SX1276LoRaSetImplicitHeaderOn          0x08002b5e   Section        0  sx1276.o(i.SX1276LoRaSetImplicitHeaderOn)
    i.SX1276LoRaSetMobileNode                0x08002b7e   Section        0  sx1276.o(i.SX1276LoRaSetMobileNode)
    i.SX1276LoRaSetNbTrigPeaks               0x08002ba0   Section        0  sx1276.o(i.SX1276LoRaSetNbTrigPeaks)
    i.SX1276LoRaSetOpMode                    0x08002bc0   Section        0  sx1276.o(i.SX1276LoRaSetOpMode)
    i.SX1276LoRaSetPacketCrcOn               0x08002be0   Section        0  sx1276.o(i.SX1276LoRaSetPacketCrcOn)
    i.SX1276LoRaSetPayloadLength             0x08002c02   Section        0  sx1276.o(i.SX1276LoRaSetPayloadLength)
    i.SX1276LoRaSetRFFrequency               0x08002c10   Section        0  sx1276.o(i.SX1276LoRaSetRFFrequency)
    i.SX1276LoRaSetRFPower                   0x08002c3c   Section        0  sx1276.o(i.SX1276LoRaSetRFPower)
    i.SX1276LoRaSetSignalBandwidth           0x08002c58   Section        0  sx1276.o(i.SX1276LoRaSetSignalBandwidth)
    i.SX1276LoRaSetSpreadingFactor           0x08002c78   Section        0  sx1276.o(i.SX1276LoRaSetSpreadingFactor)
    i.SX1276LoRaSetSymbTimeout               0x08002c9e   Section        0  sx1276.o(i.SX1276LoRaSetSymbTimeout)
    i.SX1276ReadBuffer                       0x08002ce4   Section        0  sx1276.o(i.SX1276ReadBuffer)
    i.SX1276Reset                            0x08002d14   Section        0  sx1276.o(i.SX1276Reset)
    i.SX1276WriteBuffer                      0x08002d40   Section        0  sx1276.o(i.SX1276WriteBuffer)
    i.SX1276_GetVersion                      0x08002d70   Section        0  sx1276.o(i.SX1276_GetVersion)
    i.SX1276_InitFailed                      0x08002d7e   Section        0  sx1276.o(i.SX1276_InitFailed)
    i.SX1276_InitSuccess                     0x08002d80   Section        0  sx1276.o(i.SX1276_InitSuccess)
    i.SX1276_LoRa_SetDataRate                0x08002d84   Section        0  sx1276.o(i.SX1276_LoRa_SetDataRate)
    i.SX1278_Interupt                        0x08002e40   Section        0  sx1276.o(i.SX1278_Interupt)
    i.Schd_After                             0x08002f00   Section        0  schd.o(i.Schd_After)
    i.Schd_After_Int                         0x08002f60   Section        0  schd.o(i.Schd_After_Int)
    i.Schd_Run                               0x08002f88   Section        0  schd.o(i.Schd_Run)
    i.SysTick_Handler                        0x0800305c   Section        0  globalvar.o(i.SysTick_Handler)
    i.SystemClock_Config                     0x0800307c   Section        0  main.o(i.SystemClock_Config)
    SystemClock_Config                       0x0800307d   Thumb Code   178  main.o(i.SystemClock_Config)
    i.SystemInit                             0x08003138   Section        0  system_stm32l0xx.o(i.SystemInit)
    i.UART_AdvFeatureConfig                  0x080031a0   Section        0  stm32l0xx_hal_uart.o(i.UART_AdvFeatureConfig)
    i.UART_CheckIdleState                    0x08003290   Section        0  stm32l0xx_hal_uart.o(i.UART_CheckIdleState)
    i.UART_DMAAbortOnError                   0x08003304   Section        0  stm32l0xx_hal_uart.o(i.UART_DMAAbortOnError)
    UART_DMAAbortOnError                     0x08003305   Thumb Code    24  stm32l0xx_hal_uart.o(i.UART_DMAAbortOnError)
    i.UART_EndRxTransfer                     0x0800331c   Section        0  stm32l0xx_hal_uart.o(i.UART_EndRxTransfer)
    UART_EndRxTransfer                       0x0800331d   Thumb Code    34  stm32l0xx_hal_uart.o(i.UART_EndRxTransfer)
    i.UART_Receive_IT                        0x0800333e   Section        0  stm32l0xx_hal_uart.o(i.UART_Receive_IT)
    UART_Receive_IT                          0x0800333f   Thumb Code   150  stm32l0xx_hal_uart.o(i.UART_Receive_IT)
    i.UART_SendMsg                           0x080033d4   Section        0  usart.o(i.UART_SendMsg)
    i.UART_SetConfig                         0x08003418   Section        0  stm32l0xx_hal_uart.o(i.UART_SetConfig)
    i.UART_WaitOnFlagUntilTimeout            0x080036ec   Section        0  stm32l0xx_hal_uart.o(i.UART_WaitOnFlagUntilTimeout)
    i.USART1_IRQHandler                      0x0800375c   Section        0  usart.o(i.USART1_IRQHandler)
    i.USART2_IRQHandler                      0x0800376c   Section        0  usart.o(i.USART2_IRQHandler)
    i.USARTConfig                            0x0800377c   Section        0  usart.o(i.USARTConfig)
    i.__ARM_common_ll_muluu                  0x080038fc   Section        0  stm32l0xx_hal_uart.o(i.__ARM_common_ll_muluu)
    i.__ARM_common_switch8                   0x0800392c   Section        0  process.o(i.__ARM_common_switch8)
    i.__scatterload_copy                     0x08003948   Section       14  handlers.o(i.__scatterload_copy)
    i.__scatterload_null                     0x08003956   Section        2  handlers.o(i.__scatterload_null)
    i.__scatterload_zeroinit                 0x08003958   Section       14  handlers.o(i.__scatterload_zeroinit)
    i.ack_flag                               0x08003968   Section        0  lora_com.o(i.ack_flag)
    i.addRecord                              0x08003974   Section        0  process.o(i.addRecord)
    i.calDateTime                            0x080039f0   Section        0  rtc_alarm.o(i.calDateTime)
    i.clear_ack_flag                         0x08003a64   Section        0  lora_com.o(i.clear_ack_flag)
    i.clear_tx_done_flag                     0x08003a70   Section        0  lora_com.o(i.clear_tx_done_flag)
    i.cmdSwitchEn                            0x08003a7c   Section        0  sx1276.o(i.cmdSwitchEn)
    i.cmdSwitchPA                            0x08003aac   Section        0  sx1276.o(i.cmdSwitchPA)
    i.copy_data_to_lora_txBuf                0x08003af0   Section        0  main.o(i.copy_data_to_lora_txBuf)
    i.delAllRecord                           0x08003bc0   Section        0  process.o(i.delAllRecord)
    i.delLastRecord                          0x08003bf0   Section        0  process.o(i.delLastRecord)
    i.enable_doorBell                        0x08003c28   Section        0  temp.o(i.enable_doorBell)
    i.enter_StopMode                         0x08003c4c   Section        0  lowpower.o(i.enter_StopMode)
    i.enter_sleep                            0x08003c68   Section        0  main.o(i.enter_sleep)
    i.fingerSearchFrame                      0x08003d88   Section        0  finger.o(i.fingerSearchFrame)
    i.finger_OpSta                           0x08003dc0   Section        0  process.o(i.finger_OpSta)
    i.finger_callBack                        0x08003e78   Section        0  process.o(i.finger_callBack)
    i.finger_cmd_wait_timeOut                0x08003f6c   Section        0  finger.o(i.finger_cmd_wait_timeOut)
    i.finger_cmd_wait_time_update            0x08003f98   Section        0  finger.o(i.finger_cmd_wait_time_update)
    i.finger_powerOn_ack                     0x08003fa8   Section        0  process.o(i.finger_powerOn_ack)
    finger_powerOn_ack                       0x08003fa9   Thumb Code    38  process.o(i.finger_powerOn_ack)
    i.finger_processACK                      0x08003fd0   Section        0  finger.o(i.finger_processACK)
    i.finger_processCMD                      0x080040f4   Section        0  finger.o(i.finger_processCMD)
    i.finger_processDATA                     0x080040f8   Section        0  finger.o(i.finger_processDATA)
    i.finger_processEND                      0x0800415c   Section        0  finger.o(i.finger_processEND)
    i.flash_running_led                      0x080041b0   Section        0  main.o(i.flash_running_led)
    flash_running_led                        0x080041b1   Thumb Code    64  main.o(i.flash_running_led)
    i.gpio_reInit_before_stop                0x080041fc   Section        0  lowpower.o(i.gpio_reInit_before_stop)
    i.initDrivers                            0x080042cc   Section        0  main.o(i.initDrivers)
    initDrivers                              0x080042cd   Thumb Code    50  main.o(i.initDrivers)
    i.init_PowerControl_Configuration        0x08004308   Section        0  lowpower.o(i.init_PowerControl_Configuration)
    i.init_RTC                               0x0800435c   Section        0  rtc_alarm.o(i.init_RTC)
    i.init_finger_touch_int                  0x0800442c   Section        0  finger.o(i.init_finger_touch_int)
    i.init_led                               0x08004484   Section        0  led.o(i.init_led)
    i.init_lock_com                          0x080044a4   Section        0  lock.o(i.init_lock_com)
    i.init_lora_txDataBuf                    0x080044cc   Section        0  lora_com.o(i.init_lora_txDataBuf)
    i.init_para_variables                    0x08004510   Section        0  main.o(i.init_para_variables)
    init_para_variables                      0x08004511   Thumb Code    70  main.o(i.init_para_variables)
    i.isEmptyRecord                          0x08004578   Section        0  process.o(i.isEmptyRecord)
    i.is_txBuf_empty                         0x080045a0   Section        0  lora_com.o(i.is_txBuf_empty)
    i.local_ticktime                         0x080045c8   Section        0  globalvar.o(i.local_ticktime)
    i.lock_CMD_resend_setting                0x080045d4   Section        0  lock.o(i.lock_CMD_resend_setting)
    lock_CMD_resend_setting                  0x080045d5   Thumb Code    42  lock.o(i.lock_CMD_resend_setting)
    i.lock_cmd_timeout_callback              0x08004604   Section        0  process.o(i.lock_cmd_timeout_callback)
    i.lock_rx_check                          0x08004674   Section        0  process.o(i.lock_rx_check)
    i.lora_RWByte                            0x08004706   Section        0  sx1276.o(i.lora_RWByte)
    i.lora_com_fsm                           0x0800471c   Section        0  lora_com.o(i.lora_com_fsm)
    i.main                                   0x08004848   Section        0  main.o(i.main)
    i.next_op                                0x08004a38   Section        0  process.o(i.next_op)
    i.powerOff_LoRa                          0x08004ae8   Section        0  lowpower.o(i.powerOff_LoRa)
    i.powerOff_finger                        0x08004b04   Section        0  lowpower.o(i.powerOff_finger)
    i.powerOn_LoRa                           0x08004b20   Section        0  lowpower.o(i.powerOn_LoRa)
    i.powerOn_finger                         0x08004b3c   Section        0  lowpower.o(i.powerOn_finger)
    i.process_fingerRxBuffer                 0x08004b58   Section        0  process.o(i.process_fingerRxBuffer)
    i.process_lockUnitRxBuffer               0x08004cf4   Section        0  process.o(i.process_lockUnitRxBuffer)
    i.process_serverRxBuffer                 0x080050e4   Section        0  process.o(i.process_serverRxBuffer)
    i.register_rf_func                       0x0800522c   Section        0  sx1276.o(i.register_rf_func)
    i.remove_datas_from_txBuf                0x08005264   Section        0  lora_com.o(i.remove_datas_from_txBuf)
    i.sendCmd_deletChar                      0x0800527c   Section        0  finger.o(i.sendCmd_deletChar)
    i.sendCmd_downChar                       0x080052b8   Section        0  finger.o(i.sendCmd_downChar)
    i.sendCmd_empty                          0x080052e4   Section        0  finger.o(i.sendCmd_empty)
    i.sendCmd_genChar                        0x0800530c   Section        0  finger.o(i.sendCmd_genChar)
    i.sendCmd_getImg                         0x08005338   Section        0  finger.o(i.sendCmd_getImg)
    i.sendCmd_search                         0x0800535c   Section        0  finger.o(i.sendCmd_search)
    i.sendCmd_store                          0x0800539c   Section        0  finger.o(i.sendCmd_store)
    i.sendData_downchar                      0x080053d0   Section        0  finger.o(i.sendData_downchar)
    i.sendToServer                           0x08005424   Section        0  main.o(i.sendToServer)
    i.send_cmd_to_lock                       0x08005498   Section        0  lock.o(i.send_cmd_to_lock)
    i.send_to_finger                         0x0800552c   Section        0  finger.o(i.send_to_finger)
    i.serverUpdateNode                       0x080055cc   Section        0  process.o(i.serverUpdateNode)
    i.setAlarm                               0x08005878   Section        0  rtc_alarm.o(i.setAlarm)
    i.set_ack_flag                           0x080058c4   Section        0  lora_com.o(i.set_ack_flag)
    i.set_tx_done_flag                       0x080058d0   Section        0  lora_com.o(i.set_tx_done_flag)
    i.sysIdle_timeout                        0x080058dc   Section        0  main.o(i.sysIdle_timeout)
    sysIdle_timeout                          0x080058dd   Thumb Code    30  main.o(i.sysIdle_timeout)
    i.sys_fsm                                0x08005904   Section        0  main.o(i.sys_fsm)
    i.timeout                                0x0800592c   Section        0  globalvar.o(i.timeout)
    i.tx_done_flag                           0x08005944   Section        0  lora_com.o(i.tx_done_flag)
    i.update_sysIdle_tick                    0x08005950   Section        0  main.o(i.update_sysIdle_tick)
    i.usart2_rx_enbale_int                   0x08005964   Section        0  lock.o(i.usart2_rx_enbale_int)
    i.usart2_tx_AFGPIO_init                  0x080059bc   Section        0  usart.o(i.usart2_tx_AFGPIO_init)
    i.usart2_tx_gpio_init                    0x080059e2   Section        0  lock.o(i.usart2_tx_gpio_init)
    i.write_datas_to_txBuf                   0x08005a02   Section        0  lora_com.o(i.write_datas_to_txBuf)
    .constdata                               0x08005a5c   Section        8  main.o(.constdata)
    .constdata                               0x08005a64   Section       33  system_stm32l0xx.o(.constdata)
    .constdata                               0x08005a88   Section       10  process.o(.constdata)
    .constdata                               0x08005a94   Section       54  finger.o(.constdata)
    .constdata                               0x08005acc   Section       24  led.o(.constdata)
    .constdata                               0x08005ae4   Section      140  sx1276.o(.constdata)
    Freq_Table                               0x08005aec   Data          96  sx1276.o(.constdata)
    LoRa_DataRate_Table                      0x08005b4c   Data          18  sx1276.o(.constdata)
    .constdata                               0x08005b70   Section        4  rtc_alarm.o(.constdata)
    .data                                    0x20000000   Section        8  main.o(.data)
    ledStatus                                0x20000002   Data           1  main.o(.data)
    runningTick                              0x20000004   Data           4  main.o(.data)
    .data                                    0x20000008   Section        4  system_stm32l0xx.o(.data)
    .data                                    0x2000000c   Section        6  process.o(.data)
    .data                                    0x20000012   Section        1  lora_com.o(.data)
    .data                                    0x20000014   Section        4  stm32l0xx_hal.o(.data)
    .data                                    0x20000018   Section        4  schd.o(.data)
    .data                                    0x2000001c   Section        4  globalvar.o(.data)
    .data                                    0x20000020   Section       14  finger.o(.data)
    .data                                    0x20000030   Section        8  lock.o(.data)
    .data                                    0x20000038   Section        4  spi.o(.data)
    .data                                    0x2000003c   Section       16  usart.o(.data)
    .data                                    0x2000004c   Section       24  lowpower.o(.data)
    .data                                    0x20000064   Section        4  rand.o(.data)
    _rand_state                              0x20000064   Data           4  rand.o(.data)
    .bss                                     0x20000068   Section       42  main.o(.bss)
    .bss                                     0x20000092   Section      140  process.o(.bss)
    .bss                                     0x20000120   Section      775  lora_com.o(.bss)
    .bss                                     0x20000428   Section     1280  schd.o(.bss)
    .bss                                     0x20000928   Section      938  finger.o(.bss)
    .bss                                     0x20000cd4   Section       40  lock.o(.bss)
    .bss                                     0x20000cfc   Section       24  led.o(.bss)
    .bss                                     0x20000d14   Section       88  spi.o(.bss)
    .bss                                     0x20000d6c   Section       16  sx1276.o(.bss)
    .bss                                     0x20000d7c   Section     1394  usart.o(.bss)
    .bss                                     0x200012f0   Section       36  rtc_alarm.o(.bss)
    STACK                                    0x20001318   Section     2560  startup_stm32l051xx.o(STACK)

    Global Symbols

    Symbol Name                              Value     Ov Type        Size  Object(Section)

    BuildAttributes$$THM_ISAv3M$S$PE$A:L22$X:L11$S22$IEEE1$IW$USESV6$~STKCKD$USESV7$~SHL$OSPACE$EBA8$MICROLIB$REQ8$PRES8$EABIv2 0x00000000   Number         0  anon$$obj.o ABSOLUTE
    __ARM_use_no_argv                        0x00000000   Number         0  main.o ABSOLUTE
    __cpp_initialize__aeabi_                  - Undefined Weak Reference
    __cxa_finalize                            - Undefined Weak Reference
    __decompress                              - Undefined Weak Reference
    _clock_init                               - Undefined Weak Reference
    _microlib_exit                            - Undefined Weak Reference
    __Vectors_Size                           0x000000c0   Number         0  startup_stm32l051xx.o ABSOLUTE
    __Vectors                                0x08000000   Data           4  startup_stm32l051xx.o(RESET)
    __Vectors_End                            0x080000c0   Data           0  startup_stm32l051xx.o(RESET)
    __main                                   0x080000c1   Thumb Code     0  entry.o(.ARM.Collect$$$$00000000)
    _main_stk                                0x080000c1   Thumb Code     0  entry2.o(.ARM.Collect$$$$00000001)
    _main_scatterload                        0x080000c5   Thumb Code     0  entry5.o(.ARM.Collect$$$$00000004)
    __main_after_scatterload                 0x080000c9   Thumb Code     0  entry5.o(.ARM.Collect$$$$00000004)
    _main_clock                              0x080000c9   Thumb Code     0  entry7b.o(.ARM.Collect$$$$00000008)
    _main_cpp_init                           0x080000c9   Thumb Code     0  entry8b.o(.ARM.Collect$$$$0000000A)
    _main_init                               0x080000c9   Thumb Code     0  entry9a.o(.ARM.Collect$$$$0000000B)
    __rt_final_cpp                           0x080000d1   Thumb Code     0  entry10a.o(.ARM.Collect$$$$0000000D)
    __rt_final_exit                          0x080000d1   Thumb Code     0  entry11a.o(.ARM.Collect$$$$0000000F)
    Reset_Handler                            0x080000d5   Thumb Code     8  startup_stm32l051xx.o(.text)
    ADC1_COMP_IRQHandler                     0x080000e7   Thumb Code     0  startup_stm32l051xx.o(.text)
    DMA1_Channel1_IRQHandler                 0x080000e7   Thumb Code     0  startup_stm32l051xx.o(.text)
    DMA1_Channel2_3_IRQHandler               0x080000e7   Thumb Code     0  startup_stm32l051xx.o(.text)
    DMA1_Channel4_5_6_7_IRQHandler           0x080000e7   Thumb Code     0  startup_stm32l051xx.o(.text)
    FLASH_IRQHandler                         0x080000e7   Thumb Code     0  startup_stm32l051xx.o(.text)
    I2C1_IRQHandler                          0x080000e7   Thumb Code     0  startup_stm32l051xx.o(.text)
    I2C2_IRQHandler                          0x080000e7   Thumb Code     0  startup_stm32l051xx.o(.text)
    LPTIM1_IRQHandler                        0x080000e7   Thumb Code     0  startup_stm32l051xx.o(.text)
    LPUART1_IRQHandler                       0x080000e7   Thumb Code     0  startup_stm32l051xx.o(.text)
    PVD_IRQHandler                           0x080000e7   Thumb Code     0  startup_stm32l051xx.o(.text)
    RCC_IRQHandler                           0x080000e7   Thumb Code     0  startup_stm32l051xx.o(.text)
    SPI1_IRQHandler                          0x080000e7   Thumb Code     0  startup_stm32l051xx.o(.text)
    SPI2_IRQHandler                          0x080000e7   Thumb Code     0  startup_stm32l051xx.o(.text)
    TIM21_IRQHandler                         0x080000e7   Thumb Code     0  startup_stm32l051xx.o(.text)
    TIM22_IRQHandler                         0x080000e7   Thumb Code     0  startup_stm32l051xx.o(.text)
    TIM2_IRQHandler                          0x080000e7   Thumb Code     0  startup_stm32l051xx.o(.text)
    TIM6_IRQHandler                          0x080000e7   Thumb Code     0  startup_stm32l051xx.o(.text)
    WWDG_IRQHandler                          0x080000e7   Thumb Code     0  startup_stm32l051xx.o(.text)
    __aeabi_uidiv                            0x080000f1   Thumb Code     0  uidiv.o(.text)
    __aeabi_uidivmod                         0x080000f1   Thumb Code    44  uidiv.o(.text)
    __aeabi_idiv                             0x0800011d   Thumb Code     0  idiv.o(.text)
    __aeabi_idivmod                          0x0800011d   Thumb Code    40  idiv.o(.text)
    __aeabi_uldivmod                         0x08000145   Thumb Code    96  uldiv.o(.text)
    rand                                     0x080001a5   Thumb Code    18  rand.o(.text)
    srand                                    0x080001b7   Thumb Code     6  rand.o(.text)
    ___aeabi_memcpy8$move                    0x080001c9   Thumb Code     0  memmovea.o(.text)
    __aeabi_memcpy                           0x080001c9   Thumb Code    64  memmovea.o(.text)
    __aeabi_memcpy4                          0x080001c9   Thumb Code     0  memmovea.o(.text)
    __aeabi_memmove                          0x080001c9   Thumb Code     0  memmovea.o(.text)
    __aeabi_memmove4                         0x080001c9   Thumb Code     0  memmovea.o(.text)
    __aeabi_memmove8                         0x080001c9   Thumb Code     0  memmovea.o(.text)
    __aeabi_memset                           0x08000209   Thumb Code    14  memseta.o(.text)
    __aeabi_memset4                          0x08000209   Thumb Code     0  memseta.o(.text)
    __aeabi_memset8                          0x08000209   Thumb Code     0  memseta.o(.text)
    __aeabi_memclr                           0x08000217   Thumb Code     4  memseta.o(.text)
    __aeabi_memclr4                          0x08000217   Thumb Code     0  memseta.o(.text)
    __aeabi_memclr8                          0x08000217   Thumb Code     0  memseta.o(.text)
    _memset$wrapper                          0x0800021b   Thumb Code    18  memseta.o(.text)
    __aeabi_llsl                             0x0800022d   Thumb Code    32  llshl.o(.text)
    _ll_shift_l                              0x0800022d   Thumb Code     0  llshl.o(.text)
    __aeabi_llsr                             0x0800024d   Thumb Code    34  llushr.o(.text)
    _ll_ushift_r                             0x0800024d   Thumb Code     0  llushr.o(.text)
    __scatterload                            0x08000271   Thumb Code    28  init.o(.text)
    __scatterload_rt2                        0x08000271   Thumb Code     0  init.o(.text)
    Delay_1ms                                0x080002b1   Thumb Code    14  delay.o(i.Delay_1ms)
    Delay_nms                                0x080002c5   Thumb Code    22  delay.o(i.Delay_nms)
    EXTI0_1_IRQHandler                       0x080002db   Thumb Code    10  stm32l0xx_it.o(i.EXTI0_1_IRQHandler)
    EXTI2_3_IRQHandler                       0x080002e5   Thumb Code    10  stm32l0xx_it.o(i.EXTI2_3_IRQHandler)
    EXTI4_15_IRQHandler                      0x080002ef   Thumb Code    12  stm32l0xx_it.o(i.EXTI4_15_IRQHandler)
    FUN_RF_SENDPACKET                        0x080002fd   Thumb Code   130  sx1276.o(i.FUN_RF_SENDPACKET)
    HAL_DMA_Abort_IT                         0x080003a9   Thumb Code   174  stm32l0xx_hal_dma.o(i.HAL_DMA_Abort_IT)
    HAL_GPIO_EXTI_Callback                   0x0800045d   Thumb Code    50  main.o(i.HAL_GPIO_EXTI_Callback)
    HAL_GPIO_EXTI_IRQHandler                 0x08000499   Thumb Code    26  stm32l0xx_hal_gpio.o(i.HAL_GPIO_EXTI_IRQHandler)
    HAL_GPIO_Init                            0x080004b9   Thumb Code   462  stm32l0xx_hal_gpio.o(i.HAL_GPIO_Init)
    HAL_GPIO_WritePin                        0x080006a5   Thumb Code    12  stm32l0xx_hal_gpio.o(i.HAL_GPIO_WritePin)
    HAL_GetTick                              0x080006b1   Thumb Code     6  stm32l0xx_hal.o(i.HAL_GetTick)
    HAL_IncTick                              0x080006bd   Thumb Code    12  stm32l0xx_hal.o(i.HAL_IncTick)
    HAL_Init                                 0x080006cd   Thumb Code    40  stm32l0xx_hal.o(i.HAL_Init)
    HAL_InitTick                             0x080006f9   Thumb Code    36  stm32l0xx_hal.o(i.HAL_InitTick)
    HAL_MspInit                              0x08000721   Thumb Code     2  stm32l0xx_hal.o(i.HAL_MspInit)
    HAL_NVIC_DisableIRQ                      0x08000725   Thumb Code    18  stm32l0xx_hal_cortex.o(i.HAL_NVIC_DisableIRQ)
    HAL_NVIC_EnableIRQ                       0x0800073d   Thumb Code    18  stm32l0xx_hal_cortex.o(i.HAL_NVIC_EnableIRQ)
    HAL_NVIC_SetPriority                     0x08000755   Thumb Code    18  stm32l0xx_hal_cortex.o(i.HAL_NVIC_SetPriority)
    HAL_PWR_EnterSTOPMode                    0x08000769   Thumb Code    88  stm32l0xx_hal_pwr.o(i.HAL_PWR_EnterSTOPMode)
    HAL_RCCEx_PeriphCLKConfig                0x080007c9   Thumb Code   546  stm32l0xx_hal_rcc_ex.o(i.HAL_RCCEx_PeriphCLKConfig)
    HAL_RCC_ClockConfig                      0x080009f9   Thumb Code   482  stm32l0xx_hal_rcc.o(i.HAL_RCC_ClockConfig)
    HAL_RCC_DeInit                           0x08000bf1   Thumb Code   118  stm32l0xx_hal_rcc.o(i.HAL_RCC_DeInit)
    HAL_RCC_GetHCLKFreq                      0x08000c7d   Thumb Code     6  stm32l0xx_hal_rcc.o(i.HAL_RCC_GetHCLKFreq)
    HAL_RCC_GetPCLK1Freq                     0x08000c89   Thumb Code    26  stm32l0xx_hal_rcc.o(i.HAL_RCC_GetPCLK1Freq)
    HAL_RCC_GetPCLK2Freq                     0x08000cad   Thumb Code    26  stm32l0xx_hal_rcc.o(i.HAL_RCC_GetPCLK2Freq)
    HAL_RCC_GetSysClockFreq                  0x08000cd1   Thumb Code   206  stm32l0xx_hal_rcc.o(i.HAL_RCC_GetSysClockFreq)
    HAL_RCC_OscConfig                        0x08000db5   Thumb Code  1556  stm32l0xx_hal_rcc.o(i.HAL_RCC_OscConfig)
    HAL_RTCEx_AlarmBEventCallback            0x080013d5   Thumb Code     2  stm32l0xx_hal_rtc_ex.o(i.HAL_RTCEx_AlarmBEventCallback)
    HAL_RTCEx_BKUPRead                       0x080013d7   Thumb Code    18  stm32l0xx_hal_rtc_ex.o(i.HAL_RTCEx_BKUPRead)
    HAL_RTCEx_BKUPWrite                      0x080013e9   Thumb Code    18  stm32l0xx_hal_rtc_ex.o(i.HAL_RTCEx_BKUPWrite)
    HAL_RTC_AlarmAEventCallback              0x080013fd   Thumb Code   108  rtc_alarm.o(i.HAL_RTC_AlarmAEventCallback)
    HAL_RTC_AlarmIRQHandler                  0x08001475   Thumb Code   124  stm32l0xx_hal_rtc.o(i.HAL_RTC_AlarmIRQHandler)
    HAL_RTC_Init                             0x080014fd   Thumb Code   196  stm32l0xx_hal_rtc.o(i.HAL_RTC_Init)
    HAL_RTC_MspInit                          0x080015c5   Thumb Code    44  rtc_alarm.o(i.HAL_RTC_MspInit)
    HAL_RTC_SetAlarm_IT                      0x080015f9   Thumb Code   590  stm32l0xx_hal_rtc.o(i.HAL_RTC_SetAlarm_IT)
    HAL_RTC_SetDate                          0x08001855   Thumb Code   298  stm32l0xx_hal_rtc.o(i.HAL_RTC_SetDate)
    HAL_RTC_SetTime                          0x08001985   Thumb Code   336  stm32l0xx_hal_rtc.o(i.HAL_RTC_SetTime)
    HAL_RTC_WaitForSynchro                   0x08001ad9   Thumb Code    60  stm32l0xx_hal_rtc.o(i.HAL_RTC_WaitForSynchro)
    HAL_SPI_DeInit                           0x08001b15   Thumb Code    58  stm32l0xx_hal_spi.o(i.HAL_SPI_DeInit)
    HAL_SPI_GetState                         0x08001b4f   Thumb Code     8  stm32l0xx_hal_spi.o(i.HAL_SPI_GetState)
    HAL_SPI_Init                             0x08001b57   Thumb Code   142  stm32l0xx_hal_spi.o(i.HAL_SPI_Init)
    HAL_SPI_MspDeInit                        0x08001be5   Thumb Code     2  stm32l0xx_hal_spi.o(i.HAL_SPI_MspDeInit)
    HAL_SPI_MspInit                          0x08001be7   Thumb Code     2  stm32l0xx_hal_spi.o(i.HAL_SPI_MspInit)
    HAL_SPI_TransmitReceive                  0x08001be9   Thumb Code   894  stm32l0xx_hal_spi.o(i.HAL_SPI_TransmitReceive)
    HAL_SYSTICK_CLKSourceConfig              0x08001f69   Thumb Code    32  stm32l0xx_hal_cortex.o(i.HAL_SYSTICK_CLKSourceConfig)
    HAL_SYSTICK_Config                       0x08001f8d   Thumb Code    46  stm32l0xx_hal_cortex.o(i.HAL_SYSTICK_Config)
    HAL_UARTEx_WakeupCallback                0x08001fc5   Thumb Code     2  stm32l0xx_hal_uart_ex.o(i.HAL_UARTEx_WakeupCallback)
    HAL_UART_ErrorCallback                   0x08001fc9   Thumb Code    48  usart.o(i.HAL_UART_ErrorCallback)
    HAL_UART_IRQHandler                      0x08002011   Thumb Code   396  stm32l0xx_hal_uart.o(i.HAL_UART_IRQHandler)
    HAL_UART_Init                            0x080021a1   Thumb Code   130  stm32l0xx_hal_uart.o(i.HAL_UART_Init)
    HAL_UART_MspInit                         0x08002223   Thumb Code     2  stm32l0xx_hal_uart.o(i.HAL_UART_MspInit)
    HAL_UART_Receive_IT                      0x08002225   Thumb Code   230  stm32l0xx_hal_uart.o(i.HAL_UART_Receive_IT)
    HAL_UART_RxCpltCallback                  0x08002311   Thumb Code    54  main.o(i.HAL_UART_RxCpltCallback)
    HAL_UART_Transmit                        0x08002359   Thumb Code   240  stm32l0xx_hal_uart.o(i.HAL_UART_Transmit)
    HardFault_Handler                        0x08002449   Thumb Code     4  stm32l0xx_it.o(i.HardFault_Handler)
    LED_OFF                                  0x080024f9   Thumb Code    50  led.o(i.LED_OFF)
    LED_ON                                   0x08002531   Thumb Code    50  led.o(i.LED_ON)
    Lora_Init                                0x08002601   Thumb Code    48  sx1276.o(i.Lora_Init)
    Lora_Send                                0x08002635   Thumb Code    50  lora_com.o(i.Lora_Send)
    NMI_Handler                              0x0800266d   Thumb Code     2  stm32l0xx_it.o(i.NMI_Handler)
    PendSV_Handler                           0x080026e9   Thumb Code     2  stm32l0xx_it.o(i.PendSV_Handler)
    RF_RECEIVE                               0x08002785   Thumb Code    56  sx1276.o(i.RF_RECEIVE)
    RF_SLEEP                                 0x080027c1   Thumb Code    40  sx1276.o(i.RF_SLEEP)
    RTC_Bcd2ToByte                           0x080027e9   Thumb Code    26  stm32l0xx_hal_rtc.o(i.RTC_Bcd2ToByte)
    RTC_ByteToBcd2                           0x08002803   Thumb Code    26  stm32l0xx_hal_rtc.o(i.RTC_ByteToBcd2)
    RTC_EnterInitMode                        0x0800281d   Thumb Code    66  stm32l0xx_hal_rtc.o(i.RTC_EnterInitMode)
    RTC_IRQHandler                           0x08002861   Thumb Code    10  rtc_alarm.o(i.RTC_IRQHandler)
    SPIx_Error                               0x08002989   Thumb Code    14  spi.o(i.SPIx_Error)
    SPIx_Init                                0x0800299d   Thumb Code    74  spi.o(i.SPIx_Init)
    SPIx_WriteReadData                       0x08002a8d   Thumb Code    40  spi.o(i.SPIx_WriteReadData)
    SVC_Handler                              0x08002abd   Thumb Code     2  stm32l0xx_it.o(i.SVC_Handler)
    SX1276LoRaFsk                            0x08002b1d   Thumb Code    32  sx1276.o(i.SX1276LoRaFsk)
    SX1276LoRaSetErrorCoding                 0x08002b3d   Thumb Code    34  sx1276.o(i.SX1276LoRaSetErrorCoding)
    SX1276LoRaSetImplicitHeaderOn            0x08002b5f   Thumb Code    32  sx1276.o(i.SX1276LoRaSetImplicitHeaderOn)
    SX1276LoRaSetMobileNode                  0x08002b7f   Thumb Code    34  sx1276.o(i.SX1276LoRaSetMobileNode)
    SX1276LoRaSetNbTrigPeaks                 0x08002ba1   Thumb Code    32  sx1276.o(i.SX1276LoRaSetNbTrigPeaks)
    SX1276LoRaSetOpMode                      0x08002bc1   Thumb Code    32  sx1276.o(i.SX1276LoRaSetOpMode)
    SX1276LoRaSetPacketCrcOn                 0x08002be1   Thumb Code    34  sx1276.o(i.SX1276LoRaSetPacketCrcOn)
    SX1276LoRaSetPayloadLength               0x08002c03   Thumb Code    14  sx1276.o(i.SX1276LoRaSetPayloadLength)
    SX1276LoRaSetRFFrequency                 0x08002c11   Thumb Code    38  sx1276.o(i.SX1276LoRaSetRFFrequency)
    SX1276LoRaSetRFPower                     0x08002c3d   Thumb Code    24  sx1276.o(i.SX1276LoRaSetRFPower)
    SX1276LoRaSetSignalBandwidth             0x08002c59   Thumb Code    32  sx1276.o(i.SX1276LoRaSetSignalBandwidth)
    SX1276LoRaSetSpreadingFactor             0x08002c79   Thumb Code    38  sx1276.o(i.SX1276LoRaSetSpreadingFactor)
    SX1276LoRaSetSymbTimeout                 0x08002c9f   Thumb Code    68  sx1276.o(i.SX1276LoRaSetSymbTimeout)
    SX1276ReadBuffer                         0x08002ce5   Thumb Code    44  sx1276.o(i.SX1276ReadBuffer)
    SX1276Reset                              0x08002d15   Thumb Code    40  sx1276.o(i.SX1276Reset)
    SX1276WriteBuffer                        0x08002d41   Thumb Code    44  sx1276.o(i.SX1276WriteBuffer)
    SX1276_GetVersion                        0x08002d71   Thumb Code    14  sx1276.o(i.SX1276_GetVersion)
    SX1276_InitFailed                        0x08002d7f   Thumb Code     2  sx1276.o(i.SX1276_InitFailed)
    SX1276_InitSuccess                       0x08002d81   Thumb Code     2  sx1276.o(i.SX1276_InitSuccess)
    SX1276_LoRa_SetDataRate                  0x08002d85   Thumb Code   184  sx1276.o(i.SX1276_LoRa_SetDataRate)
    SX1278_Interupt                          0x08002e41   Thumb Code   178  sx1276.o(i.SX1278_Interupt)
    Schd_After                               0x08002f01   Thumb Code    88  schd.o(i.Schd_After)
    Schd_After_Int                           0x08002f61   Thumb Code    38  schd.o(i.Schd_After_Int)
    Schd_Run                                 0x08002f89   Thumb Code   204  schd.o(i.Schd_Run)
    SysTick_Handler                          0x0800305d   Thumb Code    26  globalvar.o(i.SysTick_Handler)
    SystemInit                               0x08003139   Thumb Code    88  system_stm32l0xx.o(i.SystemInit)
    UART_AdvFeatureConfig                    0x080031a1   Thumb Code   240  stm32l0xx_hal_uart.o(i.UART_AdvFeatureConfig)
    UART_CheckIdleState                      0x08003291   Thumb Code   112  stm32l0xx_hal_uart.o(i.UART_CheckIdleState)
    UART_SendMsg                             0x080033d5   Thumb Code    50  usart.o(i.UART_SendMsg)
    UART_SetConfig                           0x08003419   Thumb Code   690  stm32l0xx_hal_uart.o(i.UART_SetConfig)
    UART_WaitOnFlagUntilTimeout              0x080036ed   Thumb Code   112  stm32l0xx_hal_uart.o(i.UART_WaitOnFlagUntilTimeout)
    USART1_IRQHandler                        0x0800375d   Thumb Code    10  usart.o(i.USART1_IRQHandler)
    USART2_IRQHandler                        0x0800376d   Thumb Code    10  usart.o(i.USART2_IRQHandler)
    USARTConfig                              0x0800377d   Thumb Code   354  usart.o(i.USARTConfig)
    __ARM_common_ll_muluu                    0x080038fd   Thumb Code    48  stm32l0xx_hal_uart.o(i.__ARM_common_ll_muluu)
    __ARM_common_switch8                     0x0800392d   Thumb Code    28  process.o(i.__ARM_common_switch8)
    __scatterload_copy                       0x08003949   Thumb Code    14  handlers.o(i.__scatterload_copy)
    __scatterload_null                       0x08003957   Thumb Code     2  handlers.o(i.__scatterload_null)
    __scatterload_zeroinit                   0x08003959   Thumb Code    14  handlers.o(i.__scatterload_zeroinit)
    ack_flag                                 0x08003969   Thumb Code     6  lora_com.o(i.ack_flag)
    addRecord                                0x08003975   Thumb Code   118  process.o(i.addRecord)
    calDateTime                              0x080039f1   Thumb Code   108  rtc_alarm.o(i.calDateTime)
    clear_ack_flag                           0x08003a65   Thumb Code     8  lora_com.o(i.clear_ack_flag)
    clear_tx_done_flag                       0x08003a71   Thumb Code     8  lora_com.o(i.clear_tx_done_flag)
    cmdSwitchEn                              0x08003a7d   Thumb Code    44  sx1276.o(i.cmdSwitchEn)
    cmdSwitchPA                              0x08003aad   Thumb Code    64  sx1276.o(i.cmdSwitchPA)
    copy_data_to_lora_txBuf                  0x08003af1   Thumb Code   194  main.o(i.copy_data_to_lora_txBuf)
    delAllRecord                             0x08003bc1   Thumb Code    42  process.o(i.delAllRecord)
    delLastRecord                            0x08003bf1   Thumb Code    52  process.o(i.delLastRecord)
    enable_doorBell                          0x08003c29   Thumb Code    34  temp.o(i.enable_doorBell)
    enter_StopMode                           0x08003c4d   Thumb Code    24  lowpower.o(i.enter_StopMode)
    enter_sleep                              0x08003c69   Thumb Code   262  main.o(i.enter_sleep)
    fingerSearchFrame                        0x08003d89   Thumb Code    54  finger.o(i.fingerSearchFrame)
    finger_OpSta                             0x08003dc1   Thumb Code   168  process.o(i.finger_OpSta)
    finger_callBack                          0x08003e79   Thumb Code   228  process.o(i.finger_callBack)
    finger_cmd_wait_timeOut                  0x08003f6d   Thumb Code    38  finger.o(i.finger_cmd_wait_timeOut)
    finger_cmd_wait_time_update              0x08003f99   Thumb Code    12  finger.o(i.finger_cmd_wait_time_update)
    finger_processACK                        0x08003fd1   Thumb Code   270  finger.o(i.finger_processACK)
    finger_processCMD                        0x080040f5   Thumb Code     2  finger.o(i.finger_processCMD)
    finger_processDATA                       0x080040f9   Thumb Code    82  finger.o(i.finger_processDATA)
    finger_processEND                        0x0800415d   Thumb Code    70  finger.o(i.finger_processEND)
    gpio_reInit_before_stop                  0x080041fd   Thumb Code   186  lowpower.o(i.gpio_reInit_before_stop)
    init_PowerControl_Configuration          0x08004309   Thumb Code    78  lowpower.o(i.init_PowerControl_Configuration)
    init_RTC                                 0x0800435d   Thumb Code   196  rtc_alarm.o(i.init_RTC)
    init_finger_touch_int                    0x0800442d   Thumb Code    78  finger.o(i.init_finger_touch_int)
    init_led                                 0x08004485   Thumb Code    26  led.o(i.init_led)
    init_lock_com                            0x080044a5   Thumb Code    34  lock.o(i.init_lock_com)
    init_lora_txDataBuf                      0x080044cd   Thumb Code    68  lora_com.o(i.init_lora_txDataBuf)
    isEmptyRecord                            0x08004579   Thumb Code    34  process.o(i.isEmptyRecord)
    is_txBuf_empty                           0x080045a1   Thumb Code    40  lora_com.o(i.is_txBuf_empty)
    local_ticktime                           0x080045c9   Thumb Code     6  globalvar.o(i.local_ticktime)
    lock_cmd_timeout_callback                0x08004605   Thumb Code   104  process.o(i.lock_cmd_timeout_callback)
    lock_rx_check                            0x08004675   Thumb Code   146  process.o(i.lock_rx_check)
    lora_RWByte                              0x08004707   Thumb Code    20  sx1276.o(i.lora_RWByte)
    lora_com_fsm                             0x0800471d   Thumb Code   280  lora_com.o(i.lora_com_fsm)
    main                                     0x08004849   Thumb Code   454  main.o(i.main)
    next_op                                  0x08004a39   Thumb Code   166  process.o(i.next_op)
    powerOff_LoRa                            0x08004ae9   Thumb Code    22  lowpower.o(i.powerOff_LoRa)
    powerOff_finger                          0x08004b05   Thumb Code    22  lowpower.o(i.powerOff_finger)
    powerOn_LoRa                             0x08004b21   Thumb Code    22  lowpower.o(i.powerOn_LoRa)
    powerOn_finger                           0x08004b3d   Thumb Code    22  lowpower.o(i.powerOn_finger)
    process_fingerRxBuffer                   0x08004b59   Thumb Code   392  process.o(i.process_fingerRxBuffer)
    process_lockUnitRxBuffer                 0x08004cf5   Thumb Code   960  process.o(i.process_lockUnitRxBuffer)
    process_serverRxBuffer                   0x080050e5   Thumb Code   298  process.o(i.process_serverRxBuffer)
    register_rf_func                         0x0800522d   Thumb Code    50  sx1276.o(i.register_rf_func)
    remove_datas_from_txBuf                  0x08005265   Thumb Code    22  lora_com.o(i.remove_datas_from_txBuf)
    sendCmd_deletChar                        0x0800527d   Thumb Code    50  finger.o(i.sendCmd_deletChar)
    sendCmd_downChar                         0x080052b9   Thumb Code    36  finger.o(i.sendCmd_downChar)
    sendCmd_empty                            0x080052e5   Thumb Code    30  finger.o(i.sendCmd_empty)
    sendCmd_genChar                          0x0800530d   Thumb Code    36  finger.o(i.sendCmd_genChar)
    sendCmd_getImg                           0x08005339   Thumb Code    28  finger.o(i.sendCmd_getImg)
    sendCmd_search                           0x0800535d   Thumb Code    54  finger.o(i.sendCmd_search)
    sendCmd_store                            0x0800539d   Thumb Code    44  finger.o(i.sendCmd_store)
    sendData_downchar                        0x080053d1   Thumb Code    84  finger.o(i.sendData_downchar)
    sendToServer                             0x08005425   Thumb Code   114  main.o(i.sendToServer)
    send_cmd_to_lock                         0x08005499   Thumb Code   144  lock.o(i.send_cmd_to_lock)
    send_to_finger                           0x0800552d   Thumb Code   150  finger.o(i.send_to_finger)
    serverUpdateNode                         0x080055cd   Thumb Code   654  process.o(i.serverUpdateNode)
    setAlarm                                 0x08005879   Thumb Code    70  rtc_alarm.o(i.setAlarm)
    set_ack_flag                             0x080058c5   Thumb Code     8  lora_com.o(i.set_ack_flag)
    set_tx_done_flag                         0x080058d1   Thumb Code     8  lora_com.o(i.set_tx_done_flag)
    sys_fsm                                  0x08005905   Thumb Code    34  main.o(i.sys_fsm)
    timeout                                  0x0800592d   Thumb Code    20  globalvar.o(i.timeout)
    tx_done_flag                             0x08005945   Thumb Code     6  lora_com.o(i.tx_done_flag)
    update_sysIdle_tick                      0x08005951   Thumb Code    16  main.o(i.update_sysIdle_tick)
    usart2_rx_enbale_int                     0x08005965   Thumb Code    80  lock.o(i.usart2_rx_enbale_int)
    usart2_tx_AFGPIO_init                    0x080059bd   Thumb Code    38  usart.o(i.usart2_tx_AFGPIO_init)
    usart2_tx_gpio_init                      0x080059e3   Thumb Code    32  lock.o(i.usart2_tx_gpio_init)
    write_datas_to_txBuf                     0x08005a03   Thumb Code    88  lora_com.o(i.write_datas_to_txBuf)
    AHBPrescTable                            0x08005a64   Data          16  system_stm32l0xx.o(.constdata)
    APBPrescTable                            0x08005a74   Data           8  system_stm32l0xx.o(.constdata)
    PLLMulTable                              0x08005a7c   Data           9  system_stm32l0xx.o(.constdata)
    power_data                               0x08005ae4   Data           8  sx1276.o(.constdata)
    Region$$Table$$Base                      0x08005b74   Number         0  anon$$obj.o(Region$$Table)
    Region$$Table$$Limit                     0x08005b94   Number         0  anon$$obj.o(Region$$Table)
    bell_update                              0x20000000   Data           1  main.o(.data)
    alarm_valid                              0x20000001   Data           1  main.o(.data)
    SystemCoreClock                          0x20000008   Data           4  system_stm32l0xx.o(.data)
    openLockType                             0x2000000c   Data           1  process.o(.data)
    openLockTime                             0x2000000d   Data           5  process.o(.data)
    lora_fsm                                 0x20000012   Data           1  lora_com.o(.data)
    uwTick                                   0x20000014   Data           4  stm32l0xx_hal.o(.data)
    _schd_last_microsecond                   0x20000018   Data           4  schd.o(.data)
    _localTimeTick_ms                        0x2000001c   Data           4  globalvar.o(.data)
    finger_fsm                               0x20000020   Data           2  finger.o(.data)
    finger_com                               0x20000024   Data           8  finger.o(.data)
    finger_lib                               0x2000002c   Data           2  finger.o(.data)
    lockUnit                                 0x20000030   Data           8  lock.o(.data)
    SpixTimeout                              0x20000038   Data           4  spi.o(.data)
    usart1_rx_flag                           0x2000003c   Data           8  usart.o(.data)
    usart2_rx_flag                           0x20000044   Data           8  usart.o(.data)
    power                                    0x2000004c   Data          24  lowpower.o(.data)
    sys_para                                 0x20000068   Data          16  main.o(.bss)
    user_mag                                 0x20000078   Data          26  main.o(.bss)
    record                                   0x20000092   Data         140  process.o(.bss)
    lora_txBuf                               0x20000120   Data         516  lora_com.o(.bss)
    lora_data                                0x20000324   Data         259  lora_com.o(.bss)
    _schd_items                              0x20000428   Data        1280  schd.o(.bss)
    up_download_finger                       0x20000928   Data         784  finger.o(.bss)
    finger                                   0x20000c38   Data         154  finger.o(.bss)
    lock_com                                 0x20000cd4   Data          40  lock.o(.bss)
    _leds_defines                            0x20000cfc   Data          24  led.o(.bss)
    hnucleo_Spi                              0x20000d14   Data          88  spi.o(.bss)
    lpTypefunc                               0x20000d6c   Data          16  sx1276.o(.bss)
    UartHandle2                              0x20000d7c   Data         112  usart.o(.bss)
    UartHandle1                              0x20000dec   Data         112  usart.o(.bss)
    UART2_RxBuffer                           0x20000e5c   Data          60  usart.o(.bss)
    UART2_TxBuffer                           0x20000e98   Data          60  usart.o(.bss)
    UART1_RxBuffer                           0x20000ed4   Data         900  usart.o(.bss)
    UART1_TxBuffer                           0x20001258   Data         150  usart.o(.bss)
    hrtc                                     0x200012f0   Data          36  rtc_alarm.o(.bss)
    __initial_sp                             0x20001d18   Data           0  startup_stm32l051xx.o(STACK)



==============================================================================

Memory Map of the image

  Image Entry point : 0x080000c1

  Load Region LR_IROM1 (Base: 0x08000000, Size: 0x00005bfc, Max: 0x00010000, ABSOLUTE)

    Execution Region ER_IROM1 (Base: 0x08000000, Size: 0x00005b94, Max: 0x00010000, ABSOLUTE)

    Base Addr    Size         Type   Attr      Idx    E Section Name        Object

    0x08000000   0x000000c0   Data   RO            3    RESET               startup_stm32l051xx.o
    0x080000c0   0x00000000   Code   RO         3185  * .ARM.Collect$$$$00000000  mc_p.l(entry.o)
    0x080000c0   0x00000004   Code   RO         3207    .ARM.Collect$$$$00000001  mc_p.l(entry2.o)
    0x080000c4   0x00000004   Code   RO         3210    .ARM.Collect$$$$00000004  mc_p.l(entry5.o)
    0x080000c8   0x00000000   Code   RO         3212    .ARM.Collect$$$$00000008  mc_p.l(entry7b.o)
    0x080000c8   0x00000000   Code   RO         3214    .ARM.Collect$$$$0000000A  mc_p.l(entry8b.o)
    0x080000c8   0x00000008   Code   RO         3215    .ARM.Collect$$$$0000000B  mc_p.l(entry9a.o)
    0x080000d0   0x00000000   Code   RO         3217    .ARM.Collect$$$$0000000D  mc_p.l(entry10a.o)
    0x080000d0   0x00000000   Code   RO         3219    .ARM.Collect$$$$0000000F  mc_p.l(entry11a.o)
    0x080000d0   0x00000004   Code   RO         3208    .ARM.Collect$$$$00002712  mc_p.l(entry2.o)
    0x080000d4   0x0000001c   Code   RO            4    .text               startup_stm32l051xx.o
    0x080000f0   0x0000002c   Code   RO         3188    .text               mc_p.l(uidiv.o)
    0x0800011c   0x00000028   Code   RO         3190    .text               mc_p.l(idiv.o)
    0x08000144   0x00000060   Code   RO         3192    .text               mc_p.l(uldiv.o)
    0x080001a4   0x00000024   Code   RO         3194    .text               mc_p.l(rand.o)
    0x080001c8   0x00000040   Code   RO         3199    .text               mc_p.l(memmovea.o)
    0x08000208   0x00000024   Code   RO         3201    .text               mc_p.l(memseta.o)
    0x0800022c   0x00000020   Code   RO         3221    .text               mc_p.l(llshl.o)
    0x0800024c   0x00000022   Code   RO         3223    .text               mc_p.l(llushr.o)
    0x0800026e   0x00000002   PAD
    0x08000270   0x00000024   Code   RO         3225    .text               mc_p.l(init.o)
    0x08000294   0x0000001a   Code   RO         2716    i.Delay1s           sx1276.o
    0x080002ae   0x00000002   PAD
    0x080002b0   0x00000014   Code   RO         2575    i.Delay_1ms         delay.o
    0x080002c4   0x00000016   Code   RO         2577    i.Delay_nms         delay.o
    0x080002da   0x0000000a   Code   RO          319    i.EXTI0_1_IRQHandler  stm32l0xx_it.o
    0x080002e4   0x0000000a   Code   RO          320    i.EXTI2_3_IRQHandler  stm32l0xx_it.o
    0x080002ee   0x0000000c   Code   RO          321    i.EXTI4_15_IRQHandler  stm32l0xx_it.o
    0x080002fa   0x00000002   PAD
    0x080002fc   0x00000088   Code   RO         2717    i.FUN_RF_SENDPACKET  sx1276.o
    0x08000384   0x00000024   Code   RO           12    i.GetLockCode       main.o
    0x080003a8   0x000000b4   Code   RO         1860    i.HAL_DMA_Abort_IT  stm32l0xx_hal_dma.o
    0x0800045c   0x0000003c   Code   RO           13    i.HAL_GPIO_EXTI_Callback  main.o
    0x08000498   0x00000020   Code   RO          908    i.HAL_GPIO_EXTI_IRQHandler  stm32l0xx_hal_gpio.o
    0x080004b8   0x000001ec   Code   RO          909    i.HAL_GPIO_Init     stm32l0xx_hal_gpio.o
    0x080006a4   0x0000000c   Code   RO          913    i.HAL_GPIO_WritePin  stm32l0xx_hal_gpio.o
    0x080006b0   0x0000000c   Code   RO          652    i.HAL_GetTick       stm32l0xx_hal.o
    0x080006bc   0x00000010   Code   RO          653    i.HAL_IncTick       stm32l0xx_hal.o
    0x080006cc   0x0000002c   Code   RO          654    i.HAL_Init          stm32l0xx_hal.o
    0x080006f8   0x00000028   Code   RO          655    i.HAL_InitTick      stm32l0xx_hal.o
    0x08000720   0x00000002   Code   RO          657    i.HAL_MspInit       stm32l0xx_hal.o
    0x08000722   0x00000002   PAD
    0x08000724   0x00000018   Code   RO          808    i.HAL_NVIC_DisableIRQ  stm32l0xx_hal_cortex.o
    0x0800073c   0x00000018   Code   RO          809    i.HAL_NVIC_EnableIRQ  stm32l0xx_hal_cortex.o
    0x08000754   0x00000012   Code   RO          813    i.HAL_NVIC_SetPriority  stm32l0xx_hal_cortex.o
    0x08000766   0x00000002   PAD
    0x08000768   0x00000060   Code   RO         1008    i.HAL_PWR_EnterSTOPMode  stm32l0xx_hal_pwr.o
    0x080007c8   0x00000230   Code   RO         3132    i.HAL_RCCEx_PeriphCLKConfig  stm32l0xx_hal_rcc_ex.o
    0x080009f8   0x000001f8   Code   RO         1111    i.HAL_RCC_ClockConfig  stm32l0xx_hal_rcc.o
    0x08000bf0   0x0000008c   Code   RO         1112    i.HAL_RCC_DeInit    stm32l0xx_hal_rcc.o
    0x08000c7c   0x0000000c   Code   RO         1115    i.HAL_RCC_GetHCLKFreq  stm32l0xx_hal_rcc.o
    0x08000c88   0x00000024   Code   RO         1117    i.HAL_RCC_GetPCLK1Freq  stm32l0xx_hal_rcc.o
    0x08000cac   0x00000024   Code   RO         1118    i.HAL_RCC_GetPCLK2Freq  stm32l0xx_hal_rcc.o
    0x08000cd0   0x000000e4   Code   RO         1119    i.HAL_RCC_GetSysClockFreq  stm32l0xx_hal_rcc.o
    0x08000db4   0x00000620   Code   RO         1122    i.HAL_RCC_OscConfig  stm32l0xx_hal_rcc.o
    0x080013d4   0x00000002   Code   RO         2071    i.HAL_RTCEx_AlarmBEventCallback  stm32l0xx_hal_rtc_ex.o
    0x080013d6   0x00000012   Code   RO         2072    i.HAL_RTCEx_BKUPRead  stm32l0xx_hal_rtc_ex.o
    0x080013e8   0x00000012   Code   RO         2073    i.HAL_RTCEx_BKUPWrite  stm32l0xx_hal_rtc_ex.o
    0x080013fa   0x00000002   PAD
    0x080013fc   0x00000078   Code   RO         3058    i.HAL_RTC_AlarmAEventCallback  rtc_alarm.o
    0x08001474   0x00000088   Code   RO         1938    i.HAL_RTC_AlarmIRQHandler  stm32l0xx_hal_rtc.o
    0x080014fc   0x000000c8   Code   RO         1945    i.HAL_RTC_Init      stm32l0xx_hal_rtc.o
    0x080015c4   0x00000034   Code   RO         3060    i.HAL_RTC_MspInit   rtc_alarm.o
    0x080015f8   0x0000025c   Code   RO         1950    i.HAL_RTC_SetAlarm_IT  stm32l0xx_hal_rtc.o
    0x08001854   0x00000130   Code   RO         1951    i.HAL_RTC_SetDate   stm32l0xx_hal_rtc.o
    0x08001984   0x00000154   Code   RO         1952    i.HAL_RTC_SetTime   stm32l0xx_hal_rtc.o
    0x08001ad8   0x0000003c   Code   RO         1953    i.HAL_RTC_WaitForSynchro  stm32l0xx_hal_rtc.o
    0x08001b14   0x0000003a   Code   RO         1210    i.HAL_SPI_DeInit    stm32l0xx_hal_spi.o
    0x08001b4e   0x00000008   Code   RO         1213    i.HAL_SPI_GetState  stm32l0xx_hal_spi.o
    0x08001b56   0x0000008e   Code   RO         1215    i.HAL_SPI_Init      stm32l0xx_hal_spi.o
    0x08001be4   0x00000002   Code   RO         1216    i.HAL_SPI_MspDeInit  stm32l0xx_hal_spi.o
    0x08001be6   0x00000002   Code   RO         1217    i.HAL_SPI_MspInit   stm32l0xx_hal_spi.o
    0x08001be8   0x0000037e   Code   RO         1224    i.HAL_SPI_TransmitReceive  stm32l0xx_hal_spi.o
    0x08001f66   0x00000002   PAD
    0x08001f68   0x00000024   Code   RO          815    i.HAL_SYSTICK_CLKSourceConfig  stm32l0xx_hal_cortex.o
    0x08001f8c   0x00000038   Code   RO          817    i.HAL_SYSTICK_Config  stm32l0xx_hal_cortex.o
    0x08001fc4   0x00000002   Code   RO         1798    i.HAL_UARTEx_WakeupCallback  stm32l0xx_hal_uart_ex.o
    0x08001fc6   0x00000002   PAD
    0x08001fc8   0x00000048   Code   RO         2939    i.HAL_UART_ErrorCallback  usart.o
    0x08002010   0x00000190   Code   RO         1467    i.HAL_UART_IRQHandler  stm32l0xx_hal_uart.o
    0x080021a0   0x00000082   Code   RO         1468    i.HAL_UART_Init     stm32l0xx_hal_uart.o
    0x08002222   0x00000002   Code   RO         1470    i.HAL_UART_MspInit  stm32l0xx_hal_uart.o
    0x08002224   0x000000ec   Code   RO         1473    i.HAL_UART_Receive_IT  stm32l0xx_hal_uart.o
    0x08002310   0x00000048   Code   RO           14    i.HAL_UART_RxCpltCallback  main.o
    0x08002358   0x000000f0   Code   RO         1476    i.HAL_UART_Transmit  stm32l0xx_hal_uart.o
    0x08002448   0x00000004   Code   RO          322    i.HardFault_Handler  stm32l0xx_it.o
    0x0800244c   0x000000ac   Code   RO         2616    i.LED_Configuration  led.o
    0x080024f8   0x00000038   Code   RO         2617    i.LED_OFF           led.o
    0x08002530   0x00000038   Code   RO         2618    i.LED_ON            led.o
    0x08002568   0x00000098   Code   RO         2718    i.Lora_GPIO_Config  sx1276.o
    0x08002600   0x00000034   Code   RO         2719    i.Lora_Init         sx1276.o
    0x08002634   0x00000038   Code   RO          539    i.Lora_Send         lora_com.o
    0x0800266c   0x00000002   Code   RO          323    i.NMI_Handler       stm32l0xx_it.o
    0x0800266e   0x00000002   PAD
    0x08002670   0x00000078   Code   RO          819    i.NVIC_SetPriority  stm32l0xx_hal_cortex.o
    0x080026e8   0x00000002   Code   RO          324    i.PendSV_Handler    stm32l0xx_it.o
    0x080026ea   0x00000002   PAD
    0x080026ec   0x00000098   Code   RO         1123    i.RCC_SetFlashLatencyFromMSIRange  stm32l0xx_hal_rcc.o
    0x08002784   0x0000003c   Code   RO         2721    i.RF_RECEIVE        sx1276.o
    0x080027c0   0x00000028   Code   RO         2722    i.RF_SLEEP          sx1276.o
    0x080027e8   0x0000001a   Code   RO         1954    i.RTC_Bcd2ToByte    stm32l0xx_hal_rtc.o
    0x08002802   0x0000001a   Code   RO         1955    i.RTC_ByteToBcd2    stm32l0xx_hal_rtc.o
    0x0800281c   0x00000042   Code   RO         1956    i.RTC_EnterInitMode  stm32l0xx_hal_rtc.o
    0x0800285e   0x00000002   PAD
    0x08002860   0x00000010   Code   RO         3061    i.RTC_IRQHandler    rtc_alarm.o
    0x08002870   0x00000118   Code   RO         1245    i.SPI_WaitOnFlagUntilTimeout  stm32l0xx_hal_spi.o
    0x08002988   0x00000014   Code   RO         2663    i.SPIx_Error        spi.o
    0x0800299c   0x00000054   Code   RO         2664    i.SPIx_Init         spi.o
    0x080029f0   0x0000009c   Code   RO         2665    i.SPIx_MspInit      spi.o
    0x08002a8c   0x00000030   Code   RO         2668    i.SPIx_WriteReadData  spi.o
    0x08002abc   0x00000002   Code   RO          325    i.SVC_Handler       stm32l0xx_it.o
    0x08002abe   0x00000002   PAD
    0x08002ac0   0x0000005c   Code   RO         2723    i.SX1276LORA_INT    sx1276.o
    0x08002b1c   0x00000020   Code   RO         2724    i.SX1276LoRaFsk     sx1276.o
    0x08002b3c   0x00000022   Code   RO         2725    i.SX1276LoRaSetErrorCoding  sx1276.o
    0x08002b5e   0x00000020   Code   RO         2726    i.SX1276LoRaSetImplicitHeaderOn  sx1276.o
    0x08002b7e   0x00000022   Code   RO         2727    i.SX1276LoRaSetMobileNode  sx1276.o
    0x08002ba0   0x00000020   Code   RO         2728    i.SX1276LoRaSetNbTrigPeaks  sx1276.o
    0x08002bc0   0x00000020   Code   RO         2729    i.SX1276LoRaSetOpMode  sx1276.o
    0x08002be0   0x00000022   Code   RO         2730    i.SX1276LoRaSetPacketCrcOn  sx1276.o
    0x08002c02   0x0000000e   Code   RO         2731    i.SX1276LoRaSetPayloadLength  sx1276.o
    0x08002c10   0x0000002c   Code   RO         2733    i.SX1276LoRaSetRFFrequency  sx1276.o
    0x08002c3c   0x0000001c   Code   RO         2734    i.SX1276LoRaSetRFPower  sx1276.o
    0x08002c58   0x00000020   Code   RO         2735    i.SX1276LoRaSetSignalBandwidth  sx1276.o
    0x08002c78   0x00000026   Code   RO         2736    i.SX1276LoRaSetSpreadingFactor  sx1276.o
    0x08002c9e   0x00000044   Code   RO         2737    i.SX1276LoRaSetSymbTimeout  sx1276.o
    0x08002ce2   0x00000002   PAD
    0x08002ce4   0x00000030   Code   RO         2738    i.SX1276ReadBuffer  sx1276.o
    0x08002d14   0x0000002c   Code   RO         2739    i.SX1276Reset       sx1276.o
    0x08002d40   0x00000030   Code   RO         2740    i.SX1276WriteBuffer  sx1276.o
    0x08002d70   0x0000000e   Code   RO         2741    i.SX1276_GetVersion  sx1276.o
    0x08002d7e   0x00000002   Code   RO         2742    i.SX1276_InitFailed  sx1276.o
    0x08002d80   0x00000002   Code   RO         2743    i.SX1276_InitSuccess  sx1276.o
    0x08002d82   0x00000002   PAD
    0x08002d84   0x000000bc   Code   RO         2744    i.SX1276_LoRa_SetDataRate  sx1276.o
    0x08002e40   0x000000c0   Code   RO         2745    i.SX1278_Interupt   sx1276.o
    0x08002f00   0x00000060   Code   RO         2281    i.Schd_After        schd.o
    0x08002f60   0x00000026   Code   RO         2282    i.Schd_After_Int    schd.o
    0x08002f86   0x00000002   PAD
    0x08002f88   0x000000d4   Code   RO         2283    i.Schd_Run          schd.o
    0x0800305c   0x00000020   Code   RO         2311    i.SysTick_Handler   globalvar.o
    0x0800307c   0x000000bc   Code   RO           15    i.SystemClock_Config  main.o
    0x08003138   0x00000068   Code   RO          268    i.SystemInit        system_stm32l0xx.o
    0x080031a0   0x000000f0   Code   RO         1481    i.UART_AdvFeatureConfig  stm32l0xx_hal_uart.o
    0x08003290   0x00000074   Code   RO         1482    i.UART_CheckIdleState  stm32l0xx_hal_uart.o
    0x08003304   0x00000018   Code   RO         1483    i.UART_DMAAbortOnError  stm32l0xx_hal_uart.o
    0x0800331c   0x00000022   Code   RO         1493    i.UART_EndRxTransfer  stm32l0xx_hal_uart.o
    0x0800333e   0x00000096   Code   RO         1496    i.UART_Receive_IT   stm32l0xx_hal_uart.o
    0x080033d4   0x00000044   Code   RO         2940    i.UART_SendMsg      usart.o
    0x08003418   0x000002d4   Code   RO         1497    i.UART_SetConfig    stm32l0xx_hal_uart.o
    0x080036ec   0x00000070   Code   RO         1499    i.UART_WaitOnFlagUntilTimeout  stm32l0xx_hal_uart.o
    0x0800375c   0x00000010   Code   RO         2941    i.USART1_IRQHandler  usart.o
    0x0800376c   0x00000010   Code   RO         2942    i.USART2_IRQHandler  usart.o
    0x0800377c   0x00000180   Code   RO         2943    i.USARTConfig       usart.o
    0x080038fc   0x00000030   Code   RO         1784    i.__ARM_common_ll_muluu  stm32l0xx_hal_uart.o
    0x0800392c   0x0000001c   Code   RO          525    i.__ARM_common_switch8  process.o
    0x08003948   0x0000000e   Code   RO         3229    i.__scatterload_copy  mc_p.l(handlers.o)
    0x08003956   0x00000002   Code   RO         3230    i.__scatterload_null  mc_p.l(handlers.o)
    0x08003958   0x0000000e   Code   RO         3231    i.__scatterload_zeroinit  mc_p.l(handlers.o)
    0x08003966   0x00000002   PAD
    0x08003968   0x0000000c   Code   RO          540    i.ack_flag          lora_com.o
    0x08003974   0x0000007c   Code   RO          416    i.addRecord         process.o
    0x080039f0   0x00000074   Code   RO         3062    i.calDateTime       rtc_alarm.o
    0x08003a64   0x0000000c   Code   RO          541    i.clear_ack_flag    lora_com.o
    0x08003a70   0x0000000c   Code   RO          542    i.clear_tx_done_flag  lora_com.o
    0x08003a7c   0x00000030   Code   RO         2746    i.cmdSwitchEn       sx1276.o
    0x08003aac   0x00000044   Code   RO         2747    i.cmdSwitchPA       sx1276.o
    0x08003af0   0x000000d0   Code   RO           16    i.copy_data_to_lora_txBuf  main.o
    0x08003bc0   0x00000030   Code   RO          417    i.delAllRecord      process.o
    0x08003bf0   0x00000038   Code   RO          419    i.delLastRecord     process.o
    0x08003c28   0x00000022   Code   RO          383    i.enable_doorBell   temp.o
    0x08003c4a   0x00000002   PAD
    0x08003c4c   0x0000001c   Code   RO         2996    i.enter_StopMode    lowpower.o
    0x08003c68   0x00000120   Code   RO           17    i.enter_sleep       main.o
    0x08003d88   0x00000036   Code   RO         2358    i.fingerSearchFrame  finger.o
    0x08003dbe   0x00000002   PAD
    0x08003dc0   0x000000b8   Code   RO          420    i.finger_OpSta      process.o
    0x08003e78   0x000000f4   Code   RO          421    i.finger_callBack   process.o
    0x08003f6c   0x0000002c   Code   RO         2359    i.finger_cmd_wait_timeOut  finger.o
    0x08003f98   0x00000010   Code   RO         2360    i.finger_cmd_wait_time_update  finger.o
    0x08003fa8   0x00000026   Code   RO          422    i.finger_powerOn_ack  process.o
    0x08003fce   0x00000002   PAD
    0x08003fd0   0x00000124   Code   RO         2361    i.finger_processACK  finger.o
    0x080040f4   0x00000002   Code   RO         2362    i.finger_processCMD  finger.o
    0x080040f6   0x00000002   PAD
    0x080040f8   0x00000064   Code   RO         2363    i.finger_processDATA  finger.o
    0x0800415c   0x00000054   Code   RO         2364    i.finger_processEND  finger.o
    0x080041b0   0x0000004c   Code   RO           18    i.flash_running_led  main.o
    0x080041fc   0x000000d0   Code   RO         2997    i.gpio_reInit_before_stop  lowpower.o
    0x080042cc   0x0000003c   Code   RO           19    i.initDrivers       main.o
    0x08004308   0x00000054   Code   RO         2998    i.init_PowerControl_Configuration  lowpower.o
    0x0800435c   0x000000d0   Code   RO         3063    i.init_RTC          rtc_alarm.o
    0x0800442c   0x00000058   Code   RO         2365    i.init_finger_touch_int  finger.o
    0x08004484   0x00000020   Code   RO         2620    i.init_led          led.o
    0x080044a4   0x00000028   Code   RO         2516    i.init_lock_com     lock.o
    0x080044cc   0x00000044   Code   RO          543    i.init_lora_txDataBuf  lora_com.o
    0x08004510   0x00000068   Code   RO           20    i.init_para_variables  main.o
    0x08004578   0x00000028   Code   RO          423    i.isEmptyRecord     process.o
    0x080045a0   0x00000028   Code   RO          544    i.is_txBuf_empty    lora_com.o
    0x080045c8   0x0000000c   Code   RO         2313    i.local_ticktime    globalvar.o
    0x080045d4   0x00000030   Code   RO         2517    i.lock_CMD_resend_setting  lock.o
    0x08004604   0x00000070   Code   RO          424    i.lock_cmd_timeout_callback  process.o
    0x08004674   0x00000092   Code   RO          425    i.lock_rx_check     process.o
    0x08004706   0x00000014   Code   RO         2748    i.lora_RWByte       sx1276.o
    0x0800471a   0x00000002   PAD
    0x0800471c   0x0000012c   Code   RO          545    i.lora_com_fsm      lora_com.o
    0x08004848   0x000001f0   Code   RO           21    i.main              main.o
    0x08004a38   0x000000b0   Code   RO          427    i.next_op           process.o
    0x08004ae8   0x0000001c   Code   RO         2999    i.powerOff_LoRa     lowpower.o
    0x08004b04   0x0000001c   Code   RO         3000    i.powerOff_finger   lowpower.o
    0x08004b20   0x0000001c   Code   RO         3001    i.powerOn_LoRa      lowpower.o
    0x08004b3c   0x0000001c   Code   RO         3002    i.powerOn_finger    lowpower.o
    0x08004b58   0x0000019c   Code   RO          428    i.process_fingerRxBuffer  process.o
    0x08004cf4   0x000003f0   Code   RO          429    i.process_lockUnitRxBuffer  process.o
    0x080050e4   0x00000148   Code   RO          430    i.process_serverRxBuffer  process.o
    0x0800522c   0x00000038   Code   RO         2749    i.register_rf_func  sx1276.o
    0x08005264   0x00000016   Code   RO          546    i.remove_datas_from_txBuf  lora_com.o
    0x0800527a   0x00000002   PAD
    0x0800527c   0x0000003c   Code   RO         2366    i.sendCmd_deletChar  finger.o
    0x080052b8   0x0000002c   Code   RO         2367    i.sendCmd_downChar  finger.o
    0x080052e4   0x00000028   Code   RO         2368    i.sendCmd_empty     finger.o
    0x0800530c   0x0000002c   Code   RO         2369    i.sendCmd_genChar   finger.o
    0x08005338   0x00000024   Code   RO         2370    i.sendCmd_getImg    finger.o
    0x0800535c   0x00000040   Code   RO         2374    i.sendCmd_search    finger.o
    0x0800539c   0x00000034   Code   RO         2375    i.sendCmd_store     finger.o
    0x080053d0   0x00000054   Code   RO         2378    i.sendData_downchar  finger.o
    0x08005424   0x00000072   Code   RO           22    i.sendToServer      main.o
    0x08005496   0x00000002   PAD
    0x08005498   0x00000094   Code   RO         2519    i.send_cmd_to_lock  lock.o
    0x0800552c   0x000000a0   Code   RO         2379    i.send_to_finger    finger.o
    0x080055cc   0x000002ac   Code   RO          431    i.serverUpdateNode  process.o
    0x08005878   0x0000004c   Code   RO         3064    i.setAlarm          rtc_alarm.o
    0x080058c4   0x0000000c   Code   RO          547    i.set_ack_flag      lora_com.o
    0x080058d0   0x0000000c   Code   RO          548    i.set_tx_done_flag  lora_com.o
    0x080058dc   0x00000028   Code   RO           23    i.sysIdle_timeout   main.o
    0x08005904   0x00000028   Code   RO           24    i.sys_fsm           main.o
    0x0800592c   0x00000018   Code   RO         2314    i.timeout           globalvar.o
    0x08005944   0x0000000c   Code   RO          549    i.tx_done_flag      lora_com.o
    0x08005950   0x00000014   Code   RO           25    i.update_sysIdle_tick  main.o
    0x08005964   0x00000058   Code   RO         2520    i.usart2_rx_enbale_int  lock.o
    0x080059bc   0x00000026   Code   RO         2944    i.usart2_tx_AFGPIO_init  usart.o
    0x080059e2   0x00000020   Code   RO         2521    i.usart2_tx_gpio_init  lock.o
    0x08005a02   0x00000058   Code   RO          550    i.write_datas_to_txBuf  lora_com.o
    0x08005a5a   0x00000002   PAD
    0x08005a5c   0x00000008   Data   RO           27    .constdata          main.o
    0x08005a64   0x00000021   Data   RO          269    .constdata          system_stm32l0xx.o
    0x08005a85   0x00000003   PAD
    0x08005a88   0x0000000a   Data   RO          433    .constdata          process.o
    0x08005a92   0x00000002   PAD
    0x08005a94   0x00000036   Data   RO         2381    .constdata          finger.o
    0x08005aca   0x00000002   PAD
    0x08005acc   0x00000018   Data   RO         2622    .constdata          led.o
    0x08005ae4   0x0000008c   Data   RO         2751    .constdata          sx1276.o
    0x08005b70   0x00000004   Data   RO         3066    .constdata          rtc_alarm.o
    0x08005b74   0x00000020   Data   RO         3227    Region$$Table       anon$$obj.o


    Execution Region RW_IRAM1 (Base: 0x20000000, Size: 0x00001d18, Max: 0x00002000, ABSOLUTE)

    Base Addr    Size         Type   Attr      Idx    E Section Name        Object

    0x20000000   0x00000008   Data   RW           28    .data               main.o
    0x20000008   0x00000004   Data   RW          270    .data               system_stm32l0xx.o
    0x2000000c   0x00000006   Data   RW          434    .data               process.o
    0x20000012   0x00000001   Data   RW          552    .data               lora_com.o
    0x20000013   0x00000001   PAD
    0x20000014   0x00000004   Data   RW          664    .data               stm32l0xx_hal.o
    0x20000018   0x00000004   Data   RW         2285    .data               schd.o
    0x2000001c   0x00000004   Data   RW         2316    .data               globalvar.o
    0x20000020   0x0000000e   Data   RW         2382    .data               finger.o
    0x2000002e   0x00000002   PAD
    0x20000030   0x00000008   Data   RW         2523    .data               lock.o
    0x20000038   0x00000004   Data   RW         2670    .data               spi.o
    0x2000003c   0x00000010   Data   RW         2946    .data               usart.o
    0x2000004c   0x00000018   Data   RW         3003    .data               lowpower.o
    0x20000064   0x00000004   Data   RW         3195    .data               mc_p.l(rand.o)
    0x20000068   0x0000002a   Zero   RW           26    .bss                main.o
    0x20000092   0x0000008c   Zero   RW          432    .bss                process.o
    0x2000011e   0x00000002   PAD
    0x20000120   0x00000307   Zero   RW          551    .bss                lora_com.o
    0x20000427   0x00000001   PAD
    0x20000428   0x00000500   Zero   RW         2284    .bss                schd.o
    0x20000928   0x000003aa   Zero   RW         2380    .bss                finger.o
    0x20000cd2   0x00000002   PAD
    0x20000cd4   0x00000028   Zero   RW         2522    .bss                lock.o
    0x20000cfc   0x00000018   Zero   RW         2621    .bss                led.o
    0x20000d14   0x00000058   Zero   RW         2669    .bss                spi.o
    0x20000d6c   0x00000010   Zero   RW         2750    .bss                sx1276.o
    0x20000d7c   0x00000572   Zero   RW         2945    .bss                usart.o
    0x200012ee   0x00000002   PAD
    0x200012f0   0x00000024   Zero   RW         3065    .bss                rtc_alarm.o
    0x20001314   0x00000004   PAD
    0x20001318   0x00000a00   Zero   RW            1    STACK               startup_stm32l051xx.o


==============================================================================

Image component sizes


      Code (inc. data)   RO Data    RW Data    ZI Data      Debug   Object Name

        42          6          0          0          0        884   delay.o
      1264        162         54         14        938      11874   finger.o
        68         16          0          4          0       1937   globalvar.o
       316         26         24          0         24       2782   led.o
       356         24          0          8         40       5928   lock.o
       646         54          0          1        775       7513   lora_com.o
       432         56          0         24          0       4375   lowpower.o
      1802        200          8          8         42     344866   main.o
      3628        232         10          6        140      10905   process.o
       588         52          4          0         36       4060   rtc_alarm.o
       346         16          0          4       1280       2514   schd.o
       308         28          0          4         88       2548   spi.o
        28          8        192          0       2560        644   startup_stm32l051xx.o
       114         18          0          4          0       3093   stm32l0xx_hal.o
       278         36          0          0          0      11449   stm32l0xx_hal_cortex.o
       180          6          0          0          0        963   stm32l0xx_hal_dma.o
       536         36          0          0          0       2547   stm32l0xx_hal_gpio.o
        96          8          0          0          0        604   stm32l0xx_hal_pwr.o
      2676        134          0          0          0       6605   stm32l0xx_hal_rcc.o
       560         14          0          0          0       1288   stm32l0xx_hal_rcc_ex.o
      1762         40          0          0          0       6418   stm32l0xx_hal_rtc.o
        38          0          0          0          0       1967   stm32l0xx_hal_rtc_ex.o
      1386          0          0          0          0       5031   stm32l0xx_hal_spi.o
      2456         48          0          0          0       8776   stm32l0xx_hal_uart.o
         2          0          0          0          0        784   stm32l0xx_hal_uart_ex.o
        42          0          0          0          0       2861   stm32l0xx_it.o
      1742         84        140          0         16      17856   sx1276.o
       104         16         33          4          0       1259   system_stm32l0xx.o
        34          0          0          0          0        478   temp.o
       594         84          0         16       1394       5454   usart.o

    ----------------------------------------------------------------------
     22468       1404        504        100       7344     478263   Object Totals
         0          0         32          0          0          0   (incl. Generated)
        44          0          7          3         11          0   (incl. Padding)

    ----------------------------------------------------------------------

      Code (inc. data)   RO Data    RW Data    ZI Data      Debug   Library Member Name

         0          0          0          0          0          0   entry.o
         0          0          0          0          0          0   entry10a.o
         0          0          0          0          0          0   entry11a.o
         8          4          0          0          0          0   entry2.o
         4          0          0          0          0          0   entry5.o
         0          0          0          0          0          0   entry7b.o
         0          0          0          0          0          0   entry8b.o
         8          4          0          0          0          0   entry9a.o
        30          0          0          0          0          0   handlers.o
        40          0          0          0          0         72   idiv.o
        36          8          0          0          0         68   init.o
        32          0          0          0          0         68   llshl.o
        34          0          0          0          0         68   llushr.o
        64          0          0          0          0         68   memmovea.o
        36          0          0          0          0        100   memseta.o
        36         12          0          4          0        120   rand.o
        44          0          0          0          0         72   uidiv.o
        96          0          0          0          0         84   uldiv.o

    ----------------------------------------------------------------------
       472         28          0          4          0        720   Library Totals
         4          0          0          0          0          0   (incl. Padding)

    ----------------------------------------------------------------------

      Code (inc. data)   RO Data    RW Data    ZI Data      Debug   Library Name

       468         28          0          4          0        720   mc_p.l

    ----------------------------------------------------------------------
       472         28          0          4          0        720   Library Totals

    ----------------------------------------------------------------------

==============================================================================


      Code (inc. data)   RO Data    RW Data    ZI Data      Debug   

     22940       1432        504        104       7344     470467   Grand Totals
     22940       1432        504        104       7344     470467   ELF Image Totals
     22940       1432        504        104          0          0   ROM Totals

==============================================================================

    Total RO  Size (Code + RO Data)                23444 (  22.89kB)
    Total RW  Size (RW Data + ZI Data)              7448 (   7.27kB)
    Total ROM Size (Code + RO Data + RW Data)      23548 (  23.00kB)

==============================================================================

